0.1.0.2 - - [17/Sep/2010:02:07:15 -0700] "POST /m/track/i HTTP/1.1" 200 124 "http://www.mopub-inc.com/m/ad?v=1&f=320x50&udid=94c8057daca7c16654b199fa0051a575c95b05f2&q=(null)&id=agltb3B1Yi1pbmNyDAsSBFNpdGUY2fgDDA" "AppEngine-Google; (+http://code.google.com/appengine)"
203.20.35.28 - - [17/Sep/2010:02:07:23 -0700] "GET /m/ad?v=1&f=320x50&udid=94c8057daca7c16654b199fa0051a575c95b05f2&q=(null)&id=agltb3B1Yi1pbmNyDAsSBFNpdGUY2fgDDA HTTP/1.1" 200 267 - "RadioNinja/1.1 CFNetwork/485.2 Darwin/10.3.1,gzip(gfe),gzip(gfe)"
0.1.0.2 - - [17/Sep/2010:02:07:24 -0700] "POST /m/track/i HTTP/1.1" 200 124 "http://www.mopub-inc.com/m/ad?v=1&f=320x50&udid=94c8057daca7c16654b199fa0051a575c95b05f2&q=(null)&id=agltb3B1Yi1pbmNyDAsSBFNpdGUY2fgDDA" "AppEngine-Google; (+http://code.google.com/appengine)"
203.20.35.28 - - [17/Sep/2010:02:07:28 -0700] "GET /m/ad?v=1&f=320x50&udid=94c8057daca7c16654b199fa0051a575c95b05f2&q=Metallica%20Metallica%20Enter%20Sandman&id=agltb3B1Yi1pbmNyDAsSBFNpdGUY2fgDDA HTTP/1.1" 200 267 - "RadioNinja/1.1 CFNetwork/485.2 Darwin/10.3.1,gzip(gfe),gzip(gfe)"
0.1.0.2 - - [17/Sep/2010:02:07:28 -0700] "POST /m/track/i HTTP/1.1" 200 124 "http://www.mopub-inc.com/m/ad?v=1&f=320x50&udid=94c8057daca7c16654b199fa0051a575c95b05f2&q=Metallica%20Metallica%20Enter%20Sandman&id=agltb3B1Yi1pbmNyDAsSBFNpdGUY2fgDDA" "AppEngine-Google; (+http://code.google.com/appengine)"
203.20.35.28 - - [17/Sep/2010:02:09:02 -0700] "GET /m/ad?v=1&f=320x50&udid=94c8057daca7c16654b199fa0051a575c95b05f2&q=Alice%20In%20Chains%20Black%20Gives%20Way%20to%20Blue%20Lesson%20Learned&id=agltb3B1Yi1pbmNyDAsSBFNpdGUY2fgDDA HTTP/1.1" 200 267 - "RadioNinja/1.1 CFNetwork/485.2 Darwin/10.3.1,gzip(gfe),gzip(gfe)"
0.1.0.2 - - [17/Sep/2010:02:09:02 -0700] "POST /m/track/i HTTP/1.1" 200 124 "http://www.mopub-inc.com/m/ad?v=1&f=320x50&udid=94c8057daca7c16654b199fa0051a575c95b05f2&q=Alice%20In%20Chains%20Black%20Gives%20Way%20to%20Blue%20Lesson%20Learned&id=agltb3B1Yi1pbmNyDAsSBFNpdGUY2fgDDA" "AppEngine-Google; (+http://code.google.com/appengine)"
88.6.169.218 - - [17/Sep/2010:02:09:10 -0700] "GET /m/ad?v=1&f=320x50&udid=86d31c6c6e85fd5c61a82a22719fa4e84f91d242&q=Coleman%20Hawkins%20&%20Milt%20Jackson%20Bean%20Bags%20Don\'t%20Take%20Your%20Love%20From%20Me&id=agltb3B1Yi1pbmNyDAsSBFNpdGUY2fgDDA HTTP/1.1" 200 267 - "RadioNinja/1.1 CFNetwork/485.10.2 Darwin/10.3.1,gzip(gfe),gzip(gfe)"
0.1.0.2 - - [17/Sep/2010:02:09:11 -0700] "POST /m/track/i HTTP/1.1" 200 124 "http://www.mopub-inc.com/m/ad?v=1&f=320x50&udid=86d31c6c6e85fd5c61a82a22719fa4e84f91d242&q=Coleman%20Hawkins%20&%20Milt%20Jackson%20Bean%20Bags%20Don\'t%20Take%20Your%20Love%20From%20Me&id=agltb3B1Yi1pbmNyDAsSBFNpdGUY2fgDDA" "AppEngine-Google; (+http://code.google.com/appengine)"
203.20.35.28 - - [17/Sep/2010:02:10:58 -0700] "GET /m/ad?v=1&f=320x50&udid=94c8057daca7c16654b199fa0051a575c95b05f2&q=(null)&id=agltb3B1Yi1pbmNyDAsSBFNpdGUY2fgDDA HTTP/1.1" 200 267 - "RadioNinja/1.1 CFNetwork/485.2 Darwin/10.3.1,gzip(gfe),gzip(gfe)"
0.1.0.2 - - [17/Sep/2010:02:10:59 -0700] "POST /m/track/i HTTP/1.1" 200 124 "http://www.mopub-inc.com/m/ad?v=1&f=320x50&udid=94c8057daca7c16654b199fa0051a575c95b05f2&q=(null)&id=agltb3B1Yi1pbmNyDAsSBFNpdGUY2fgDDA" "AppEngine-Google; (+http://code.google.com/appengine)"
203.20.35.28 - - [17/Sep/2010:02:11:05 -0700] "GET /m/ad?v=1&f=320x50&udid=94c8057daca7c16654b199fa0051a575c95b05f2&q=Ra%20Ra%20Riot%20The%20Rhumb%20Line%20Can%20You%20Tell&id=agltb3B1Yi1pbmNyDAsSBFNpdGUY2fgDDA HTTP/1.1" 200 267 - "RadioNinja/1.1 CFNetwork/485.2 Darwin/10.3.1,gzip(gfe),gzip(gfe)"
0.1.0.2 - - [17/Sep/2010:02:11:06 -0700] "POST /m/track/i HTTP/1.1" 200 124 "http://www.mopub-inc.com/m/ad?v=1&f=320x50&udid=94c8057daca7c16654b199fa0051a575c95b05f2&q=Ra%20Ra%20Riot%20The%20Rhumb%20Line%20Can%20You%20Tell&id=agltb3B1Yi1pbmNyDAsSBFNpdGUY2fgDDA" "AppEngine-Google; (+http://code.google.com/appengine)"
203.20.35.28 - - [17/Sep/2010:02:11:14 -0700] "GET /m/ad?v=1&f=320x50&udid=94c8057daca7c16654b199fa0051a575c95b05f2&q=(null)&id=agltb3B1Yi1pbmNyDAsSBFNpdGUY2fgDDA HTTP/1.1" 200 267 - "RadioNinja/1.1 CFNetwork/485.2 Darwin/10.3.1,gzip(gfe),gzip(gfe)"
0.1.0.2 - - [17/Sep/2010:02:11:14 -0700] "POST /m/track/i HTTP/1.1" 200 124 "http://www.mopub-inc.com/m/ad?v=1&f=320x50&udid=94c8057daca7c16654b199fa0051a575c95b05f2&q=(null)&id=agltb3B1Yi1pbmNyDAsSBFNpdGUY2fgDDA" "AppEngine-Google; (+http://code.google.com/appengine)"
203.20.35.28 - - [17/Sep/2010:02:11:21 -0700] "GET /m/ad?v=1&f=320x50&udid=94c8057daca7c16654b199fa0051a575c95b05f2&q=My%20Evolution%20All%20Eyes%20On%20ME%20Nothing%20Left&id=agltb3B1Yi1pbmNyDAsSBFNpdGUY2fgDDA HTTP/1.1" 200 267 - "RadioNinja/1.1 CFNetwork/485.2 Darwin/10.3.1,gzip(gfe),gzip(gfe)"
0.1.0.2 - - [17/Sep/2010:02:11:22 -0700] "POST /m/track/i HTTP/1.1" 200 124 "http://www.mopub-inc.com/m/ad?v=1&f=320x50&udid=94c8057daca7c16654b199fa0051a575c95b05f2&q=My%20Evolution%20All%20Eyes%20On%20ME%20Nothing%20Left&id=agltb3B1Yi1pbmNyDAsSBFNpdGUY2fgDDA" "AppEngine-Google; (+http://code.google.com/appengine)"
203.20.35.28 - - [17/Sep/2010:02:11:23 -0700] "GET /m/ad?v=1&f=320x50&udid=94c8057daca7c16654b199fa0051a575c95b05f2&q=(null)&id=agltb3B1Yi1pbmNyDAsSBFNpdGUY2fgDDA HTTP/1.1" 200 267 - "RadioNinja/1.1 CFNetwork/485.2 Darwin/10.3.1,gzip(gfe),gzip(gfe)"
0.1.0.2 - - [17/Sep/2010:02:11:23 -0700] "POST /m/track/i HTTP/1.1" 200 124 "http://www.mopub-inc.com/m/ad?v=1&f=320x50&udid=94c8057daca7c16654b199fa0051a575c95b05f2&q=(null)&id=agltb3B1Yi1pbmNyDAsSBFNpdGUY2fgDDA" "AppEngine-Google; (+http://code.google.com/appengine)"
203.20.35.28 - - [17/Sep/2010:02:11:31 -0700] "GET /m/ad?v=1&f=320x50&udid=94c8057daca7c16654b199fa0051a575c95b05f2&q=Alice%20In%20Chains%20Black%20Gives%20Way%20to%20Blue%20Lesson%20Learned&id=agltb3B1Yi1pbmNyDAsSBFNpdGUY2fgDDA HTTP/1.1" 200 267 - "RadioNinja/1.1 CFNetwork/485.2 Darwin/10.3.1,gzip(gfe),gzip(gfe)"
0.1.0.2 - - [17/Sep/2010:02:11:31 -0700] "POST /m/track/i HTTP/1.1" 200 124 "http://www.mopub-inc.com/m/ad?v=1&f=320x50&udid=94c8057daca7c16654b199fa0051a575c95b05f2&q=Alice%20In%20Chains%20Black%20Gives%20Way%20to%20Blue%20Lesson%20Learned&id=agltb3B1Yi1pbmNyDAsSBFNpdGUY2fgDDA" "AppEngine-Google; (+http://code.google.com/appengine)"
203.20.35.28 - - [17/Sep/2010:02:11:43 -0700] "GET /m/ad?v=1&f=320x50&udid=94c8057daca7c16654b199fa0051a575c95b05f2&q=(null)&id=agltb3B1Yi1pbmNyDAsSBFNpdGUY2fgDDA HTTP/1.1" 200 267 - "RadioNinja/1.1 CFNetwork/485.2 Darwin/10.3.1,gzip(gfe),gzip(gfe)"
0.1.0.2 - - [17/Sep/2010:02:11:43 -0700] "POST /m/track/i HTTP/1.1" 200 124 "http://www.mopub-inc.com/m/ad?v=1&f=320x50&udid=94c8057daca7c16654b199fa0051a575c95b05f2&q=(null)&id=agltb3B1Yi1pbmNyDAsSBFNpdGUY2fgDDA" "AppEngine-Google; (+http://code.google.com/appengine)"
203.20.35.28 - - [17/Sep/2010:02:12:03 -0700] "GET /m/ad?v=1&f=320x50&udid=94c8057daca7c16654b199fa0051a575c95b05f2&q=(null)&id=agltb3B1Yi1pbmNyDAsSBFNpdGUY2fgDDA HTTP/1.1" 200 267 - "RadioNinja/1.1 CFNetwork/485.2 Darwin/10.3.1,gzip(gfe),gzip(gfe)"
0.1.0.2 - - [17/Sep/2010:02:12:03 -0700] "POST /m/track/i HTTP/1.1" 200 124 "http://www.mopub-inc.com/m/ad?v=1&f=320x50&udid=94c8057daca7c16654b199fa0051a575c95b05f2&q=(null)&id=agltb3B1Yi1pbmNyDAsSBFNpdGUY2fgDDA" "AppEngine-Google; (+http://code.google.com/appengine)"
203.20.35.28 - - [17/Sep/2010:02:12:11 -0700] "GET /m/ad?v=1&f=320x50&udid=94c8057daca7c16654b199fa0051a575c95b05f2&q=The%20Clash%20The%20Clash%20-%20The%20Singles%20This%20Is%20Radio%20Clash&id=agltb3B1Yi1pbmNyDAsSBFNpdGUY2fgDDA HTTP/1.1" 200 267 - "RadioNinja/1.1 CFNetwork/485.2 Darwin/10.3.1,gzip(gfe),gzip(gfe)"
0.1.0.2 - - [17/Sep/2010:02:12:11 -0700] "POST /m/track/i HTTP/1.1" 200 124 "http://www.mopub-inc.com/m/ad?v=1&f=320x50&udid=94c8057daca7c16654b199fa0051a575c95b05f2&q=The%20Clash%20The%20Clash%20-%20The%20Singles%20This%20Is%20Radio%20Clash&id=agltb3B1Yi1pbmNyDAsSBFNpdGUY2fgDDA" "AppEngine-Google; (+http://code.google.com/appengine)"
203.20.35.28 - - [17/Sep/2010:02:12:12 -0700] "GET /m/ad?v=1&f=320x50&udid=94c8057daca7c16654b199fa0051a575c95b05f2&q=(null)&id=agltb3B1Yi1pbmNyDAsSBFNpdGUY2fgDDA HTTP/1.1" 200 267 - "RadioNinja/1.1 CFNetwork/485.2 Darwin/10.3.1,gzip(gfe),gzip(gfe)"
0.1.0.2 - - [17/Sep/2010:02:12:12 -0700] "POST /m/track/i HTTP/1.1" 200 124 "http://www.mopub-inc.com/m/ad?v=1&f=320x50&udid=94c8057daca7c16654b199fa0051a575c95b05f2&q=(null)&id=agltb3B1Yi1pbmNyDAsSBFNpdGUY2fgDDA" "AppEngine-Google; (+http://code.google.com/appengine)"
203.20.35.28 - - [17/Sep/2010:02:12:19 -0700] "GET /m/ad?v=1&f=320x50&udid=94c8057daca7c16654b199fa0051a575c95b05f2&q=My%20Evolution%20All%20Eyes%20On%20ME%20Nothing%20Left&id=agltb3B1Yi1pbmNyDAsSBFNpdGUY2fgDDA HTTP/1.1" 200 267 - "RadioNinja/1.1 CFNetwork/485.2 Darwin/10.3.1,gzip(gfe),gzip(gfe)"
0.1.0.2 - - [17/Sep/2010:02:12:19 -0700] "POST /m/track/i HTTP/1.1" 200 124 "http://www.mopub-inc.com/m/ad?v=1&f=320x50&udid=94c8057daca7c16654b199fa0051a575c95b05f2&q=My%20Evolution%20All%20Eyes%20On%20ME%20Nothing%20Left&id=agltb3B1Yi1pbmNyDAsSBFNpdGUY2fgDDA" "AppEngine-Google; (+http://code.google.com/appengine)"
203.20.35.28 - - [17/Sep/2010:02:12:20 -0700] "GET /m/ad?v=1&f=320x50&udid=94c8057daca7c16654b199fa0051a575c95b05f2&q=(null)&id=agltb3B1Yi1pbmNyDAsSBFNpdGUY2fgDDA HTTP/1.1" 200 267 - "RadioNinja/1.1 CFNetwork/485.2 Darwin/10.3.1,gzip(gfe),gzip(gfe)"
0.1.0.2 - - [17/Sep/2010:02:12:20 -0700] "POST /m/track/i HTTP/1.1" 200 124 "http://www.mopub-inc.com/m/ad?v=1&f=320x50&udid=94c8057daca7c16654b199fa0051a575c95b05f2&q=(null)&id=agltb3B1Yi1pbmNyDAsSBFNpdGUY2fgDDA" "AppEngine-Google; (+http://code.google.com/appengine)"
203.20.35.28 - - [17/Sep/2010:02:12:25 -0700] "GET /m/ad?v=1&f=320x50&udid=94c8057daca7c16654b199fa0051a575c95b05f2&q=Alice%20In%20Chains%20Black%20Gives%20Way%20to%20Blue%20Lesson%20Learned&id=agltb3B1Yi1pbmNyDAsSBFNpdGUY2fgDDA HTTP/1.1" 200 267 - "RadioNinja/1.1 CFNetwork/485.2 Darwin/10.3.1,gzip(gfe),gzip(gfe)"
0.1.0.2 - - [17/Sep/2010:02:12:25 -0700] "POST /m/track/i HTTP/1.1" 200 124 "http://www.mopub-inc.com/m/ad?v=1&f=320x50&udid=94c8057daca7c16654b199fa0051a575c95b05f2&q=Alice%20In%20Chains%20Black%20Gives%20Way%20to%20Blue%20Lesson%20Learned&id=agltb3B1Yi1pbmNyDAsSBFNpdGUY2fgDDA" "AppEngine-Google; (+http://code.google.com/appengine)"
203.20.35.28 - - [17/Sep/2010:02:13:06 -0700] "GET /m/ad?v=1&f=320x50&udid=94c8057daca7c16654b199fa0051a575c95b05f2&q=Nirvana%20MTV%20Unplugged%20in%20New%20York:%20Nirvana%20About%20a%20Girl&id=agltb3B1Yi1pbmNyDAsSBFNpdGUY2fgDDA HTTP/1.1" 200 267 - "RadioNinja/1.1 CFNetwork/485.2 Darwin/10.3.1,gzip(gfe),gzip(gfe)"
0.1.0.2 - - [17/Sep/2010:02:13:06 -0700] "POST /m/track/i HTTP/1.1" 200 124 "http://www.mopub-inc.com/m/ad?v=1&f=320x50&udid=94c8057daca7c16654b199fa0051a575c95b05f2&q=Nirvana%20MTV%20Unplugged%20in%20New%20York:%20Nirvana%20About%20a%20Girl&id=agltb3B1Yi1pbmNyDAsSBFNpdGUY2fgDDA" "AppEngine-Google; (+http://code.google.com/appengine)"
220.237.116.181 - - [17/Sep/2010:02:13:11 -0700] "GET /m/ad?v=1&f=320x50&udid=2245ba9a607195f9b3263022b2e66e4e7339495e&ll=-37.854673,144.999200&q=Restaurants&id=agltb3B1Yi1pbmNyDAsSBFNpdGUYsbIDDA HTTP/1.1" 200 861 - "nearby-iphone/1.4 CFNetwork/485.2 Darwin/10.3.1,gzip(gfe),gzip(gfe)"
0.1.0.2 - - [17/Sep/2010:02:13:11 -0700] "POST /m/track/i HTTP/1.1" 200 124 "http://www.mopub-inc.com/m/ad?v=1&f=320x50&udid=2245ba9a607195f9b3263022b2e66e4e7339495e&ll=-37.854673,144.999200&q=Restaurants&id=agltb3B1Yi1pbmNyDAsSBFNpdGUYsbIDDA" "AppEngine-Google; (+http://code.google.com/appengine)"
66.249.71.121 - - [17/Sep/2010:02:13:17 -0700] "GET /m/ad?v=1&f=320x50&udid=2245ba9a607195f9b3263022b2e66e4e7339495e&ll=-37.854673,144.999200&q=Restaurants&id=agltb3B1Yi1pbmNyDAsSBFNpdGUYsbIDDA HTTP/1.1" 200 647 - "Mediapartners-Google,gzip(gfe),gzip(gfe)"
220.237.116.181 - - [17/Sep/2010:02:14:03 -0700] "GET /m/ad?v=1&f=320x50&udid=2245ba9a607195f9b3263022b2e66e4e7339495e&ll=-37.854673,144.999200&q=Restaurants:%20Basque%20Tapas%20&%20Wine%20&id=agltb3B1Yi1pbmNyDAsSBFNpdGUY6ckDDA HTTP/1.1" 200 876 - "nearby-iphone/1.4 CFNetwork/485.2 Darwin/10.3.1,gzip(gfe),gzip(gfe)"
0.1.0.2 - - [17/Sep/2010:02:14:04 -0700] "POST /m/track/i HTTP/1.1" 200 124 "http://www.mopub-inc.com/m/ad?v=1&f=320x50&udid=2245ba9a607195f9b3263022b2e66e4e7339495e&ll=-37.854673,144.999200&q=Restaurants:%20Basque%20Tapas%20&%20Wine%20&id=agltb3B1Yi1pbmNyDAsSBFNpdGUY6ckDDA" "AppEngine-Google; (+http://code.google.com/appengine)"
66.249.71.71 - - [17/Sep/2010:02:14:06 -0700] "GET /m/ad?v=1&f=320x50&udid=2245ba9a607195f9b3263022b2e66e4e7339495e&ll=-37.854673,144.999200&q=Restaurants:%20Basque%20Tapas%20&%20Wine%20&id=agltb3B1Yi1pbmNyDAsSBFNpdGUY6ckDDA HTTP/1.1" 200 660 - "Mediapartners-Google,gzip(gfe),gzip(gfe)"
202.142.44.132 - - [17/Sep/2010:02:14:41 -0700] "GET /m/ad?v=1&f=320x50&udid=151ee8a793a3419c3bb33714b8126b11f805e3fb&ll=-33.833864,151.084065&q=Hotels&id=agltb3B1Yi1pbmNyDAsSBFNpdGUYsbIDDA HTTP/1.1" 200 855 - "nearby-iphone/1.4 CFNetwork/485.10.2 Darwin/10.3.1,gzip(gfe),gzip(gfe)"
0.1.0.2 - - [17/Sep/2010:02:14:41 -0700] "POST /m/track/i HTTP/1.1" 200 124 "http://www.mopub-inc.com/m/ad?v=1&f=320x50&udid=151ee8a793a3419c3bb33714b8126b11f805e3fb&ll=-33.833864,151.084065&q=Hotels&id=agltb3B1Yi1pbmNyDAsSBFNpdGUYsbIDDA" "AppEngine-Google; (+http://code.google.com/appengine)"
66.249.71.79 - - [17/Sep/2010:02:14:44 -0700] "GET /m/ad?v=1&f=320x50&udid=151ee8a793a3419c3bb33714b8126b11f805e3fb&ll=-33.833864,151.084065&q=Hotels&id=agltb3B1Yi1pbmNyDAsSBFNpdGUYsbIDDA HTTP/1.1" 200 643 - "Mediapartners-Google,gzip(gfe),gzip(gfe)"
220.237.116.181 - - [17/Sep/2010:02:15:05 -0700] "GET /m/ad?v=1&f=320x50&udid=2245ba9a607195f9b3263022b2e66e4e7339495e&ll=-37.854673,144.999200&q=Restaurants:%20Basque%20Tapas%20&%20Wine%20&id=agltb3B1Yi1pbmNyDAsSBFNpdGUY6ckDDA HTTP/1.1" 200 876 - "nearby-iphone/1.4 CFNetwork/485.2 Darwin/10.3.1,gzip(gfe),gzip(gfe)"
202.142.44.132 - - [17/Sep/2010:02:15:05 -0700] "GET /m/ad?v=1&f=320x50&udid=151ee8a793a3419c3bb33714b8126b11f805e3fb&ll=-33.833864,151.084065&q=Hotels:%20Forumle%201%20&id=agltb3B1Yi1pbmNyDAsSBFNpdGUY6ckDDA HTTP/1.1" 200 867 - "nearby-iphone/1.4 CFNetwork/485.10.2 Darwin/10.3.1,gzip(gfe),gzip(gfe)"
0.1.0.2 - - [17/Sep/2010:02:15:05 -0700] "POST /m/track/i HTTP/1.1" 200 124 "http://www.mopub-inc.com/m/ad?v=1&f=320x50&udid=2245ba9a607195f9b3263022b2e66e4e7339495e&ll=-37.854673,144.999200&q=Restaurants:%20Basque%20Tapas%20&%20Wine%20&id=agltb3B1Yi1pbmNyDAsSBFNpdGUY6ckDDA" "AppEngine-Google; (+http://code.google.com/appengine)"
0.1.0.2 - - [17/Sep/2010:02:15:06 -0700] "POST /m/track/i HTTP/1.1" 200 124 "http://www.mopub-inc.com/m/ad?v=1&f=320x50&udid=151ee8a793a3419c3bb33714b8126b11f805e3fb&ll=-33.833864,151.084065&q=Hotels:%20Forumle%201%20&id=agltb3B1Yi1pbmNyDAsSBFNpdGUY6ckDDA" "AppEngine-Google; (+http://code.google.com/appengine)"
66.249.71.118 - - [17/Sep/2010:02:15:07 -0700] "GET /m/ad?v=1&f=320x50&udid=151ee8a793a3419c3bb33714b8126b11f805e3fb&ll=-33.833864,151.084065&q=Hotels:%20Forumle%201%20&id=agltb3B1Yi1pbmNyDAsSBFNpdGUY6ckDDA HTTP/1.1" 200 652 - "Mediapartners-Google,gzip(gfe),gzip(gfe)"
202.142.44.132 - - [17/Sep/2010:02:15:15 -0700] "GET /m/ad?v=1&f=320x50&udid=151ee8a793a3419c3bb33714b8126b11f805e3fb&ll=-33.833785,151.083986&q=Movie%20Theaters&id=agltb3B1Yi1pbmNyDAsSBFNpdGUYsbIDDA HTTP/1.1" 200 863 - "nearby-iphone/1.4 CFNetwork/485.10.2 Darwin/10.3.1,gzip(gfe),gzip(gfe)"
0.1.0.2 - - [17/Sep/2010:02:15:16 -0700] "POST /m/track/i HTTP/1.1" 200 124 "http://www.mopub-inc.com/m/ad?v=1&f=320x50&udid=151ee8a793a3419c3bb33714b8126b11f805e3fb&ll=-33.833785,151.083986&q=Movie%20Theaters&id=agltb3B1Yi1pbmNyDAsSBFNpdGUYsbIDDA" "AppEngine-Google; (+http://code.google.com/appengine)"
66.249.71.23 - - [17/Sep/2010:02:15:16 -0700] "GET /m/ad?v=1&f=320x50&udid=151ee8a793a3419c3bb33714b8126b11f805e3fb&ll=-33.833785,151.083986&q=Movie%20Theaters&id=agltb3B1Yi1pbmNyDAsSBFNpdGUYsbIDDA HTTP/1.1" 200 648 - "Mediapartners-Google,gzip(gfe),gzip(gfe)"
202.142.44.132 - - [17/Sep/2010:02:15:23 -0700] "GET /m/ad?v=1&f=320x50&udid=151ee8a793a3419c3bb33714b8126b11f805e3fb&ll=-33.833785,151.083986&q=Movie%20Theaters:%20Reading%20Cinemas%20&id=agltb3B1Yi1pbmNyDAsSBFNpdGUY6ckDDA HTTP/1.1" 200 881 - "nearby-iphone/1.4 CFNetwork/485.10.2 Darwin/10.3.1,gzip(gfe),gzip(gfe)"
0.1.0.2 - - [17/Sep/2010:02:15:23 -0700] "POST /m/track/i HTTP/1.1" 200 124 "http://www.mopub-inc.com/m/ad?v=1&f=320x50&udid=151ee8a793a3419c3bb33714b8126b11f805e3fb&ll=-33.833785,151.083986&q=Movie%20Theaters:%20Reading%20Cinemas%20&id=agltb3B1Yi1pbmNyDAsSBFNpdGUY6ckDDA" "AppEngine-Google; (+http://code.google.com/appengine)"
66.249.71.102 - - [17/Sep/2010:02:15:24 -0700] "GET /m/ad?v=1&f=320x50&udid=151ee8a793a3419c3bb33714b8126b11f805e3fb&ll=-33.833785,151.083986&q=Movie%20Theaters:%20Reading%20Cinemas%20&id=agltb3B1Yi1pbmNyDAsSBFNpdGUY6ckDDA HTTP/1.1" 200 664 - "Mediapartners-Google,gzip(gfe),gzip(gfe)"
203.20.35.28 - - [17/Sep/2010:02:16:06 -0700] "GET /m/ad?v=1&f=320x50&udid=94c8057daca7c16654b199fa0051a575c95b05f2&q=M%C3%B6tley%20Cr%C3%BCe%20Girls,%20Girls,%20Girls%20Wild%20Side&id=agltb3B1Yi1pbmNyDAsSBFNpdGUY2fgDDA HTTP/1.1" 200 267 - "RadioNinja/1.1 CFNetwork/485.2 Darwin/10.3.1,gzip(gfe),gzip(gfe)"
0.1.0.2 - - [17/Sep/2010:02:16:06 -0700] "POST /m/track/i HTTP/1.1" 200 124 "http://www.mopub-inc.com/m/ad?v=1&f=320x50&udid=94c8057daca7c16654b199fa0051a575c95b05f2&q=M%C3%B6tley%20Cr%C3%BCe%20Girls,%20Girls,%20Girls%20Wild%20Side&id=agltb3B1Yi1pbmNyDAsSBFNpdGUY2fgDDA" "AppEngine-Google; (+http://code.google.com/appengine)"
203.20.35.28 - - [17/Sep/2010:02:16:55 -0700] "GET /m/ad?v=1&f=320x50&udid=94c8057daca7c16654b199fa0051a575c95b05f2&q=(null)&id=agltb3B1Yi1pbmNyDAsSBFNpdGUY2fgDDA HTTP/1.1" 200 267 - "RadioNinja/1.1 CFNetwork/485.2 Darwin/10.3.1,gzip(gfe),gzip(gfe)"
0.1.0.2 - - [17/Sep/2010:02:16:55 -0700] "POST /m/track/i HTTP/1.1" 200 124 "http://www.mopub-inc.com/m/ad?v=1&f=320x50&udid=94c8057daca7c16654b199fa0051a575c95b05f2&q=(null)&id=agltb3B1Yi1pbmNyDAsSBFNpdGUY2fgDDA" "AppEngine-Google; (+http://code.google.com/appengine)"
184.48.24.156 - - [17/Sep/2010:02:17:16 -0700] "GET /m/ad?v=1&f=320x50&udid=3e0d21d224e237f2bbf09fbf2ec2f3090f0de35a&ll=36.107352,-115.169593&q=Retail%20Stores&id=agltb3B1Yi1pbmNyDAsSBFNpdGUYsbIDDA HTTP/1.1" 200 864 - "nearby-iphone/1.4 CFNetwork/485.2 Darwin/10.3.1,gzip(gfe),gzip(gfe)"
0.1.0.2 - - [17/Sep/2010:02:17:17 -0700] "POST /m/track/i HTTP/1.1" 200 124 "http://www.mopub-inc.com/m/ad?v=1&f=320x50&udid=3e0d21d224e237f2bbf09fbf2ec2f3090f0de35a&ll=36.107352,-115.169593&q=Retail%20Stores&id=agltb3B1Yi1pbmNyDAsSBFNpdGUYsbIDDA" "AppEngine-Google; (+http://code.google.com/appengine)"
66.249.71.24 - - [17/Sep/2010:02:17:18 -0700] "GET /m/ad?v=1&f=320x50&udid=3e0d21d224e237f2bbf09fbf2ec2f3090f0de35a&ll=36.107352,-115.169593&q=Retail%20Stores&id=agltb3B1Yi1pbmNyDAsSBFNpdGUYsbIDDA HTTP/1.1" 200 649 - "Mediapartners-Google,gzip(gfe),gzip(gfe)"
88.6.169.218 - - [17/Sep/2010:02:18:08 -0700] "GET /m/ad?v=1&f=320x50&udid=86d31c6c6e85fd5c61a82a22719fa4e84f91d242&q=Dizzy%20Gillespie%20Have%20Trumpet,%20Will%20Excite!%20Woody%20\'n\'%20You&id=agltb3B1Yi1pbmNyDAsSBFNpdGUY2fgDDA HTTP/1.1" 200 267 - "RadioNinja/1.1 CFNetwork/485.10.2 Darwin/10.3.1,gzip(gfe),gzip(gfe)"
0.1.0.2 - - [17/Sep/2010:02:18:09 -0700] "POST /m/track/i HTTP/1.1" 200 124 "http://www.mopub-inc.com/m/ad?v=1&f=320x50&udid=86d31c6c6e85fd5c61a82a22719fa4e84f91d242&q=Dizzy%20Gillespie%20Have%20Trumpet,%20Will%20Excite!%20Woody%20\'n\'%20You&id=agltb3B1Yi1pbmNyDAsSBFNpdGUY2fgDDA" "AppEngine-Google; (+http://code.google.com/appengine)"
119.234.0.27 - - [17/Sep/2010:02:19:31 -0700] "GET /m/ad?v=1&f=320x50&udid=b292c5357d5d18a3167b80d1d3d3c27a05202da4&ll=1.280082,103.871548&q=Local%20Favorites&id=agltb3B1Yi1pbmNyDAsSBFNpdGUYsbIDDA HTTP/1.1" 200 855 - "nearby-iphone/1.4 CFNetwork/485.2 Darwin/10.3.1,gzip(gfe),gzip(gfe)"
0.1.0.2 - - [17/Sep/2010:02:19:31 -0700] "POST /m/track/i HTTP/1.1" 200 124 "http://www.mopub-inc.com/m/ad?v=1&f=320x50&udid=b292c5357d5d18a3167b80d1d3d3c27a05202da4&ll=1.280082,103.871548&q=Local%20Favorites&id=agltb3B1Yi1pbmNyDAsSBFNpdGUYsbIDDA" "AppEngine-Google; (+http://code.google.com/appengine)"
66.249.71.72 - - [17/Sep/2010:02:19:34 -0700] "GET /m/ad?v=1&f=320x50&udid=b292c5357d5d18a3167b80d1d3d3c27a05202da4&ll=1.280082,103.871548&q=Local%20Favorites&id=agltb3B1Yi1pbmNyDAsSBFNpdGUYsbIDDA HTTP/1.1" 200 641 - "Mediapartners-Google,gzip(gfe),gzip(gfe)"
217.23.199.179 - - [17/Sep/2010:02:19:43 -0700] "GET /m/ad?v=1&f=320x50&udid=8f9adc116e24dc8bf03f39628e3566b8c94f4359&q=(null)&id=agltb3B1Yi1pbmNyDAsSBFNpdGUY2fgDDA HTTP/1.1" 200 267 - "RadioNinja/1.1 CFNetwork/485.2 Darwin/10.3.1,gzip(gfe),gzip(gfe)"
0.1.0.2 - - [17/Sep/2010:02:19:43 -0700] "POST /m/track/i HTTP/1.1" 200 124 "http://www.mopub-inc.com/m/ad?v=1&f=320x50&udid=8f9adc116e24dc8bf03f39628e3566b8c94f4359&q=(null)&id=agltb3B1Yi1pbmNyDAsSBFNpdGUY2fgDDA" "AppEngine-Google; (+http://code.google.com/appengine)"
119.234.0.27 - - [17/Sep/2010:02:19:52 -0700] "GET /m/ad?v=1&f=320x50&udid=b292c5357d5d18a3167b80d1d3d3c27a05202da4&ll=1.280041,103.871631&q=Retail%20Stores&id=agltb3B1Yi1pbmNyDAsSBFNpdGUYsbIDDA HTTP/1.1" 200 853 - "nearby-iphone/1.4 CFNetwork/485.2 Darwin/10.3.1,gzip(gfe),gzip(gfe)"
0.1.0.2 - - [17/Sep/2010:02:19:52 -0700] "POST /m/track/i HTTP/1.1" 200 124 "http://www.mopub-inc.com/m/ad?v=1&f=320x50&udid=b292c5357d5d18a3167b80d1d3d3c27a05202da4&ll=1.280041,103.871631&q=Retail%20Stores&id=agltb3B1Yi1pbmNyDAsSBFNpdGUYsbIDDA" "AppEngine-Google; (+http://code.google.com/appengine)"
66.249.71.120 - - [17/Sep/2010:02:19:54 -0700] "GET /m/ad?v=1&f=320x50&udid=b292c5357d5d18a3167b80d1d3d3c27a05202da4&ll=1.280041,103.871631&q=Retail%20Stores&id=agltb3B1Yi1pbmNyDAsSBFNpdGUYsbIDDA HTTP/1.1" 200 638 - "Mediapartners-Google,gzip(gfe),gzip(gfe)"
119.234.0.27 - - [17/Sep/2010:02:19:59 -0700] "GET /m/ad?v=1&f=320x50&udid=b292c5357d5d18a3167b80d1d3d3c27a05202da4&ll=1.280042,103.871632&q=Supermarkets&id=agltb3B1Yi1pbmNyDAsSBFNpdGUYsbIDDA HTTP/1.1" 200 852 - "nearby-iphone/1.4 CFNetwork/485.2 Darwin/10.3.1,gzip(gfe),gzip(gfe)"
0.1.0.2 - - [17/Sep/2010:02:20:00 -0700] "POST /m/track/i HTTP/1.1" 200 124 "http://www.mopub-inc.com/m/ad?v=1&f=320x50&udid=b292c5357d5d18a3167b80d1d3d3c27a05202da4&ll=1.280042,103.871632&q=Supermarkets&id=agltb3B1Yi1pbmNyDAsSBFNpdGUYsbIDDA" "AppEngine-Google; (+http://code.google.com/appengine)"
66.249.71.23 - - [17/Sep/2010:02:20:00 -0700] "GET /m/ad?v=1&f=320x50&udid=b292c5357d5d18a3167b80d1d3d3c27a05202da4&ll=1.280042,103.871632&q=Supermarkets&id=agltb3B1Yi1pbmNyDAsSBFNpdGUYsbIDDA HTTP/1.1" 200 636 - "Mediapartners-Google,gzip(gfe),gzip(gfe)"
220.237.116.181 - - [17/Sep/2010:02:20:32 -0700] "GET /m/ad?v=1&f=320x50&udid=2245ba9a607195f9b3263022b2e66e4e7339495e&ll=-37.854673,144.999200&q=Restaurants:%20Jacques%20Reymond%20Restaurant%20&id=agltb3B1Yi1pbmNyDAsSBFNpdGUY6ckDDA HTTP/1.1" 200 890 - "nearby-iphone/1.4 CFNetwork/485.2 Darwin/10.3.1,gzip(gfe),gzip(gfe)"
0.1.0.2 - - [17/Sep/2010:02:20:32 -0700] "POST /m/track/i HTTP/1.1" 200 124 "http://www.mopub-inc.com/m/ad?v=1&f=320x50&udid=2245ba9a607195f9b3263022b2e66e4e7339495e&ll=-37.854673,144.999200&q=Restaurants:%20Jacques%20Reymond%20Restaurant%20&id=agltb3B1Yi1pbmNyDAsSBFNpdGUY6ckDDA" "AppEngine-Google; (+http://code.google.com/appengine)"
66.249.71.42 - - [17/Sep/2010:02:20:35 -0700] "GET /m/ad?v=1&f=320x50&udid=2245ba9a607195f9b3263022b2e66e4e7339495e&ll=-37.854673,144.999200&q=Restaurants:%20Jacques%20Reymond%20Restaurant%20&id=agltb3B1Yi1pbmNyDAsSBFNpdGUY6ckDDA HTTP/1.1" 200 665 - "Mediapartners-Google,gzip(gfe),gzip(gfe)"
119.234.0.4 - - [17/Sep/2010:02:21:14 -0700] "GET /m/ad?v=1&f=320x50&udid=0cd1fb7240e2bf452df027332ab2fe661d6e3f1c&ll=1.431015,103.763961&q=ATMs&id=agltb3B1Yi1pbmNyDAsSBFNpdGUYsbIDDA HTTP/1.1" 200 840 - "nearby-iphone/1.3.3 CFNetwork/485.10.2 Darwin/10.3.1,gzip(gfe),gzip(gfe)"
0.1.0.2 - - [17/Sep/2010:02:21:15 -0700] "POST /m/track/i HTTP/1.1" 200 124 "http://www.mopub-inc.com/m/ad?v=1&f=320x50&udid=0cd1fb7240e2bf452df027332ab2fe661d6e3f1c&ll=1.431015,103.763961&q=ATMs&id=agltb3B1Yi1pbmNyDAsSBFNpdGUYsbIDDA" "AppEngine-Google; (+http://code.google.com/appengine)"
66.249.71.23 - - [17/Sep/2010:02:21:20 -0700] "GET /m/ad?v=1&f=320x50&udid=0cd1fb7240e2bf452df027332ab2fe661d6e3f1c&ll=1.431015,103.763961&q=ATMs&id=agltb3B1Yi1pbmNyDAsSBFNpdGUYsbIDDA HTTP/1.1" 200 629 - "Mediapartners-Google,gzip(gfe),gzip(gfe)"
119.234.0.4 - - [17/Sep/2010:02:21:34 -0700] "GET /m/ad?v=1&f=320x50&udid=0cd1fb7240e2bf452df027332ab2fe661d6e3f1c&ll=1.431015,103.763961&q=UOB%20ATM%20-%20Woodlands%20Road&id=agltb3B1Yi1pbmNyDAsSBFNpdGUY6ckDDA HTTP/1.1" 200 860 - "nearby-iphone/1.3.3 CFNetwork/485.10.2 Darwin/10.3.1,gzip(gfe),gzip(gfe)"
0.1.0.2 - - [17/Sep/2010:02:21:34 -0700] "POST /m/track/i HTTP/1.1" 200 124 "http://www.mopub-inc.com/m/ad?v=1&f=320x50&udid=0cd1fb7240e2bf452df027332ab2fe661d6e3f1c&ll=1.431015,103.763961&q=UOB%20ATM%20-%20Woodlands%20Road&id=agltb3B1Yi1pbmNyDAsSBFNpdGUY6ckDDA" "AppEngine-Google; (+http://code.google.com/appengine)"
66.249.71.111 - - [17/Sep/2010:02:21:44 -0700] "GET /m/ad?v=1&f=320x50&udid=0cd1fb7240e2bf452df027332ab2fe661d6e3f1c&ll=1.431015,103.763961&q=UOB%20ATM%20-%20Woodlands%20Road&id=agltb3B1Yi1pbmNyDAsSBFNpdGUY6ckDDA HTTP/1.1" 200 646 - "Mediapartners-Google,gzip(gfe),gzip(gfe)"
119.234.0.4 - - [17/Sep/2010:02:22:46 -0700] "GET /m/ad?v=1&f=320x50&udid=0cd1fb7240e2bf452df027332ab2fe661d6e3f1c&ll=1.431023,103.763955&q=Taxis&id=agltb3B1Yi1pbmNyDAsSBFNpdGUYsbIDDA HTTP/1.1" 200 841 - "nearby-iphone/1.3.3 CFNetwork/485.10.2 Darwin/10.3.1,gzip(gfe),gzip(gfe)"
0.1.0.2 - - [17/Sep/2010:02:22:46 -0700] "POST /m/track/i HTTP/1.1" 200 124 "http://www.mopub-inc.com/m/ad?v=1&f=320x50&udid=0cd1fb7240e2bf452df027332ab2fe661d6e3f1c&ll=1.431023,103.763955&q=Taxis&id=agltb3B1Yi1pbmNyDAsSBFNpdGUYsbIDDA" "AppEngine-Google; (+http://code.google.com/appengine)"
66.249.71.111 - - [17/Sep/2010:02:22:48 -0700] "GET /m/ad?v=1&f=320x50&udid=0cd1fb7240e2bf452df027332ab2fe661d6e3f1c&ll=1.431023,103.763955&q=Taxis&id=agltb3B1Yi1pbmNyDAsSBFNpdGUYsbIDDA HTTP/1.1" 200 629 - "Mediapartners-Google,gzip(gfe),gzip(gfe)"
220.237.116.181 - - [17/Sep/2010:02:23:01 -0700] "GET /m/ad?v=1&f=320x50&udid=2245ba9a607195f9b3263022b2e66e4e7339495e&ll=-37.854673,144.999200&q=Restaurants:%20Basque%20Tapas%20&%20Wine%20&id=agltb3B1Yi1pbmNyDAsSBFNpdGUY6ckDDA HTTP/1.1" 200 876 - "nearby-iphone/1.4 CFNetwork/485.2 Darwin/10.3.1,gzip(gfe),gzip(gfe)"
0.1.0.2 - - [17/Sep/2010:02:23:02 -0700] "POST /m/track/i HTTP/1.1" 200 124 "http://www.mopub-inc.com/m/ad?v=1&f=320x50&udid=2245ba9a607195f9b3263022b2e66e4e7339495e&ll=-37.854673,144.999200&q=Restaurants:%20Basque%20Tapas%20&%20Wine%20&id=agltb3B1Yi1pbmNyDAsSBFNpdGUY6ckDDA" "AppEngine-Google; (+http://code.google.com/appengine)"
217.23.199.179 - - [17/Sep/2010:02:23:36 -0700] "GET /m/ad?v=1&f=320x50&udid=8f9adc116e24dc8bf03f39628e3566b8c94f4359&q=DJ%20Remy%20&%20Roland%20Klinkenberg%20Mexico%20Can%20Wait%20Mexico%20Can%20Wait&id=agltb3B1Yi1pbmNyDAsSBFNpdGUY2fgDDA HTTP/1.1" 200 267 - "RadioNinja/1.1 CFNetwork/485.2 Darwin/10.3.1,gzip(gfe),gzip(gfe)"
0.1.0.2 - - [17/Sep/2010:02:23:37 -0700] "POST /m/track/i HTTP/1.1" 200 124 "http://www.mopub-inc.com/m/ad?v=1&f=320x50&udid=8f9adc116e24dc8bf03f39628e3566b8c94f4359&q=DJ%20Remy%20&%20Roland%20Klinkenberg%20Mexico%20Can%20Wait%20Mexico%20Can%20Wait&id=agltb3B1Yi1pbmNyDAsSBFNpdGUY2fgDDA" "AppEngine-Google; (+http://code.google.com/appengine)"
220.237.116.181 - - [17/Sep/2010:02:24:17 -0700] "GET /m/ad?v=1&f=320x50&udid=2245ba9a607195f9b3263022b2e66e4e7339495e&ll=-37.854673,144.999200&q=Restaurants:%20Jacques%20Reymond%20Restaurant%20&id=agltb3B1Yi1pbmNyDAsSBFNpdGUY6ckDDA HTTP/1.1" 200 890 - "nearby-iphone/1.4 CFNetwork/485.2 Darwin/10.3.1,gzip(gfe),gzip(gfe)"
0.1.0.2 - - [17/Sep/2010:02:24:18 -0700] "POST /m/track/i HTTP/1.1" 200 124 "http://www.mopub-inc.com/m/ad?v=1&f=320x50&udid=2245ba9a607195f9b3263022b2e66e4e7339495e&ll=-37.854673,144.999200&q=Restaurants:%20Jacques%20Reymond%20Restaurant%20&id=agltb3B1Yi1pbmNyDAsSBFNpdGUY6ckDDA" "AppEngine-Google; (+http://code.google.com/appengine)"
220.237.116.181 - - [17/Sep/2010:02:25:03 -0700] "GET /m/ad?v=1&f=320x50&udid=2245ba9a607195f9b3263022b2e66e4e7339495e&ll=-37.854375,144.999288&q=Local%20Favorites&id=agltb3B1Yi1pbmNyDAsSBFNpdGUYsbIDDA HTTP/1.1" 200 865 - "nearby-iphone/1.4 CFNetwork/485.2 Darwin/10.3.1,gzip(gfe),gzip(gfe)"
0.1.0.2 - - [17/Sep/2010:02:25:04 -0700] "POST /m/track/i HTTP/1.1" 200 124 "http://www.mopub-inc.com/m/ad?v=1&f=320x50&udid=2245ba9a607195f9b3263022b2e66e4e7339495e&ll=-37.854375,144.999288&q=Local%20Favorites&id=agltb3B1Yi1pbmNyDAsSBFNpdGUYsbIDDA" "AppEngine-Google; (+http://code.google.com/appengine)"
66.249.71.109 - - [17/Sep/2010:02:25:06 -0700] "GET /m/ad?v=1&f=320x50&udid=2245ba9a607195f9b3263022b2e66e4e7339495e&ll=-37.854375,144.999288&q=Local%20Favorites&id=agltb3B1Yi1pbmNyDAsSBFNpdGUYsbIDDA HTTP/1.1" 200 652 - "Mediapartners-Google,gzip(gfe),gzip(gfe)"
220.237.116.181 - - [17/Sep/2010:02:25:39 -0700] "GET /m/ad?v=1&f=320x50&udid=2245ba9a607195f9b3263022b2e66e4e7339495e&ll=-37.854418,144.999313&q=Restaurants&id=agltb3B1Yi1pbmNyDAsSBFNpdGUYsbIDDA HTTP/1.1" 200 861 - "nearby-iphone/1.4 CFNetwork/485.2 Darwin/10.3.1,gzip(gfe),gzip(gfe)"
0.1.0.2 - - [17/Sep/2010:02:25:39 -0700] "POST /m/track/i HTTP/1.1" 200 124 "http://www.mopub-inc.com/m/ad?v=1&f=320x50&udid=2245ba9a607195f9b3263022b2e66e4e7339495e&ll=-37.854418,144.999313&q=Restaurants&id=agltb3B1Yi1pbmNyDAsSBFNpdGUYsbIDDA" "AppEngine-Google; (+http://code.google.com/appengine)"
66.249.71.43 - - [17/Sep/2010:02:25:41 -0700] "GET /m/ad?v=1&f=320x50&udid=2245ba9a607195f9b3263022b2e66e4e7339495e&ll=-37.854418,144.999313&q=Restaurants&id=agltb3B1Yi1pbmNyDAsSBFNpdGUYsbIDDA HTTP/1.1" 200 647 - "Mediapartners-Google,gzip(gfe),gzip(gfe)"
203.116.22.139 - - [17/Sep/2010:02:28:04 -0700] "GET /m/ad?v=1&f=320x50&udid=110748baf8f0dcc2594d1a11ebf22d04adc5270d&ll=1.439748,103.842403&q=Movie%20Theaters&id=agltb3B1Yi1pbmNyDAsSBFNpdGUYsbIDDA HTTP/1.1" 200 854 - "nearby-iphone/1.4 CFNetwork/485.10.2 Darwin/10.3.1,gzip(gfe),gzip(gfe)"
0.1.0.2 - - [17/Sep/2010:02:28:05 -0700] "POST /m/track/i HTTP/1.1" 200 124 "http://www.mopub-inc.com/m/ad?v=1&f=320x50&udid=110748baf8f0dcc2594d1a11ebf22d04adc5270d&ll=1.439748,103.842403&q=Movie%20Theaters&id=agltb3B1Yi1pbmNyDAsSBFNpdGUYsbIDDA" "AppEngine-Google; (+http://code.google.com/appengine)"
203.116.22.139 - - [17/Sep/2010:02:28:05 -0700] "GET /m/ad?v=1&f=320x50&udid=110748baf8f0dcc2594d1a11ebf22d04adc5270d&ll=1.439748,103.842403&q=Parking&id=agltb3B1Yi1pbmNyDAsSBFNpdGUYsbIDDA HTTP/1.1" 200 847 - "nearby-iphone/1.4 CFNetwork/485.10.2 Darwin/10.3.1,gzip(gfe),gzip(gfe)"
0.1.0.2 - - [17/Sep/2010:02:28:05 -0700] "POST /m/track/i HTTP/1.1" 200 124 "http://www.mopub-inc.com/m/ad?v=1&f=320x50&udid=110748baf8f0dcc2594d1a11ebf22d04adc5270d&ll=1.439748,103.842403&q=Parking&id=agltb3B1Yi1pbmNyDAsSBFNpdGUYsbIDDA" "AppEngine-Google; (+http://code.google.com/appengine)"
66.249.71.109 - - [17/Sep/2010:02:28:07 -0700] "GET /m/ad?v=1&f=320x50&udid=110748baf8f0dcc2594d1a11ebf22d04adc5270d&ll=1.439748,103.842403&q=Parking&id=agltb3B1Yi1pbmNyDAsSBFNpdGUYsbIDDA HTTP/1.1" 200 634 - "Mediapartners-Google,gzip(gfe),gzip(gfe)"
66.249.71.123 - - [17/Sep/2010:02:28:07 -0700] "GET /m/ad?v=1&f=320x50&udid=110748baf8f0dcc2594d1a11ebf22d04adc5270d&ll=1.439748,103.842403&q=Movie%20Theaters&id=agltb3B1Yi1pbmNyDAsSBFNpdGUYsbIDDA HTTP/1.1" 200 640 - "Mediapartners-Google,gzip(gfe),gzip(gfe)"
86.151.92.166 - - [17/Sep/2010:02:28:54 -0700] "GET /m/ad?v=1&f=320x50&udid=381b814595a48f41e61cf4a8696fe55da35d13b2&ll=53.700870,-1.415275&q=Retail%20Stores&id=agltb3B1Yi1pbmNyDAsSBFNpdGUYsbIDDA HTTP/1.1" 200 871 - "nearby-iphone/1.4 CFNetwork/485.10.2 Darwin/10.3.1,gzip(gfe),gzip(gfe)"
0.1.0.2 - - [17/Sep/2010:02:28:54 -0700] "POST /m/track/i HTTP/1.1" 200 124 "http://www.mopub-inc.com/m/ad?v=1&f=320x50&udid=381b814595a48f41e61cf4a8696fe55da35d13b2&ll=53.700870,-1.415275&q=Retail%20Stores&id=agltb3B1Yi1pbmNyDAsSBFNpdGUYsbIDDA" "AppEngine-Google; (+http://code.google.com/appengine)"
66.249.71.121 - - [17/Sep/2010:02:28:57 -0700] "GET /m/ad?v=1&f=320x50&udid=381b814595a48f41e61cf4a8696fe55da35d13b2&ll=53.700870,-1.415275&q=Retail%20Stores&id=agltb3B1Yi1pbmNyDAsSBFNpdGUYsbIDDA HTTP/1.1" 200 652 - "Mediapartners-Google,gzip(gfe),gzip(gfe)"
86.151.92.166 - - [17/Sep/2010:02:29:00 -0700] "GET /m/ad?v=1&f=320x50&udid=381b814595a48f41e61cf4a8696fe55da35d13b2&ll=53.700804,-1.415549&q=Local%20Favorites&id=agltb3B1Yi1pbmNyDAsSBFNpdGUYsbIDDA HTTP/1.1" 200 851 - "nearby-iphone/1.4 CFNetwork/485.10.2 Darwin/10.3.1,gzip(gfe),gzip(gfe)"
0.1.0.2 - - [17/Sep/2010:02:29:00 -0700] "POST /m/track/i HTTP/1.1" 200 124 "http://www.mopub-inc.com/m/ad?v=1&f=320x50&udid=381b814595a48f41e61cf4a8696fe55da35d13b2&ll=53.700804,-1.415549&q=Local%20Favorites&id=agltb3B1Yi1pbmNyDAsSBFNpdGUYsbIDDA" "AppEngine-Google; (+http://code.google.com/appengine)"
86.151.92.166 - - [17/Sep/2010:02:29:02 -0700] "GET /m/ad?v=1&f=320x50&udid=381b814595a48f41e61cf4a8696fe55da35d13b2&ll=53.700804,-1.415549&q=Local%20Favorites:%20E%20Rayner%20&%20Son%20&id=agltb3B1Yi1pbmNyDAsSBFNpdGUY6ckDDA HTTP/1.1" 200 862 - "nearby-iphone/1.4 CFNetwork/485.10.2 Darwin/10.3.1,gzip(gfe),gzip(gfe)"
66.249.71.100 - - [17/Sep/2010:02:29:02 -0700] "GET /m/ad?v=1&f=320x50&udid=381b814595a48f41e61cf4a8696fe55da35d13b2&ll=53.700804,-1.415549&q=Local%20Favorites&id=agltb3B1Yi1pbmNyDAsSBFNpdGUYsbIDDA HTTP/1.1" 200 636 - "Mediapartners-Google,gzip(gfe),gzip(gfe)"
0.1.0.2 - - [17/Sep/2010:02:29:03 -0700] "POST /m/track/i HTTP/1.1" 200 124 "http://www.mopub-inc.com/m/ad?v=1&f=320x50&udid=381b814595a48f41e61cf4a8696fe55da35d13b2&ll=53.700804,-1.415549&q=Local%20Favorites:%20E%20Rayner%20&%20Son%20&id=agltb3B1Yi1pbmNyDAsSBFNpdGUY6ckDDA" "AppEngine-Google; (+http://code.google.com/appengine)"
66.249.71.43 - - [17/Sep/2010:02:29:03 -0700] "GET /m/ad?v=1&f=320x50&udid=381b814595a48f41e61cf4a8696fe55da35d13b2&ll=53.700804,-1.415549&q=Local%20Favorites:%20E%20Rayner%20&%20Son%20&id=agltb3B1Yi1pbmNyDAsSBFNpdGUY6ckDDA HTTP/1.1" 200 645 - "Mediapartners-Google,gzip(gfe),gzip(gfe)"
86.151.92.166 - - [17/Sep/2010:02:29:16 -0700] "GET /m/ad?v=1&f=320x50&udid=381b814595a48f41e61cf4a8696fe55da35d13b2&ll=53.700830,-1.415951&q=beauty%20&id=agltb3B1Yi1pbmNyDAsSBFNpdGUYsbIDDA HTTP/1.1" 200 843 - "nearby-iphone/1.4 CFNetwork/485.10.2 Darwin/10.3.1,gzip(gfe),gzip(gfe)"
0.1.0.2 - - [17/Sep/2010:02:29:16 -0700] "POST /m/track/i HTTP/1.1" 200 124 "http://www.mopub-inc.com/m/ad?v=1&f=320x50&udid=381b814595a48f41e61cf4a8696fe55da35d13b2&ll=53.700830,-1.415951&q=beauty%20&id=agltb3B1Yi1pbmNyDAsSBFNpdGUYsbIDDA" "AppEngine-Google; (+http://code.google.com/appengine)"
66.249.71.23 - - [17/Sep/2010:02:29:18 -0700] "GET /m/ad?v=1&f=320x50&udid=381b814595a48f41e61cf4a8696fe55da35d13b2&ll=53.700830,-1.415951&q=beauty%20&id=agltb3B1Yi1pbmNyDAsSBFNpdGUYsbIDDA HTTP/1.1" 200 629 - "Mediapartners-Google,gzip(gfe),gzip(gfe)"
86.151.92.166 - - [17/Sep/2010:02:29:19 -0700] "GET /m/ad?v=1&f=320x50&udid=381b814595a48f41e61cf4a8696fe55da35d13b2&ll=53.700830,-1.415951&q=beauty%20:%20The%20Beach%20Hut%20&id=agltb3B1Yi1pbmNyDAsSBFNpdGUY6ckDDA HTTP/1.1" 200 859 - "nearby-iphone/1.4 CFNetwork/485.10.2 Darwin/10.3.1,gzip(gfe),gzip(gfe)"
0.1.0.2 - - [17/Sep/2010:02:29:19 -0700] "POST /m/track/i HTTP/1.1" 200 124 "http://www.mopub-inc.com/m/ad?v=1&f=320x50&udid=381b814595a48f41e61cf4a8696fe55da35d13b2&ll=53.700830,-1.415951&q=beauty%20:%20The%20Beach%20Hut%20&id=agltb3B1Yi1pbmNyDAsSBFNpdGUY6ckDDA" "AppEngine-Google; (+http://code.google.com/appengine)"
66.249.71.111 - - [17/Sep/2010:02:29:20 -0700] "GET /m/ad?v=1&f=320x50&udid=381b814595a48f41e61cf4a8696fe55da35d13b2&ll=53.700830,-1.415951&q=beauty%20:%20The%20Beach%20Hut%20&id=agltb3B1Yi1pbmNyDAsSBFNpdGUY6ckDDA HTTP/1.1" 200 641 - "Mediapartners-Google,gzip(gfe),gzip(gfe)"
82.25.163.57 - - [17/Sep/2010:02:32:39 -0700] "GET /m/ad?v=1&f=320x50_mb&udid=493651c10b53191c421ac9fabc6e7e635937ca2c&q=Twilight%20When%2017%20year%20old%20Isabella%20Swan%20moves%20to%20Forks,%20Washington%20to%20live%20with%20her%20father%20she%20expects%20that%20her%20new%20life%20will%20be%20as%20dull%20as%20the%20town.%20But%20in%20spite%20of%20her%20awkward%20manner%20and%20low%20expectations,%20she%20finds%20that%20her%20new%20classmates%20are%20drawn%20to%20this%20...&id=agltb3B1Yi1pbmNyDAsSBFNpdGUY0dEDDA HTTP/1.1" 200 780 - "Mozilla/5.0 (iPhone; U; CPU iPhone OS 4_0_2 like Mac OS X; en-us) AppleWebKit/532.9 (KHTML, like Gecko) Mobile/8A400,gzip(gfe),gzip(gfe)"
0.1.0.2 - - [17/Sep/2010:02:32:39 -0700] "POST /m/track/i HTTP/1.1" 200 124 - "AppEngine-Google; (+http://code.google.com/appengine)"
66.249.71.72 - - [17/Sep/2010:02:32:40 -0700] "GET /m/ad?v=1&f=320x50_mb&udid=493651c10b53191c421ac9fabc6e7e635937ca2c&q=Twilight%20When%2017%20year%20old%20Isabella%20Swan%20moves%20to%20Forks,%20Washington%20to%20live%20with%20her%20father%20she%20expects%20that%20her%20new%20life%20will%20be%20as%20dull%20as%20the%20town.%20But%20in%20spite%20of%20her%20awkward%20manner%20and%20low%20expectations,%20she%20finds%20that%20her%20new%20classmates%20are%20drawn%20to%20this%20...&id=agltb3B1Yi1pbmNyDAsSBFNpdGUY0dEDDA HTTP/1.1" 200 780 - "Mediapartners-Google,gzip(gfe),gzip(gfe)"
82.25.163.57 - - [17/Sep/2010:02:32:46 -0700] "GET /m/ad?v=1&f=320x50_mb&udid=493651c10b53191c421ac9fabc6e7e635937ca2c&q=Twilight%20When%2017%20year%20old%20Isabella%20Swan%20moves%20to%20Forks,%20Washington%20to%20live%20with%20her%20father%20she%20expects%20that%20her%20new%20life%20will%20be%20as%20dull%20as%20the%20town.%20But%20in%20spite%20of%20her%20awkward%20manner%20and%20low%20expectations,%20she%20finds%20that%20her%20new%20classmates%20are%20drawn%20to%20this%20...&id=agltb3B1Yi1pbmNyDAsSBFNpdGUY0dEDDA HTTP/1.1" 200 780 - "Mozilla/5.0 (iPhone; U; CPU iPhone OS 4_0_2 like Mac OS X; en-us) AppleWebKit/532.9 (KHTML, like Gecko) Mobile/8A400,gzip(gfe),gzip(gfe)"
0.1.0.2 - - [17/Sep/2010:02:32:46 -0700] "POST /m/track/i HTTP/1.1" 200 124 - "AppEngine-Google; (+http://code.google.com/appengine)"
82.25.163.57 - - [17/Sep/2010:02:32:49 -0700] "GET /m/ad?v=1&f=320x50_mb&udid=493651c10b53191c421ac9fabc6e7e635937ca2c&q=Onkyo%20TX-SR607B%20Black%207.1-Channel%20AV%20Home%20Theater%20Receiver%20The%20TX-SR607%20raises%20the%20bar%20once%20again%20in%20the%20competitive%20world%20of%20mid-range%20home%20theater.%20With%20HDMI%201.3a%20inputs%20for%20up%20to%20six%20components%20its%20ready%20to%20handle%20all%20your%20high-definition%20video%20and%20audio%20needs.%20Whether%20its%20a%20Blu-ray%20Disc%20player%20a%20cable%20%20...&id=agltb3B1Yi1pbmNyDAsSBFNpdGUY0dEDDA HTTP/1.1" 200 825 - "Mozilla/5.0 (iPhone; U; CPU iPhone OS 4_0_2 like Mac OS X; en-us) AppleWebKit/532.9 (KHTML, like Gecko) Mobile/8A400,gzip(gfe),gzip(gfe)"
0.1.0.2 - - [17/Sep/2010:02:32:49 -0700] "POST /m/track/i HTTP/1.1" 200 124 - "AppEngine-Google; (+http://code.google.com/appengine)"
66.249.71.121 - - [17/Sep/2010:02:32:50 -0700] "GET /m/ad?v=1&f=320x50_mb&udid=493651c10b53191c421ac9fabc6e7e635937ca2c&q=Onkyo%20TX-SR607B%20Black%207.1-Channel%20AV%20Home%20Theater%20Receiver%20The%20TX-SR607%20raises%20the%20bar%20once%20again%20in%20the%20competitive%20world%20of%20mid-range%20home%20theater.%20With%20HDMI%201.3a%20inputs%20for%20up%20to%20six%20components%20its%20ready%20to%20handle%20all%20your%20high-definition%20video%20and%20audio%20needs.%20Whether%20its%20a%20Blu-ray%20Disc%20player%20a%20cable%20%20...&id=agltb3B1Yi1pbmNyDAsSBFNpdGUY0dEDDA HTTP/1.1" 200 825 - "Mediapartners-Google,gzip(gfe),gzip(gfe)"
82.25.163.57 - - [17/Sep/2010:02:33:00 -0700] "GET /m/ad?v=1&f=320x50_mb&udid=493651c10b53191c421ac9fabc6e7e635937ca2c&q=Onkyo%20TX-SR607B%20Black%207.1-Channel%20AV%20Home%20Theater%20Receiver%20The%20TX-SR607%20raises%20the%20bar%20once%20again%20in%20the%20competitive%20world%20of%20mid-range%20home%20theater.%20With%20HDMI%201.3a%20inputs%20for%20up%20to%20six%20components%20its%20ready%20to%20handle%20all%20your%20high-definition%20video%20and%20audio%20needs.%20Whether%20its%20a%20Blu-ray%20Disc%20player%20a%20cable%20%20...&id=agltb3B1Yi1pbmNyDAsSBFNpdGUY0dEDDA HTTP/1.1" 200 825 - "Mozilla/5.0 (iPhone; U; CPU iPhone OS 4_0_2 like Mac OS X; en-us) AppleWebKit/532.9 (KHTML, like Gecko) Mobile/8A400,gzip(gfe),gzip(gfe)"
0.1.0.2 - - [17/Sep/2010:02:33:00 -0700] "POST /m/track/i HTTP/1.1" 200 124 - "AppEngine-Google; (+http://code.google.com/appengine)"
82.25.163.57 - - [17/Sep/2010:02:33:02 -0700] "GET /m/ad?v=1&f=320x50_mb&udid=493651c10b53191c421ac9fabc6e7e635937ca2c&q=Onkyo%20TX-SR607B%20Black%207.1-Channel%20AV%20Home%20Theater%20Receiver%20The%20TX-SR607%20raises%20the%20bar%20once%20again%20in%20the%20competitive%20world%20of%20mid-range%20home%20theater.%20With%20HDMI%201.3a%20inputs%20for%20up%20to%20six%20components%20its%20ready%20to%20handle%20all%20your%20high-definition%20video%20and%20audio%20needs.%20Whether%20its%20a%20Blu-ray%20Disc%20player%20a%20cable%20%20...&id=agltb3B1Yi1pbmNyDAsSBFNpdGUY0dEDDA HTTP/1.1" 200 825 - "Mozilla/5.0 (iPhone; U; CPU iPhone OS 4_0_2 like Mac OS X; en-us) AppleWebKit/532.9 (KHTML, like Gecko) Mobile/8A400,gzip(gfe),gzip(gfe)"
0.1.0.2 - - [17/Sep/2010:02:33:03 -0700] "POST /m/track/i HTTP/1.1" 200 124 - "AppEngine-Google; (+http://code.google.com/appengine)"
119.234.0.14 - - [17/Sep/2010:02:33:05 -0700] "GET /m/ad?v=1&f=320x50&udid=7cf2b7830ee8a3d3010c17d9973a484389f202ab&ll=1.434903,103.786115&q=Restaurants&id=agltb3B1Yi1pbmNyDAsSBFNpdGUYsbIDDA HTTP/1.1" 200 847 - "nearby-iphone/1.4 CFNetwork/459 Darwin/10.0.0d3,gzip(gfe),gzip(gfe)"
0.1.0.2 - - [17/Sep/2010:02:33:06 -0700] "POST /m/track/i HTTP/1.1" 200 124 "http://www.mopub-inc.com/m/ad?v=1&f=320x50&udid=7cf2b7830ee8a3d3010c17d9973a484389f202ab&ll=1.434903,103.786115&q=Restaurants&id=agltb3B1Yi1pbmNyDAsSBFNpdGUYsbIDDA" "AppEngine-Google; (+http://code.google.com/appengine)"
66.249.71.111 - - [17/Sep/2010:02:33:09 -0700] "GET /m/ad?v=1&f=320x50&udid=7cf2b7830ee8a3d3010c17d9973a484389f202ab&ll=1.434903,103.786115&q=Restaurants&id=agltb3B1Yi1pbmNyDAsSBFNpdGUYsbIDDA HTTP/1.1" 200 632 - "Mediapartners-Google,gzip(gfe),gzip(gfe)"
66.249.71.44 - - [17/Sep/2010:02:33:56 -0700] "GET /robots.txt HTTP/1.1" 404 124 - "Mozilla/5.0 (compatible; Googlebot/2.1; +http://www.google.com/bot.html),gzip(gfe),gzip(gfe)"
97.58.125.68 - - [17/Sep/2010:02:34:00 -0700] "GET /m/ad?v=1&id=agltb3B1Yi1pbmNyDAsSBFNpdGUYmboDDA&udid=22a0000015e2970c&q=lobster&ll=41.705984,-71.452392 HTTP/1.1" 200 643 - "Mozilla/5.0 (Linux; U; Android 2.2; en-us; Droid Build/FRG22D) AppleWebKit/533.1 (KHTML, like Gecko) Version/4.0 Mobile Safari/533.1,gzip(gfe),gzip(gfe)"
0.1.0.2 - - [17/Sep/2010:02:34:01 -0700] "POST /m/track/i HTTP/1.1" 200 124 "http://ads.mopub-inc.com/m/ad?v=1&id=agltb3B1Yi1pbmNyDAsSBFNpdGUYmboDDA&udid=22a0000015e2970c&q=lobster&ll=41.705984,-71.452392" "AppEngine-Google; (+http://code.google.com/appengine)"
66.249.71.174 - - [17/Sep/2010:02:34:02 -0700] "GET /m/ad?v=1&id=agltb3B1Yi1pbmNyDAsSBFNpdGUYmboDDA&udid=22a0000015e2970c&q=lobster&ll=41.705984,-71.452392 HTTP/1.1" 200 643 - "Mediapartners-Google,gzip(gfe),gzip(gfe)"
0.1.0.2 - - [17/Sep/2010:02:34:33 -0700] "POST /m/track/i HTTP/1.1" 200 124 "http://ads.mopub-inc.com/m/ad?v=1&id=agltb3B1Yi1pbmNyDAsSBFNpdGUYmboDDA&udid=22a0000015e2970c&q=late%20night&ll=41.705984,-71.452392" "AppEngine-Google; (+http://code.google.com/appengine)"
97.58.125.68 - - [17/Sep/2010:02:34:33 -0700] "GET /m/ad?v=1&id=agltb3B1Yi1pbmNyDAsSBFNpdGUYmboDDA&udid=22a0000015e2970c&q=late%20night&ll=41.705984,-71.452392 HTTP/1.1" 200 644 - "Mozilla/5.0 (Linux; U; Android 2.2; en-us; Droid Build/FRG22D) AppleWebKit/533.1 (KHTML, like Gecko) Version/4.0 Mobile Safari/533.1,gzip(gfe),gzip(gfe)"
66.249.71.201 - - [17/Sep/2010:02:34:34 -0700] "GET /m/ad?v=1&id=agltb3B1Yi1pbmNyDAsSBFNpdGUYmboDDA&udid=22a0000015e2970c&q=late%20night&ll=41.705984,-71.452392 HTTP/1.1" 200 644 - "Mediapartners-Google,gzip(gfe),gzip(gfe)"
220.237.116.181 - - [17/Sep/2010:02:35:04 -0700] "GET /m/ad?v=1&f=320x50&udid=2245ba9a607195f9b3263022b2e66e4e7339495e&ll=-37.854547,144.998980&q=Restaurants&id=agltb3B1Yi1pbmNyDAsSBFNpdGUYsbIDDA HTTP/1.1" 200 861 - "nearby-iphone/1.4 CFNetwork/485.2 Darwin/10.3.1,gzip(gfe),gzip(gfe)"
0.1.0.2 - - [17/Sep/2010:02:35:04 -0700] "POST /m/track/i HTTP/1.1" 200 124 "http://www.mopub-inc.com/m/ad?v=1&f=320x50&udid=2245ba9a607195f9b3263022b2e66e4e7339495e&ll=-37.854547,144.998980&q=Restaurants&id=agltb3B1Yi1pbmNyDAsSBFNpdGUYsbIDDA" "AppEngine-Google; (+http://code.google.com/appengine)"
66.249.71.79 - - [17/Sep/2010:02:35:05 -0700] "GET /m/ad?v=1&f=320x50&udid=2245ba9a607195f9b3263022b2e66e4e7339495e&ll=-37.854547,144.998980&q=Restaurants&id=agltb3B1Yi1pbmNyDAsSBFNpdGUYsbIDDA HTTP/1.1" 200 647 - "Mediapartners-Google,gzip(gfe),gzip(gfe)"
220.237.116.181 - - [17/Sep/2010:02:35:33 -0700] "GET /m/ad?v=1&f=320x50&udid=2245ba9a607195f9b3263022b2e66e4e7339495e&ll=-37.854547,144.998980&q=Restaurants:%20Jacques%20Reymond%20Restaurant%20Vin%20Cellar%20Flying%20Duck%20Hotel%20Basque%20Tapas%20&%20Wine%20La%20Couronne%20Bistro%20Francaise%20Orange%20Silom%20Thai%20Restaurant%20Lemnos%20Tavern%20&id=agltb3B1Yi1pbmNyDAsSBFNpdGUY6ckDDA HTTP/1.1" 200 932 - "nearby-iphone/1.4 CFNetwork/485.2 Darwin/10.3.1,gzip(gfe),gzip(gfe)"
0.1.0.2 - - [17/Sep/2010:02:35:33 -0700] "POST /m/track/i HTTP/1.1" 200 124 "http://www.mopub-inc.com/m/ad?v=1&f=320x50&udid=2245ba9a607195f9b3263022b2e66e4e7339495e&ll=-37.854547,144.998980&q=Restaurants:%20Jacques%20Reymond%20Restaurant%20Vin%20Cellar%20Flying%20Duck%20Hotel%20Basque%20Tapas%20&%20Wine%20La%20Couronne%20Bistro%20Francaise%20Orange%20Silom%20Thai%20Restaurant%20Lemnos%20Tavern%20&id=agltb3B1Yi1pbmNyDAsSBFNpdGUY6ckDDA" "AppEngine-Google; (+http://code.google.com/appengine)"
66.249.71.78 - - [17/Sep/2010:02:35:34 -0700] "GET /m/ad?v=1&f=320x50&udid=2245ba9a607195f9b3263022b2e66e4e7339495e&ll=-37.854547,144.998980&q=Restaurants:%20Jacques%20Reymond%20Restaurant%20Vin%20Cellar%20Flying%20Duck%20Hotel%20Basque%20Tapas%20&%20Wine%20La%20Couronne%20Bistro%20Francaise%20Orange%20Silom%20Thai%20Restaurant%20Lemnos%20Tavern%20&id=agltb3B1Yi1pbmNyDAsSBFNpdGUY6ckDDA HTTP/1.1" 200 695 - "Mediapartners-Google,gzip(gfe),gzip(gfe)"
88.6.169.218 - - [17/Sep/2010:02:35:43 -0700] "GET /m/ad?v=1&f=320x50&udid=86d31c6c6e85fd5c61a82a22719fa4e84f91d242&q=Charlie%20Parker%20&%20Miles%20Davis%20Birdsong%20Scrapple%20from%20the%20Apple&id=agltb3B1Yi1pbmNyDAsSBFNpdGUY2fgDDA HTTP/1.1" 200 267 - "RadioNinja/1.1 CFNetwork/485.10.2 Darwin/10.3.1,gzip(gfe),gzip(gfe)"
0.1.0.2 - - [17/Sep/2010:02:35:43 -0700] "POST /m/track/i HTTP/1.1" 200 124 "http://www.mopub-inc.com/m/ad?v=1&f=320x50&udid=86d31c6c6e85fd5c61a82a22719fa4e84f91d242&q=Charlie%20Parker%20&%20Miles%20Davis%20Birdsong%20Scrapple%20from%20the%20Apple&id=agltb3B1Yi1pbmNyDAsSBFNpdGUY2fgDDA" "AppEngine-Google; (+http://code.google.com/appengine)"
208.54.14.94 - - [17/Sep/2010:02:38:24 -0700] "GET /m/aclk?v=1&id=agltb3B1Yi1pbmNyDAsSBFNpdGUYmboDDA&udid=2001449c8576b7c4&q=taxi&ll=44.043581,-123.083257&r=http%3A%2F%2Fwww.mopub-inc.com%2Fm%2Fad%3Fv%3D1%26id%3Dagltb3B1Yi1pbmNyDAsSBFNpdGUYmboDDA%26udid%3D2001449c8576b7c4%26q%3Dtaxi%26ll%3D44.043581%2C-123.083257 HTTP/1.1" 302 261 - "Mozilla/5.0 (Linux; U; Android 1.5; en-us; MB200 Build/CUPCAKE) AppleWebKit/528.5+ (KHTML, like Gecko) Version/3.1.2 Mobile Safari/525.20.1,gzip(gfe),gzip(gfe)"
0.1.0.2 - - [17/Sep/2010:02:38:24 -0700] "POST /m/track/c HTTP/1.1" 200 124 "http://www.mopub-inc.com/m/aclk?v=1&id=agltb3B1Yi1pbmNyDAsSBFNpdGUYmboDDA&udid=2001449c8576b7c4&q=taxi&ll=44.043581,-123.083257&r=http%3A%2F%2Fwww.mopub-inc.com%2Fm%2Fad%3Fv%3D1%26id%3Dagltb3B1Yi1pbmNyDAsSBFNpdGUYmboDDA%26udid%3D2001449c8576b7c4%26q%3Dtaxi%26ll%3D44.043581%2C-123.083257" "AppEngine-Google; (+http://code.google.com/appengine)"
0.1.0.2 - - [17/Sep/2010:02:38:24 -0700] "POST /m/track/i HTTP/1.1" 200 124 "http://www.mopub-inc.com/m/ad?v=1&id=agltb3B1Yi1pbmNyDAsSBFNpdGUYmboDDA&udid=2001449c8576b7c4&q=taxi&ll=44.043581,-123.083257" "AppEngine-Google; (+http://code.google.com/appengine)"
208.54.14.94 - - [17/Sep/2010:02:38:24 -0700] "GET /m/ad?v=1&id=agltb3B1Yi1pbmNyDAsSBFNpdGUYmboDDA&udid=2001449c8576b7c4&q=taxi&ll=44.043581,-123.083257 HTTP/1.1" 200 639 - "Mozilla/5.0 (Linux; U; Android 1.5; en-us; MB200 Build/CUPCAKE) AppleWebKit/528.5+ (KHTML, like Gecko) Version/3.1.2 Mobile Safari/525.20.1,gzip(gfe),gzip(gfe)"
208.54.14.94 - - [17/Sep/2010:02:38:27 -0700] "GET /favicon.ico HTTP/1.1" 404 124 "http://www.mopub-inc.com/m/ad?v=1&id=agltb3B1Yi1pbmNyDAsSBFNpdGUYmboDDA&udid=2001449c8576b7c4&q=taxi&ll=44.043581,-123.083257" "Mozilla/5.0 (Linux; U; Android 1.5; en-us; MB200 Build/CUPCAKE) AppleWebKit/528.5+ (KHTML, like Gecko) Version/3.1.2 Mobile Safari/525.20.1,gzip(gfe),gzip(gfe)"
88.6.169.218 - - [17/Sep/2010:02:38:33 -0700] "GET /m/ad?v=1&f=320x50&udid=86d31c6c6e85fd5c61a82a22719fa4e84f91d242&q=Coleman%20Hawkins%20&%20Milt%20Jackson%20Bean%20Bags%20Stuffy&id=agltb3B1Yi1pbmNyDAsSBFNpdGUY2fgDDA HTTP/1.1" 200 267 - "RadioNinja/1.1 CFNetwork/485.10.2 Darwin/10.3.1,gzip(gfe),gzip(gfe)"
0.1.0.2 - - [17/Sep/2010:02:38:33 -0700] "POST /m/track/i HTTP/1.1" 200 124 "http://www.mopub-inc.com/m/ad?v=1&f=320x50&udid=86d31c6c6e85fd5c61a82a22719fa4e84f91d242&q=Coleman%20Hawkins%20&%20Milt%20Jackson%20Bean%20Bags%20Stuffy&id=agltb3B1Yi1pbmNyDAsSBFNpdGUY2fgDDA" "AppEngine-Google; (+http://code.google.com/appengine)"
208.54.14.94 - - [17/Sep/2010:02:40:14 -0700] "GET /m/aclk?v=1&id=agltb3B1Yi1pbmNyDAsSBFNpdGUYmboDDA&udid=2001449c8576b7c4&q=Oregon%20Taxi%20701%20High%20Street%0AEugene%2C%20OR&ll=44.05193,-123.087833&r=http%3A%2F%2Fwww.mopub-inc.com%2Fm%2Fad%3Fv%3D1%26id%3Dagltb3B1Yi1pbmNyDAsSBFNpdGUYmboDDA%26udid%3D2001449c8576b7c4%26q%3DOregon%2520Taxi%2520701%2520High%2520Street%250AEugene%252C%2520OR%26ll%3D44.05193%2C-123.087833 HTTP/1.1" 302 308 - "Mozilla/5.0 (Linux; U; Android 1.5; en-us; MB200 Build/CUPCAKE) AppleWebKit/528.5+ (KHTML, like Gecko) Version/3.1.2 Mobile Safari/525.20.1,gzip(gfe),gzip(gfe)"
