0.1.0.2 - - [17/Sep/2010:02:40:14 -0700] "POST /m/track/c HTTP/1.1" 200 124 "http://www.mopub-inc.com/m/aclk?v=1&id=agltb3B1Yi1pbmNyDAsSBFNpdGUYmboDDA&udid=2001449c8576b7c4&q=Oregon%20Taxi%20701%20High%20Street%0AEugene%2C%20OR&ll=44.05193,-123.087833&r=http%3A%2F%2Fwww.mopub-inc.com%2Fm%2Fad%3Fv%3D1%26id%3Dagltb3B1Yi1pbmNyDAsSBFNpdGUYmboDDA%26udid%3D2001449c8576b7c4%26q%3DOregon%2520Taxi%2520701%2520High%2520Street%250AEugene%252C%2520OR%26ll%3D44.05193%2C-123.087833" "AppEngine-Google; (+http://code.google.com/appengine)"
0.1.0.2 - - [17/Sep/2010:02:40:14 -0700] "POST /m/track/i HTTP/1.1" 200 124 "http://www.mopub-inc.com/m/ad?v=1&id=agltb3B1Yi1pbmNyDAsSBFNpdGUYmboDDA&udid=2001449c8576b7c4&q=Oregon%20Taxi%20701%20High%20Street%0AEugene%2C%20OR&ll=44.05193,-123.087833" "AppEngine-Google; (+http://code.google.com/appengine)"
208.54.14.94 - - [17/Sep/2010:02:40:14 -0700] "GET /m/ad?v=1&id=agltb3B1Yi1pbmNyDAsSBFNpdGUYmboDDA&udid=2001449c8576b7c4&q=Oregon%20Taxi%20701%20High%20Street%0AEugene%2C%20OR&ll=44.05193,-123.087833 HTTP/1.1" 200 665 - "Mozilla/5.0 (Linux; U; Android 1.5; en-us; MB200 Build/CUPCAKE) AppleWebKit/528.5+ (KHTML, like Gecko) Version/3.1.2 Mobile Safari/525.20.1,gzip(gfe),gzip(gfe)"
66.249.71.111 - - [17/Sep/2010:02:40:16 -0700] "GET /m/ad?v=1&id=agltb3B1Yi1pbmNyDAsSBFNpdGUYmboDDA&udid=2001449c8576b7c4&q=Oregon%20Taxi%20701%20High%20Street%0AEugene%2C%20OR&ll=44.05193,-123.087833 HTTP/1.1" 200 665 - "Mediapartners-Google,gzip(gfe),gzip(gfe)"
0.1.0.2 - - [17/Sep/2010:02:43:09 -0700] "POST /m/track/i HTTP/1.1" 200 124 "http://www.mopub-inc.com/m/ad?v=1&f=320x50&udid=376208a2a7a96050549c297a5f25248275fe0dd3&ll=1.361431,103.889861&q=sushi%20tei&id=agltb3B1Yi1pbmNyDAsSBFNpdGUYsbIDDA" "AppEngine-Google; (+http://code.google.com/appengine)"
119.234.0.29 - - [17/Sep/2010:02:43:09 -0700] "GET /m/ad?v=1&f=320x50&udid=376208a2a7a96050549c297a5f25248275fe0dd3&ll=1.361431,103.889861&q=sushi%20tei&id=agltb3B1Yi1pbmNyDAsSBFNpdGUYsbIDDA HTTP/1.1" 200 849 - "nearby-iphone/1.4 CFNetwork/485.10.2 Darwin/10.3.1,gzip(gfe),gzip(gfe)"
0.1.0.2 - - [17/Sep/2010:02:43:21 -0700] "POST /m/track/i HTTP/1.1" 200 124 "http://www.mopub-inc.com/m/ad?v=1&f=320x50&udid=376208a2a7a96050549c297a5f25248275fe0dd3&ll=1.361431,103.889861&q=sushi%20tei:%20Sushi%20Tei%20(Serangoon%20Gardens)%20&id=agltb3B1Yi1pbmNyDAsSBFNpdGUY6ckDDA" "AppEngine-Google; (+http://code.google.com/appengine)"
119.234.0.29 - - [17/Sep/2010:02:43:22 -0700] "GET /m/ad?v=1&f=320x50&udid=376208a2a7a96050549c297a5f25248275fe0dd3&ll=1.361431,103.889861&q=sushi%20tei:%20Sushi%20Tei%20(Serangoon%20Gardens)%20&id=agltb3B1Yi1pbmNyDAsSBFNpdGUY6ckDDA HTTP/1.1" 200 881 - "nearby-iphone/1.4 CFNetwork/485.10.2 Darwin/10.3.1,gzip(gfe),gzip(gfe)"
94.168.148.139 - - [17/Sep/2010:02:44:08 -0700] "GET /m/ad?v=1&f=320x50&udid=ab0f89a92f6d60c25c1f1f2dd3147712c6e2b281&ll=56.493054,-2.971398&q=Bars&id=agltb3B1Yi1pbmNyDAsSBFNpdGUYsbIDDA HTTP/1.1" 200 840 - "nearby-iphone/1.4 CFNetwork/485.10.2 Darwin/10.3.1,gzip(gfe),gzip(gfe)"
0.1.0.2 - - [17/Sep/2010:02:44:08 -0700] "POST /m/track/i HTTP/1.1" 200 124 "http://www.mopub-inc.com/m/ad?v=1&f=320x50&udid=ab0f89a92f6d60c25c1f1f2dd3147712c6e2b281&ll=56.493054,-2.971398&q=Bars&id=agltb3B1Yi1pbmNyDAsSBFNpdGUYsbIDDA" "AppEngine-Google; (+http://code.google.com/appengine)"
66.249.71.42 - - [17/Sep/2010:02:44:10 -0700] "GET /m/ad?v=1&f=320x50&udid=ab0f89a92f6d60c25c1f1f2dd3147712c6e2b281&ll=56.493054,-2.971398&q=Bars&id=agltb3B1Yi1pbmNyDAsSBFNpdGUYsbIDDA HTTP/1.1" 200 628 - "Mediapartners-Google,gzip(gfe),gzip(gfe)"
88.6.169.218 - - [17/Sep/2010:02:44:15 -0700] "GET /m/ad?v=1&f=320x50&udid=86d31c6c6e85fd5c61a82a22719fa4e84f91d242&q=Harry%20%22Sweets%22%20Edison,%20Lester%20Young%20&%20Oscar%20Peterson%20Ultimate%20Lester%20Young%20That\'s%20All%20(Master%20Take)&id=agltb3B1Yi1pbmNyDAsSBFNpdGUY2fgDDA HTTP/1.1" 200 267 - "RadioNinja/1.1 CFNetwork/485.10.2 Darwin/10.3.1,gzip(gfe),gzip(gfe)"
0.1.0.2 - - [17/Sep/2010:02:44:15 -0700] "POST /m/track/i HTTP/1.1" 200 124 "http://www.mopub-inc.com/m/ad?v=1&f=320x50&udid=86d31c6c6e85fd5c61a82a22719fa4e84f91d242&q=Harry%20%22Sweets%22%20Edison,%20Lester%20Young%20&%20Oscar%20Peterson%20Ultimate%20Lester%20Young%20That\'s%20All%20(Master%20Take)&id=agltb3B1Yi1pbmNyDAsSBFNpdGUY2fgDDA" "AppEngine-Google; (+http://code.google.com/appengine)"
0.1.0.2 - - [17/Sep/2010:02:45:15 -0700] "POST /m/track/i HTTP/1.1" 200 124 "http://www.mopub-inc.com/m/ad?v=1&f=320x50&udid=ab0f89a92f6d60c25c1f1f2dd3147712c6e2b281&ll=56.492590,-2.971791&q=Coffee&id=agltb3B1Yi1pbmNyDAsSBFNpdGUYsbIDDA" "AppEngine-Google; (+http://code.google.com/appengine)"
94.168.148.139 - - [17/Sep/2010:02:45:15 -0700] "GET /m/ad?v=1&f=320x50&udid=ab0f89a92f6d60c25c1f1f2dd3147712c6e2b281&ll=56.492590,-2.971791&q=Coffee&id=agltb3B1Yi1pbmNyDAsSBFNpdGUYsbIDDA HTTP/1.1" 200 842 - "nearby-iphone/1.4 CFNetwork/485.10.2 Darwin/10.3.1,gzip(gfe),gzip(gfe)"
66.249.71.23 - - [17/Sep/2010:02:45:16 -0700] "GET /m/ad?v=1&f=320x50&udid=ab0f89a92f6d60c25c1f1f2dd3147712c6e2b281&ll=56.492590,-2.971791&q=Coffee&id=agltb3B1Yi1pbmNyDAsSBFNpdGUYsbIDDA HTTP/1.1" 200 630 - "Mediapartners-Google,gzip(gfe),gzip(gfe)"
0.1.0.2 - - [17/Sep/2010:02:45:33 -0700] "POST /m/track/i HTTP/1.1" 200 124 "http://www.mopub-inc.com/m/ad?v=1&f=320x50&udid=ab0f89a92f6d60c25c1f1f2dd3147712c6e2b281&ll=56.492590,-2.971791&q=Coffee:%20Butties%20Forte\'s%20Beaumont%20Beverage%20Co%20BB%20\'S%20Coffee%20Break%20Starbucks%20Coffee%20Co%20Parlour%20Costa%20Coffee%20&id=agltb3B1Yi1pbmNyDAsSBFNpdGUY6ckDDA" "AppEngine-Google; (+http://code.google.com/appengine)"
94.168.148.139 - - [17/Sep/2010:02:45:33 -0700] "GET /m/ad?v=1&f=320x50&udid=ab0f89a92f6d60c25c1f1f2dd3147712c6e2b281&ll=56.492590,-2.971791&q=Coffee:%20Butties%20Forte\'s%20Beaumont%20Beverage%20Co%20BB%20\'S%20Coffee%20Break%20Starbucks%20Coffee%20Co%20Parlour%20Costa%20Coffee%20&id=agltb3B1Yi1pbmNyDAsSBFNpdGUY6ckDDA HTTP/1.1" 200 941 - "nearby-iphone/1.4 CFNetwork/485.10.2 Darwin/10.3.1,gzip(gfe),gzip(gfe)"
66.249.71.102 - - [17/Sep/2010:02:45:34 -0700] "GET /m/ad?v=1&f=320x50&udid=ab0f89a92f6d60c25c1f1f2dd3147712c6e2b281&ll=56.492590,-2.971791&q=Coffee:%20Butties%20Forte\'s%20Beaumont%20Beverage%20Co%20BB%20\'S%20Coffee%20Break%20Starbucks%20Coffee%20Co%20Parlour%20Costa%20Coffee%20&id=agltb3B1Yi1pbmNyDAsSBFNpdGUY6ckDDA HTTP/1.1" 200 692 - "Mediapartners-Google,gzip(gfe),gzip(gfe)"
94.168.148.139 - - [17/Sep/2010:02:45:47 -0700] "GET /m/ad?v=1&f=320x50&udid=ab0f89a92f6d60c25c1f1f2dd3147712c6e2b281&ll=56.492856,-2.971709&q=Bars&id=agltb3B1Yi1pbmNyDAsSBFNpdGUYsbIDDA HTTP/1.1" 200 840 - "nearby-iphone/1.4 CFNetwork/485.10.2 Darwin/10.3.1,gzip(gfe),gzip(gfe)"
0.1.0.2 - - [17/Sep/2010:02:45:47 -0700] "POST /m/track/i HTTP/1.1" 200 124 "http://www.mopub-inc.com/m/ad?v=1&f=320x50&udid=ab0f89a92f6d60c25c1f1f2dd3147712c6e2b281&ll=56.492856,-2.971709&q=Bars&id=agltb3B1Yi1pbmNyDAsSBFNpdGUYsbIDDA" "AppEngine-Google; (+http://code.google.com/appengine)"
66.249.71.44 - - [17/Sep/2010:02:45:48 -0700] "GET /m/ad?v=1&f=320x50&udid=ab0f89a92f6d60c25c1f1f2dd3147712c6e2b281&ll=56.492856,-2.971709&q=Bars&id=agltb3B1Yi1pbmNyDAsSBFNpdGUYsbIDDA HTTP/1.1" 200 628 - "Mediapartners-Google,gzip(gfe),gzip(gfe)"
94.168.148.139 - - [17/Sep/2010:02:45:51 -0700] "GET /m/ad?v=1&f=320x50&udid=db7e1bd6cd4e0fc75dcec6d1ac6d4da51f1234d1&ll=56.493057,-2.971953&q=Bars&id=agltb3B1Yi1pbmNyDAsSBFNpdGUYsbIDDA HTTP/1.1" 200 861 - "nearby-iphone/1.4 CFNetwork/485.10.2 Darwin/10.3.1,gzip(gfe),gzip(gfe)"
0.1.0.2 - - [17/Sep/2010:02:45:51 -0700] "POST /m/track/i HTTP/1.1" 200 124 "http://www.mopub-inc.com/m/ad?v=1&f=320x50&udid=db7e1bd6cd4e0fc75dcec6d1ac6d4da51f1234d1&ll=56.493057,-2.971953&q=Bars&id=agltb3B1Yi1pbmNyDAsSBFNpdGUYsbIDDA" "AppEngine-Google; (+http://code.google.com/appengine)"
66.249.71.111 - - [17/Sep/2010:02:45:58 -0700] "GET /m/ad?v=1&f=320x50&udid=db7e1bd6cd4e0fc75dcec6d1ac6d4da51f1234d1&ll=56.493057,-2.971953&q=Bars&id=agltb3B1Yi1pbmNyDAsSBFNpdGUYsbIDDA HTTP/1.1" 200 642 - "Mediapartners-Google,gzip(gfe),gzip(gfe)"
0.1.0.2 - - [17/Sep/2010:02:46:13 -0700] "POST /m/track/i HTTP/1.1" 200 124 "http://www.mopub-inc.com/m/ad?v=1&f=320x50&udid=ab0f89a92f6d60c25c1f1f2dd3147712c6e2b281&ll=56.492856,-2.971709&q=Bars:%20Seaton%20Country%20Club%20&id=agltb3B1Yi1pbmNyDAsSBFNpdGUY6ckDDA" "AppEngine-Google; (+http://code.google.com/appengine)"
94.168.148.139 - - [17/Sep/2010:02:46:13 -0700] "GET /m/ad?v=1&f=320x50&udid=ab0f89a92f6d60c25c1f1f2dd3147712c6e2b281&ll=56.492856,-2.971709&q=Bars:%20Seaton%20Country%20Club%20&id=agltb3B1Yi1pbmNyDAsSBFNpdGUY6ckDDA HTTP/1.1" 200 862 - "nearby-iphone/1.4 CFNetwork/485.10.2 Darwin/10.3.1,gzip(gfe),gzip(gfe)"
66.249.71.72 - - [17/Sep/2010:02:46:14 -0700] "GET /m/ad?v=1&f=320x50&udid=ab0f89a92f6d60c25c1f1f2dd3147712c6e2b281&ll=56.492856,-2.971709&q=Bars:%20Seaton%20Country%20Club%20&id=agltb3B1Yi1pbmNyDAsSBFNpdGUY6ckDDA HTTP/1.1" 200 645 - "Mediapartners-Google,gzip(gfe),gzip(gfe)"
0.1.0.2 - - [17/Sep/2010:02:46:15 -0700] "POST /m/track/i HTTP/1.1" 200 124 "http://www.mopub-inc.com/m/ad?v=1&f=320x50&udid=db7e1bd6cd4e0fc75dcec6d1ac6d4da51f1234d1&ll=56.493057,-2.971953&q=Bars:%20Seaton%20Country%20Club%20&id=agltb3B1Yi1pbmNyDAsSBFNpdGUY6ckDDA" "AppEngine-Google; (+http://code.google.com/appengine)"
94.168.148.139 - - [17/Sep/2010:02:46:15 -0700] "GET /m/ad?v=1&f=320x50&udid=db7e1bd6cd4e0fc75dcec6d1ac6d4da51f1234d1&ll=56.493057,-2.971953&q=Bars:%20Seaton%20Country%20Club%20&id=agltb3B1Yi1pbmNyDAsSBFNpdGUY6ckDDA HTTP/1.1" 200 883 - "nearby-iphone/1.4 CFNetwork/485.10.2 Darwin/10.3.1,gzip(gfe),gzip(gfe)"
66.249.71.77 - - [17/Sep/2010:02:46:17 -0700] "GET /m/ad?v=1&f=320x50&udid=db7e1bd6cd4e0fc75dcec6d1ac6d4da51f1234d1&ll=56.493057,-2.971953&q=Bars:%20Seaton%20Country%20Club%20&id=agltb3B1Yi1pbmNyDAsSBFNpdGUY6ckDDA HTTP/1.1" 200 660 - "Mediapartners-Google,gzip(gfe),gzip(gfe)"
217.23.199.179 - - [17/Sep/2010:02:46:17 -0700] "GET /m/ad?v=1&f=320x50&udid=8f9adc116e24dc8bf03f39628e3566b8c94f4359&q=(null)&id=agltb3B1Yi1pbmNyDAsSBFNpdGUY2fgDDA HTTP/1.1" 200 267 - "RadioNinja/1.1 CFNetwork/485.2 Darwin/10.3.1,gzip(gfe),gzip(gfe)"
0.1.0.2 - - [17/Sep/2010:02:46:18 -0700] "POST /m/track/i HTTP/1.1" 200 124 "http://www.mopub-inc.com/m/ad?v=1&f=320x50&udid=8f9adc116e24dc8bf03f39628e3566b8c94f4359&q=(null)&id=agltb3B1Yi1pbmNyDAsSBFNpdGUY2fgDDA" "AppEngine-Google; (+http://code.google.com/appengine)"
0.1.0.2 - - [17/Sep/2010:02:46:21 -0700] "POST /m/track/i HTTP/1.1" 200 124 "http://www.mopub-inc.com/m/ad?v=1&f=320x50&udid=8f9adc116e24dc8bf03f39628e3566b8c94f4359&q=The%20Black%20Eyed%20Peas%20The%20E.N.D.%20(The%20Energy%20Never%20Dies)%20Missing%20You&id=agltb3B1Yi1pbmNyDAsSBFNpdGUY2fgDDA" "AppEngine-Google; (+http://code.google.com/appengine)"
217.23.199.179 - - [17/Sep/2010:02:46:21 -0700] "GET /m/ad?v=1&f=320x50&udid=8f9adc116e24dc8bf03f39628e3566b8c94f4359&q=The%20Black%20Eyed%20Peas%20The%20E.N.D.%20(The%20Energy%20Never%20Dies)%20Missing%20You&id=agltb3B1Yi1pbmNyDAsSBFNpdGUY2fgDDA HTTP/1.1" 200 267 - "RadioNinja/1.1 CFNetwork/485.2 Darwin/10.3.1,gzip(gfe),gzip(gfe)"
0.1.0.2 - - [17/Sep/2010:02:46:51 -0700] "POST /m/track/i HTTP/1.1" 200 124 "http://www.mopub-inc.com/m/ad?v=1&f=320x50&udid=ab0f89a92f6d60c25c1f1f2dd3147712c6e2b281&ll=56.492856,-2.971709&q=Bars:%20Aubergine%20Restaurant%20and%20Grill%20Bar%20Dundee%20&id=agltb3B1Yi1pbmNyDAsSBFNpdGUY6ckDDA" "AppEngine-Google; (+http://code.google.com/appengine)"
94.168.148.139 - - [17/Sep/2010:02:46:51 -0700] "GET /m/ad?v=1&f=320x50&udid=ab0f89a92f6d60c25c1f1f2dd3147712c6e2b281&ll=56.492856,-2.971709&q=Bars:%20Aubergine%20Restaurant%20and%20Grill%20Bar%20Dundee%20&id=agltb3B1Yi1pbmNyDAsSBFNpdGUY6ckDDA HTTP/1.1" 200 884 - "nearby-iphone/1.4 CFNetwork/485.10.2 Darwin/10.3.1,gzip(gfe),gzip(gfe)"
66.249.71.22 - - [17/Sep/2010:02:46:52 -0700] "GET /m/ad?v=1&f=320x50&udid=ab0f89a92f6d60c25c1f1f2dd3147712c6e2b281&ll=56.492856,-2.971709&q=Bars:%20Aubergine%20Restaurant%20and%20Grill%20Bar%20Dundee%20&id=agltb3B1Yi1pbmNyDAsSBFNpdGUY6ckDDA HTTP/1.1" 200 660 - "Mediapartners-Google,gzip(gfe),gzip(gfe)"
94.168.148.139 - - [17/Sep/2010:02:47:02 -0700] "GET /m/aclk?v=1&udid=ab0f89a92f6d60c25c1f1f2dd3147712c6e2b281&q=Bars&id=agltb3B1Yi1pbmNyDAsSBFNpdGUYsbIDDA&r=http%3A%2F%2Fgoogleads.g.doubleclick.net%2Faclk%3Fsa%3Dl%26ai%3DBzz9nyziTTIuDNKTJjQfDieH6BemfpoUBn7P_uQrAjbcB0P8uEAEYASDgr4IdOABQwOuU1QRgu9bJg9wKsgEYd3d3LmhpZ2hub3RlbmV0d29ya3MuY29tugEJMzIweDUwX21iyAEB2gGtAWh0dHA6Ly93d3cuaGlnaG5vdGVuZXR3b3Jrcy5jb20vbS9hZD92PTEmZj0zMjB4NTAmdWRpZD1hYjBmODlhOTJmNmQ2MGMyNWMxZjFmMmRkMzE0NzcxMmM2ZTJiMjgxJmxsPTU2LjQ5Mjg1NiwtMi45NzE3MDkmcT1CYXJzJmlkPWFoRm9hV2RvYm05MFpTMXVaWFIzYjNKcmMzSU1DeElFVTJsMFpSaXhzZ01NqQIYnIk10fG1PqgDAfUDAAAAxA%26num%3D1%26sig%3DAGiWqtwJJxgVGNXCLKcWpSBZTt6r0nYS6Q%26client%3Dca-mb-pub-5592664190023354%26adurl%3Dhttp%3A%2F%2Fwww.it-staffing.nl/centor/ HTTP/1.1" 302 702 - "Mozilla/5.0 (iPhone; U; CPU iPhone OS 4_1 like Mac OS X; en-us) AppleWebKit/532.9 (KHTML, like Gecko) Mobile/8B117,gzip(gfe),gzip(gfe)"
0.1.0.2 - - [17/Sep/2010:02:47:02 -0700] "POST /m/track/c HTTP/1.1" 200 124 - "AppEngine-Google; (+http://code.google.com/appengine)"
0.1.0.2 - - [17/Sep/2010:02:47:11 -0700] "POST /m/track/i HTTP/1.1" 200 124 "http://www.mopub-inc.com/m/ad?v=1&f=320x50&udid=db7e1bd6cd4e0fc75dcec6d1ac6d4da51f1234d1&ll=56.493057,-2.971953&q=snooker&id=agltb3B1Yi1pbmNyDAsSBFNpdGUYsbIDDA" "AppEngine-Google; (+http://code.google.com/appengine)"
94.168.148.139 - - [17/Sep/2010:02:47:12 -0700] "GET /m/ad?v=1&f=320x50&udid=db7e1bd6cd4e0fc75dcec6d1ac6d4da51f1234d1&ll=56.493057,-2.971953&q=snooker&id=agltb3B1Yi1pbmNyDAsSBFNpdGUYsbIDDA HTTP/1.1" 200 864 - "nearby-iphone/1.4 CFNetwork/485.10.2 Darwin/10.3.1,gzip(gfe),gzip(gfe)"
66.249.71.118 - - [17/Sep/2010:02:47:16 -0700] "GET /m/ad?v=1&f=320x50&udid=db7e1bd6cd4e0fc75dcec6d1ac6d4da51f1234d1&ll=56.493057,-2.971953&q=snooker&id=agltb3B1Yi1pbmNyDAsSBFNpdGUYsbIDDA HTTP/1.1" 200 644 - "Mediapartners-Google,gzip(gfe),gzip(gfe)"
0.1.0.2 - - [17/Sep/2010:02:47:52 -0700] "POST /m/track/i HTTP/1.1" 200 124 "http://www.mopub-inc.com/m/ad?v=1&f=320x50&udid=14bb03e1948b9cf73098a5c1fb05ea8213e5f3f7&ll=25.088128,121.526299&q=baleno&id=agltb3B1Yi1pbmNyDAsSBFNpdGUYsbIDDA" "AppEngine-Google; (+http://code.google.com/appengine)"
180.205.69.180 - - [17/Sep/2010:02:47:53 -0700] "GET /m/ad?v=1&f=320x50&udid=14bb03e1948b9cf73098a5c1fb05ea8213e5f3f7&ll=25.088128,121.526299&q=baleno&id=agltb3B1Yi1pbmNyDAsSBFNpdGUYsbIDDA HTTP/1.1" 200 864 - "nearby-iphone/1.4 CFNetwork/485.2 Darwin/10.3.1,gzip(gfe),gzip(gfe)"
94.168.148.139 - - [17/Sep/2010:02:47:53 -0700] "GET /m/ad?v=1&f=320x50&udid=ab0f89a92f6d60c25c1f1f2dd3147712c6e2b281&ll=56.492986,-2.971927&q=Pubs&id=agltb3B1Yi1pbmNyDAsSBFNpdGUYsbIDDA HTTP/1.1" 200 861 - "nearby-iphone/1.4 CFNetwork/485.10.2 Darwin/10.3.1,gzip(gfe),gzip(gfe)"
0.1.0.2 - - [17/Sep/2010:02:47:53 -0700] "POST /m/track/i HTTP/1.1" 200 124 "http://www.mopub-inc.com/m/ad?v=1&f=320x50&udid=ab0f89a92f6d60c25c1f1f2dd3147712c6e2b281&ll=56.492986,-2.971927&q=Pubs&id=agltb3B1Yi1pbmNyDAsSBFNpdGUYsbIDDA" "AppEngine-Google; (+http://code.google.com/appengine)"
66.249.71.118 - - [17/Sep/2010:02:47:55 -0700] "GET /m/ad?v=1&f=320x50&udid=ab0f89a92f6d60c25c1f1f2dd3147712c6e2b281&ll=56.492986,-2.971927&q=Pubs&id=agltb3B1Yi1pbmNyDAsSBFNpdGUYsbIDDA HTTP/1.1" 200 643 - "Mediapartners-Google,gzip(gfe),gzip(gfe)"
66.249.71.121 - - [17/Sep/2010:02:47:56 -0700] "GET /m/ad?v=1&f=320x50&udid=14bb03e1948b9cf73098a5c1fb05ea8213e5f3f7&ll=25.088128,121.526299&q=baleno&id=agltb3B1Yi1pbmNyDAsSBFNpdGUYsbIDDA HTTP/1.1" 200 667 - "Mediapartners-Google,gzip(gfe),gzip(gfe)"
0.1.0.2 - - [17/Sep/2010:02:48:00 -0700] "POST /m/track/i HTTP/1.1" 200 124 "http://www.mopub-inc.com/m/ad?v=1&f=320x50&udid=14bb03e1948b9cf73098a5c1fb05ea8213e5f3f7&ll=25.088128,121.526299&q=baleno:%20BALENO%20&id=agltb3B1Yi1pbmNyDAsSBFNpdGUY6ckDDA" "AppEngine-Google; (+http://code.google.com/appengine)"
180.205.69.180 - - [17/Sep/2010:02:48:00 -0700] "GET /m/ad?v=1&f=320x50&udid=14bb03e1948b9cf73098a5c1fb05ea8213e5f3f7&ll=25.088128,121.526299&q=baleno:%20BALENO%20&id=agltb3B1Yi1pbmNyDAsSBFNpdGUY6ckDDA HTTP/1.1" 200 873 - "nearby-iphone/1.4 CFNetwork/485.2 Darwin/10.3.1,gzip(gfe),gzip(gfe)"
0.1.0.2 - - [17/Sep/2010:02:48:01 -0700] "POST /m/track/i HTTP/1.1" 200 124 "http://www.mopub-inc.com/m/ad?v=1&f=320x50&udid=ab0f89a92f6d60c25c1f1f2dd3147712c6e2b281&ll=56.492986,-2.971927&q=Pubs:%20LP%20Pub%20Company%20&id=agltb3B1Yi1pbmNyDAsSBFNpdGUY6ckDDA" "AppEngine-Google; (+http://code.google.com/appengine)"
94.168.148.139 - - [17/Sep/2010:02:48:01 -0700] "GET /m/ad?v=1&f=320x50&udid=ab0f89a92f6d60c25c1f1f2dd3147712c6e2b281&ll=56.492986,-2.971927&q=Pubs:%20LP%20Pub%20Company%20&id=agltb3B1Yi1pbmNyDAsSBFNpdGUY6ckDDA HTTP/1.1" 200 878 - "nearby-iphone/1.4 CFNetwork/485.10.2 Darwin/10.3.1,gzip(gfe),gzip(gfe)"
66.249.71.123 - - [17/Sep/2010:02:48:01 -0700] "GET /m/ad?v=1&f=320x50&udid=ab0f89a92f6d60c25c1f1f2dd3147712c6e2b281&ll=56.492986,-2.971927&q=Pubs:%20LP%20Pub%20Company%20&id=agltb3B1Yi1pbmNyDAsSBFNpdGUY6ckDDA HTTP/1.1" 200 656 - "Mediapartners-Google,gzip(gfe),gzip(gfe)"
66.249.71.102 - - [17/Sep/2010:02:48:04 -0700] "GET /m/ad?v=1&f=320x50&udid=14bb03e1948b9cf73098a5c1fb05ea8213e5f3f7&ll=25.088128,121.526299&q=baleno:%20BALENO%20&id=agltb3B1Yi1pbmNyDAsSBFNpdGUY6ckDDA HTTP/1.1" 200 681 - "Mediapartners-Google,gzip(gfe),gzip(gfe)"
0.1.0.2 - - [17/Sep/2010:02:48:08 -0700] "POST /m/track/i HTTP/1.1" 200 124 "http://www.mopub-inc.com/m/ad?v=1&f=320x50&udid=14bb03e1948b9cf73098a5c1fb05ea8213e5f3f7&ll=25.088128,121.526299&q=baleno:%20BALENO%20&id=agltb3B1Yi1pbmNyDAsSBFNpdGUY6ckDDA" "AppEngine-Google; (+http://code.google.com/appengine)"
180.205.69.180 - - [17/Sep/2010:02:48:08 -0700] "GET /m/ad?v=1&f=320x50&udid=14bb03e1948b9cf73098a5c1fb05ea8213e5f3f7&ll=25.088128,121.526299&q=baleno:%20BALENO%20&id=agltb3B1Yi1pbmNyDAsSBFNpdGUY6ckDDA HTTP/1.1" 200 873 - "nearby-iphone/1.4 CFNetwork/485.2 Darwin/10.3.1,gzip(gfe),gzip(gfe)"
0.1.0.2 - - [17/Sep/2010:02:48:13 -0700] "POST /m/track/i HTTP/1.1" 200 124 "http://www.mopub-inc.com/m/ad?v=1&f=320x50&udid=ab0f89a92f6d60c25c1f1f2dd3147712c6e2b281&ll=56.492986,-2.971927&q=Pubs:%20White\'s%20Bar%20&id=agltb3B1Yi1pbmNyDAsSBFNpdGUY6ckDDA" "AppEngine-Google; (+http://code.google.com/appengine)"
94.168.148.139 - - [17/Sep/2010:02:48:13 -0700] "GET /m/ad?v=1&f=320x50&udid=ab0f89a92f6d60c25c1f1f2dd3147712c6e2b281&ll=56.492986,-2.971927&q=Pubs:%20White\'s%20Bar%20&id=agltb3B1Yi1pbmNyDAsSBFNpdGUY6ckDDA HTTP/1.1" 200 875 - "nearby-iphone/1.4 CFNetwork/485.10.2 Darwin/10.3.1,gzip(gfe),gzip(gfe)"
66.249.71.123 - - [17/Sep/2010:02:48:14 -0700] "GET /m/ad?v=1&f=320x50&udid=ab0f89a92f6d60c25c1f1f2dd3147712c6e2b281&ll=56.492986,-2.971927&q=Pubs:%20White\'s%20Bar%20&id=agltb3B1Yi1pbmNyDAsSBFNpdGUY6ckDDA HTTP/1.1" 200 656 - "Mediapartners-Google,gzip(gfe),gzip(gfe)"
94.168.148.139 - - [17/Sep/2010:02:48:44 -0700] "GET /m/ad?v=1&f=320x50&udid=ab0f89a92f6d60c25c1f1f2dd3147712c6e2b281&ll=56.492960,-2.971899&q=Restaurants&id=agltb3B1Yi1pbmNyDAsSBFNpdGUYsbIDDA HTTP/1.1" 200 868 - "nearby-iphone/1.4 CFNetwork/485.10.2 Darwin/10.3.1,gzip(gfe),gzip(gfe)"
0.1.0.2 - - [17/Sep/2010:02:48:44 -0700] "POST /m/track/i HTTP/1.1" 200 124 "http://www.mopub-inc.com/m/ad?v=1&f=320x50&udid=ab0f89a92f6d60c25c1f1f2dd3147712c6e2b281&ll=56.492960,-2.971899&q=Restaurants&id=agltb3B1Yi1pbmNyDAsSBFNpdGUYsbIDDA" "AppEngine-Google; (+http://code.google.com/appengine)"
66.249.71.101 - - [17/Sep/2010:02:48:45 -0700] "GET /m/ad?v=1&f=320x50&udid=ab0f89a92f6d60c25c1f1f2dd3147712c6e2b281&ll=56.492960,-2.971899&q=Restaurants&id=agltb3B1Yi1pbmNyDAsSBFNpdGUYsbIDDA HTTP/1.1" 200 647 - "Mediapartners-Google,gzip(gfe),gzip(gfe)"
0.1.0.2 - - [17/Sep/2010:02:49:03 -0700] "POST /m/track/i HTTP/1.1" 200 124 "http://www.mopub-inc.com/m/ad?v=1&f=320x50&udid=ab0f89a92f6d60c25c1f1f2dd3147712c6e2b281&ll=56.492931,-2.971968&q=Retail%20Stores&id=agltb3B1Yi1pbmNyDAsSBFNpdGUYsbIDDA" "AppEngine-Google; (+http://code.google.com/appengine)"
94.168.148.139 - - [17/Sep/2010:02:49:03 -0700] "GET /m/ad?v=1&f=320x50&udid=ab0f89a92f6d60c25c1f1f2dd3147712c6e2b281&ll=56.492931,-2.971968&q=Retail%20Stores&id=agltb3B1Yi1pbmNyDAsSBFNpdGUYsbIDDA HTTP/1.1" 200 870 - "nearby-iphone/1.4 CFNetwork/485.10.2 Darwin/10.3.1,gzip(gfe),gzip(gfe)"
66.249.71.173 - - [17/Sep/2010:02:49:04 -0700] "GET /m/ad?v=1&f=320x50&udid=ab0f89a92f6d60c25c1f1f2dd3147712c6e2b281&ll=56.492931,-2.971968&q=Retail%20Stores&id=agltb3B1Yi1pbmNyDAsSBFNpdGUYsbIDDA HTTP/1.1" 200 649 - "Mediapartners-Google,gzip(gfe),gzip(gfe)"
94.168.148.139 - - [17/Sep/2010:02:49:18 -0700] "GET /m/aclk?v=1&udid=ab0f89a92f6d60c25c1f1f2dd3147712c6e2b281&q=Retail%20Stores&id=agltb3B1Yi1pbmNyDAsSBFNpdGUYsbIDDA&r=http%3A%2F%2Fgoogleads.g.doubleclick.net%2Faclk%3Fsa%3Dl%26ai%3DB5cRjjzmTTNeALYG3jQevtrj5Bd3H880B3YCcmg7AjbcBwO0aEAEYASDgr4IdOABQ4taXgfn_____AWC71smD3AqyARh3d3cuaGlnaG5vdGVuZXR3b3Jrcy5jb226AQkzMjB4NTBfbWLIAQHaAbgBaHR0cDovL3d3dy5oaWdobm90ZW5ldHdvcmtzLmNvbS9tL2FkP3Y9MSZmPTMyMHg1MCZ1ZGlkPWFiMGY4OWE5MmY2ZDYwYzI1YzFmMWYyZGQzMTQ3NzEyYzZlMmIyODEmbGw9NTYuNDkyOTMxLC0yLjk3MTk2OCZxPVJldGFpbCUyMFN0b3JlcyZpZD1haEZvYVdkb2JtOTBaUzF1WlhSM2IzSnJjM0lNQ3hJRVUybDBaUml4c2dNTakCURFh4wUPtj7IAp_Y3w2oAwH1AwAAAMQ%26num%3D1%26sig%3DAGiWqtw8we2kPyPmCh1R4_JrkJW90SsqrA%26client%3Dca-mb-pub-5592664190023354%26adurl%3Dhttp%3A%2F%2Fwww.visitlisboa.com%2FConteudos%2FMenu-Principal%2FHome.aspx%3Flang%3Den-GB HTTP/1.1" 302 770 - "Mozilla/5.0 (iPhone; U; CPU iPhone OS 4_1 like Mac OS X; en-us) AppleWebKit/532.9 (KHTML, like Gecko) Mobile/8B117,gzip(gfe),gzip(gfe)"
0.1.0.2 - - [17/Sep/2010:02:49:18 -0700] "POST /m/track/c HTTP/1.1" 200 124 - "AppEngine-Google; (+http://code.google.com/appengine)"
217.23.199.179 - - [17/Sep/2010:02:50:32 -0700] "GET /m/ad?v=1&f=320x50&udid=8f9adc116e24dc8bf03f39628e3566b8c94f4359&q=Mary%20Nichols%20(DJ%20Fusion)%20FuseBox%20Radio%20Broadcast%20w/%20DJ%20Fusion%20&%20Jon%20Judah%20FuseBox%20Radio%20Broadcast%20w/%20DJ%20Fusion%20&%20Jon%20Judah&id=agltb3B1Yi1pbmNyDAsSBFNpdGUY2fgDDA HTTP/1.1" 200 267 - "RadioNinja/1.1 CFNetwork/485.2 Darwin/10.3.1,gzip(gfe),gzip(gfe)"
0.1.0.2 - - [17/Sep/2010:02:50:32 -0700] "POST /m/track/i HTTP/1.1" 200 124 "http://www.mopub-inc.com/m/ad?v=1&f=320x50&udid=8f9adc116e24dc8bf03f39628e3566b8c94f4359&q=Mary%20Nichols%20(DJ%20Fusion)%20FuseBox%20Radio%20Broadcast%20w/%20DJ%20Fusion%20&%20Jon%20Judah%20FuseBox%20Radio%20Broadcast%20w/%20DJ%20Fusion%20&%20Jon%20Judah&id=agltb3B1Yi1pbmNyDAsSBFNpdGUY2fgDDA" "AppEngine-Google; (+http://code.google.com/appengine)"
217.23.199.179 - - [17/Sep/2010:02:50:40 -0700] "GET /m/ad?v=1&f=320x50&udid=8f9adc116e24dc8bf03f39628e3566b8c94f4359&q=Paris%20Avenue%20featuring%20Robin%20One%20I%20Want%20You%20-%20EP%20I%20Want%20You%20(Radio%20Edit)&id=agltb3B1Yi1pbmNyDAsSBFNpdGUY2fgDDA HTTP/1.1" 200 267 - "RadioNinja/1.1 CFNetwork/485.2 Darwin/10.3.1,gzip(gfe),gzip(gfe)"
0.1.0.2 - - [17/Sep/2010:02:50:40 -0700] "POST /m/track/i HTTP/1.1" 200 124 "http://www.mopub-inc.com/m/ad?v=1&f=320x50&udid=8f9adc116e24dc8bf03f39628e3566b8c94f4359&q=Paris%20Avenue%20featuring%20Robin%20One%20I%20Want%20You%20-%20EP%20I%20Want%20You%20(Radio%20Edit)&id=agltb3B1Yi1pbmNyDAsSBFNpdGUY2fgDDA" "AppEngine-Google; (+http://code.google.com/appengine)"
88.6.169.218 - - [17/Sep/2010:02:52:48 -0700] "GET /m/ad?v=1&f=320x50&udid=86d31c6c6e85fd5c61a82a22719fa4e84f91d242&q=J.J.%20Johnson%20The%20Trombone%20Master%20Blue%20Trombone&id=agltb3B1Yi1pbmNyDAsSBFNpdGUY2fgDDA HTTP/1.1" 200 267 - "RadioNinja/1.1 CFNetwork/485.10.2 Darwin/10.3.1,gzip(gfe),gzip(gfe)"
0.1.0.2 - - [17/Sep/2010:02:52:48 -0700] "POST /m/track/i HTTP/1.1" 200 124 "http://www.mopub-inc.com/m/ad?v=1&f=320x50&udid=86d31c6c6e85fd5c61a82a22719fa4e84f91d242&q=J.J.%20Johnson%20The%20Trombone%20Master%20Blue%20Trombone&id=agltb3B1Yi1pbmNyDAsSBFNpdGUY2fgDDA" "AppEngine-Google; (+http://code.google.com/appengine)"
88.6.169.218 - - [17/Sep/2010:02:53:12 -0700] "GET /m/ad?v=1&f=320x50&udid=86d31c6c6e85fd5c61a82a22719fa4e84f91d242&q=J.J.%20Johnson%20The%20Trombone%20Master%20Blue%20Trombone&id=agltb3B1Yi1pbmNyDAsSBFNpdGUY2fgDDA HTTP/1.1" 200 267 - "RadioNinja/1.1 CFNetwork/485.10.2 Darwin/10.3.1,gzip(gfe),gzip(gfe)"
0.1.0.2 - - [17/Sep/2010:02:53:12 -0700] "POST /m/track/i HTTP/1.1" 200 124 "http://www.mopub-inc.com/m/ad?v=1&f=320x50&udid=86d31c6c6e85fd5c61a82a22719fa4e84f91d242&q=J.J.%20Johnson%20The%20Trombone%20Master%20Blue%20Trombone&id=agltb3B1Yi1pbmNyDAsSBFNpdGUY2fgDDA" "AppEngine-Google; (+http://code.google.com/appengine)"
217.23.199.179 - - [17/Sep/2010:02:54:03 -0700] "GET /m/ad?v=1&f=320x50&udid=8f9adc116e24dc8bf03f39628e3566b8c94f4359&q=Mary%20Nichols%20(DJ%20Fusion)%20FuseBox%20Radio%20Broadcast%20w/%20DJ%20Fusion%20&%20Jon%20Judah%20FuseBox%20Radio%20Broadcast%20w/%20DJ%20Fusion%20&%20Jon%20Judah&id=agltb3B1Yi1pbmNyDAsSBFNpdGUY2fgDDA HTTP/1.1" 200 267 - "RadioNinja/1.1 CFNetwork/485.2 Darwin/10.3.1,gzip(gfe),gzip(gfe)"
0.1.0.2 - - [17/Sep/2010:02:54:03 -0700] "POST /m/track/i HTTP/1.1" 200 124 "http://www.mopub-inc.com/m/ad?v=1&f=320x50&udid=8f9adc116e24dc8bf03f39628e3566b8c94f4359&q=Mary%20Nichols%20(DJ%20Fusion)%20FuseBox%20Radio%20Broadcast%20w/%20DJ%20Fusion%20&%20Jon%20Judah%20FuseBox%20Radio%20Broadcast%20w/%20DJ%20Fusion%20&%20Jon%20Judah&id=agltb3B1Yi1pbmNyDAsSBFNpdGUY2fgDDA" "AppEngine-Google; (+http://code.google.com/appengine)"
124.197.78.163 - - [17/Sep/2010:02:59:33 -0700] "GET /m/ad?v=1&f=320x50&udid=9f00c95de383f69c960d52f321d018793d4b73bc&ll=1.430493,103.775168&q=Gas%20Stations&id=agltb3B1Yi1pbmNyDAsSBFNpdGUYsbIDDA HTTP/1.1" 200 852 - "nearby-iphone/1.4 CFNetwork/485.2 Darwin/10.3.1,gzip(gfe),gzip(gfe)"
0.1.0.2 - - [17/Sep/2010:02:59:33 -0700] "POST /m/track/i HTTP/1.1" 200 124 "http://www.mopub-inc.com/m/ad?v=1&f=320x50&udid=9f00c95de383f69c960d52f321d018793d4b73bc&ll=1.430493,103.775168&q=Gas%20Stations&id=agltb3B1Yi1pbmNyDAsSBFNpdGUYsbIDDA" "AppEngine-Google; (+http://code.google.com/appengine)"
66.249.71.141 - - [17/Sep/2010:02:59:35 -0700] "GET /m/ad?v=1&f=320x50&udid=9f00c95de383f69c960d52f321d018793d4b73bc&ll=1.430493,103.775168&q=Gas%20Stations&id=agltb3B1Yi1pbmNyDAsSBFNpdGUYsbIDDA HTTP/1.1" 200 636 - "Mediapartners-Google,gzip(gfe),gzip(gfe)"
124.197.78.163 - - [17/Sep/2010:02:59:41 -0700] "GET /m/ad?v=1&f=320x50&udid=9f00c95de383f69c960d52f321d018793d4b73bc&ll=1.430493,103.775168&q=Gas%20Stations:%20Spc%20Admiralty%20Service%20Station%20&id=agltb3B1Yi1pbmNyDAsSBFNpdGUY6ckDDA HTTP/1.1" 200 884 - "nearby-iphone/1.4 CFNetwork/485.2 Darwin/10.3.1,gzip(gfe),gzip(gfe)"
0.1.0.2 - - [17/Sep/2010:02:59:41 -0700] "POST /m/track/i HTTP/1.1" 200 124 "http://www.mopub-inc.com/m/ad?v=1&f=320x50&udid=9f00c95de383f69c960d52f321d018793d4b73bc&ll=1.430493,103.775168&q=Gas%20Stations:%20Spc%20Admiralty%20Service%20Station%20&id=agltb3B1Yi1pbmNyDAsSBFNpdGUY6ckDDA" "AppEngine-Google; (+http://code.google.com/appengine)"
66.249.71.138 - - [17/Sep/2010:02:59:42 -0700] "GET /m/ad?v=1&f=320x50&udid=9f00c95de383f69c960d52f321d018793d4b73bc&ll=1.430493,103.775168&q=Gas%20Stations:%20Spc%20Admiralty%20Service%20Station%20&id=agltb3B1Yi1pbmNyDAsSBFNpdGUY6ckDDA HTTP/1.1" 200 655 - "Mediapartners-Google,gzip(gfe),gzip(gfe)"
124.197.78.163 - - [17/Sep/2010:02:59:53 -0700] "GET /m/ad?v=1&f=320x50&udid=9f00c95de383f69c960d52f321d018793d4b73bc&ll=1.430493,103.775168&q=Gas%20Stations:%20Spc%20Admiralty%20Service%20Station%20&id=agltb3B1Yi1pbmNyDAsSBFNpdGUY6ckDDA HTTP/1.1" 200 884 - "nearby-iphone/1.4 CFNetwork/485.2 Darwin/10.3.1,gzip(gfe),gzip(gfe)"
0.1.0.2 - - [17/Sep/2010:02:59:53 -0700] "POST /m/track/i HTTP/1.1" 200 124 "http://www.mopub-inc.com/m/ad?v=1&f=320x50&udid=9f00c95de383f69c960d52f321d018793d4b73bc&ll=1.430493,103.775168&q=Gas%20Stations:%20Spc%20Admiralty%20Service%20Station%20&id=agltb3B1Yi1pbmNyDAsSBFNpdGUY6ckDDA" "AppEngine-Google; (+http://code.google.com/appengine)"
124.197.78.163 - - [17/Sep/2010:03:00:02 -0700] "GET /m/ad?v=1&f=320x50&udid=9f00c95de383f69c960d52f321d018793d4b73bc&ll=1.430517,103.775172&q=Local%20Favorites&id=agltb3B1Yi1pbmNyDAsSBFNpdGUYsbIDDA HTTP/1.1" 200 855 - "nearby-iphone/1.4 CFNetwork/485.2 Darwin/10.3.1,gzip(gfe),gzip(gfe)"
0.1.0.2 - - [17/Sep/2010:03:00:02 -0700] "POST /m/track/i HTTP/1.1" 200 124 "http://www.mopub-inc.com/m/ad?v=1&f=320x50&udid=9f00c95de383f69c960d52f321d018793d4b73bc&ll=1.430517,103.775172&q=Local%20Favorites&id=agltb3B1Yi1pbmNyDAsSBFNpdGUYsbIDDA" "AppEngine-Google; (+http://code.google.com/appengine)"
66.249.71.199 - - [17/Sep/2010:03:00:03 -0700] "GET /m/ad?v=1&f=320x50&udid=9f00c95de383f69c960d52f321d018793d4b73bc&ll=1.430517,103.775172&q=Local%20Favorites&id=agltb3B1Yi1pbmNyDAsSBFNpdGUYsbIDDA HTTP/1.1" 200 641 - "Mediapartners-Google,gzip(gfe),gzip(gfe)"
124.197.78.163 - - [17/Sep/2010:03:00:12 -0700] "GET /m/ad?v=1&f=320x50&udid=9f00c95de383f69c960d52f321d018793d4b73bc&ll=1.430517,103.775172&q=Bars&id=agltb3B1Yi1pbmNyDAsSBFNpdGUYsbIDDA HTTP/1.1" 200 844 - "nearby-iphone/1.4 CFNetwork/485.2 Darwin/10.3.1,gzip(gfe),gzip(gfe)"
0.1.0.2 - - [17/Sep/2010:03:00:12 -0700] "POST /m/track/i HTTP/1.1" 200 124 "http://www.mopub-inc.com/m/ad?v=1&f=320x50&udid=9f00c95de383f69c960d52f321d018793d4b73bc&ll=1.430517,103.775172&q=Bars&id=agltb3B1Yi1pbmNyDAsSBFNpdGUYsbIDDA" "AppEngine-Google; (+http://code.google.com/appengine)"
66.249.71.201 - - [17/Sep/2010:03:00:14 -0700] "GET /m/ad?v=1&f=320x50&udid=9f00c95de383f69c960d52f321d018793d4b73bc&ll=1.430517,103.775172&q=Bars&id=agltb3B1Yi1pbmNyDAsSBFNpdGUYsbIDDA HTTP/1.1" 200 631 - "Mediapartners-Google,gzip(gfe),gzip(gfe)"
124.197.78.163 - - [17/Sep/2010:03:00:27 -0700] "GET /m/ad?v=1&f=320x50&udid=9f00c95de383f69c960d52f321d018793d4b73bc&ll=1.430517,103.775172&q=Local%20Favorites&id=agltb3B1Yi1pbmNyDAsSBFNpdGUYsbIDDA HTTP/1.1" 200 855 - "nearby-iphone/1.4 CFNetwork/485.2 Darwin/10.3.1,gzip(gfe),gzip(gfe)"
0.1.0.2 - - [17/Sep/2010:03:00:28 -0700] "POST /m/track/i HTTP/1.1" 200 124 "http://www.mopub-inc.com/m/ad?v=1&f=320x50&udid=9f00c95de383f69c960d52f321d018793d4b73bc&ll=1.430517,103.775172&q=Local%20Favorites&id=agltb3B1Yi1pbmNyDAsSBFNpdGUYsbIDDA" "AppEngine-Google; (+http://code.google.com/appengine)"
124.197.78.163 - - [17/Sep/2010:03:00:33 -0700] "GET /m/ad?v=1&f=320x50&udid=9f00c95de383f69c960d52f321d018793d4b73bc&ll=1.430517,103.775172&q=Parking&id=agltb3B1Yi1pbmNyDAsSBFNpdGUYsbIDDA HTTP/1.1" 200 847 - "nearby-iphone/1.4 CFNetwork/485.2 Darwin/10.3.1,gzip(gfe),gzip(gfe)"
0.1.0.2 - - [17/Sep/2010:03:00:33 -0700] "POST /m/track/i HTTP/1.1" 200 124 "http://www.mopub-inc.com/m/ad?v=1&f=320x50&udid=9f00c95de383f69c960d52f321d018793d4b73bc&ll=1.430517,103.775172&q=Parking&id=agltb3B1Yi1pbmNyDAsSBFNpdGUYsbIDDA" "AppEngine-Google; (+http://code.google.com/appengine)"
66.249.71.184 - - [17/Sep/2010:03:00:34 -0700] "GET /m/ad?v=1&f=320x50&udid=9f00c95de383f69c960d52f321d018793d4b73bc&ll=1.430517,103.775172&q=Parking&id=agltb3B1Yi1pbmNyDAsSBFNpdGUYsbIDDA HTTP/1.1" 200 634 - "Mediapartners-Google,gzip(gfe),gzip(gfe)"
124.197.78.163 - - [17/Sep/2010:03:00:42 -0700] "GET /m/ad?v=1&f=320x50&udid=9f00c95de383f69c960d52f321d018793d4b73bc&ll=1.430517,103.775172&q=Retail%20Stores&id=agltb3B1Yi1pbmNyDAsSBFNpdGUYsbIDDA HTTP/1.1" 200 853 - "nearby-iphone/1.4 CFNetwork/485.2 Darwin/10.3.1,gzip(gfe),gzip(gfe)"
0.1.0.2 - - [17/Sep/2010:03:00:42 -0700] "POST /m/track/i HTTP/1.1" 200 124 "http://www.mopub-inc.com/m/ad?v=1&f=320x50&udid=9f00c95de383f69c960d52f321d018793d4b73bc&ll=1.430517,103.775172&q=Retail%20Stores&id=agltb3B1Yi1pbmNyDAsSBFNpdGUYsbIDDA" "AppEngine-Google; (+http://code.google.com/appengine)"
66.249.71.200 - - [17/Sep/2010:03:00:43 -0700] "GET /m/ad?v=1&f=320x50&udid=9f00c95de383f69c960d52f321d018793d4b73bc&ll=1.430517,103.775172&q=Retail%20Stores&id=agltb3B1Yi1pbmNyDAsSBFNpdGUYsbIDDA HTTP/1.1" 200 638 - "Mediapartners-Google,gzip(gfe),gzip(gfe)"
124.197.78.163 - - [17/Sep/2010:03:00:50 -0700] "GET /m/ad?v=1&f=320x50&udid=9f00c95de383f69c960d52f321d018793d4b73bc&ll=1.430517,103.775172&q=Supermarkets&id=agltb3B1Yi1pbmNyDAsSBFNpdGUYsbIDDA HTTP/1.1" 200 852 - "nearby-iphone/1.4 CFNetwork/485.2 Darwin/10.3.1,gzip(gfe),gzip(gfe)"
0.1.0.2 - - [17/Sep/2010:03:00:50 -0700] "POST /m/track/i HTTP/1.1" 200 124 "http://www.mopub-inc.com/m/ad?v=1&f=320x50&udid=9f00c95de383f69c960d52f321d018793d4b73bc&ll=1.430517,103.775172&q=Supermarkets&id=agltb3B1Yi1pbmNyDAsSBFNpdGUYsbIDDA" "AppEngine-Google; (+http://code.google.com/appengine)"
66.249.71.184 - - [17/Sep/2010:03:00:51 -0700] "GET /m/ad?v=1&f=320x50&udid=9f00c95de383f69c960d52f321d018793d4b73bc&ll=1.430517,103.775172&q=Supermarkets&id=agltb3B1Yi1pbmNyDAsSBFNpdGUYsbIDDA HTTP/1.1" 200 636 - "Mediapartners-Google,gzip(gfe),gzip(gfe)"
88.6.169.218 - - [17/Sep/2010:03:01:57 -0700] "GET /m/ad?v=1&f=320x50&udid=86d31c6c6e85fd5c61a82a22719fa4e84f91d242&q=Dexter%20Gordon%20\'Round%20Midnight%20(Original%20Motion%20Picture%20Soundtrack)%20Rhythm-A-Ning&id=agltb3B1Yi1pbmNyDAsSBFNpdGUY2fgDDA HTTP/1.1" 200 267 - "RadioNinja/1.1 CFNetwork/485.10.2 Darwin/10.3.1,gzip(gfe),gzip(gfe)"
0.1.0.2 - - [17/Sep/2010:03:01:58 -0700] "POST /m/track/i HTTP/1.1" 200 124 "http://www.mopub-inc.com/m/ad?v=1&f=320x50&udid=86d31c6c6e85fd5c61a82a22719fa4e84f91d242&q=Dexter%20Gordon%20\'Round%20Midnight%20(Original%20Motion%20Picture%20Soundtrack)%20Rhythm-A-Ning&id=agltb3B1Yi1pbmNyDAsSBFNpdGUY2fgDDA" "AppEngine-Google; (+http://code.google.com/appengine)"
178.111.115.50 - - [17/Sep/2010:03:02:02 -0700] "GET /m/ad?v=1&f=320x50&udid=d91947a2203d27be25a36c434e90de64a6eb2c8e&ll=52.966132,-2.062461&q=Banks/ATMs&id=agltb3B1Yi1pbmNyDAsSBFNpdGUYsbIDDA HTTP/1.1" 200 850 - "nearby-iphone/1.4 CFNetwork/485.2 Darwin/10.3.1,gzip(gfe),gzip(gfe)"
0.1.0.2 - - [17/Sep/2010:03:02:02 -0700] "POST /m/track/i HTTP/1.1" 200 124 "http://www.mopub-inc.com/m/ad?v=1&f=320x50&udid=d91947a2203d27be25a36c434e90de64a6eb2c8e&ll=52.966132,-2.062461&q=Banks/ATMs&id=agltb3B1Yi1pbmNyDAsSBFNpdGUYsbIDDA" "AppEngine-Google; (+http://code.google.com/appengine)"
66.249.71.143 - - [17/Sep/2010:03:02:04 -0700] "GET /m/ad?v=1&f=320x50&udid=d91947a2203d27be25a36c434e90de64a6eb2c8e&ll=52.966132,-2.062461&q=Banks/ATMs&id=agltb3B1Yi1pbmNyDAsSBFNpdGUYsbIDDA HTTP/1.1" 200 639 - "Mediapartners-Google,gzip(gfe),gzip(gfe)"
178.111.115.50 - - [17/Sep/2010:03:02:07 -0700] "GET /m/ad?v=1&f=320x50&udid=d91947a2203d27be25a36c434e90de64a6eb2c8e&ll=52.966132,-2.062461&q=Banks/ATMs:%20Britannia%20Building%20Society%20&id=agltb3B1Yi1pbmNyDAsSBFNpdGUY6ckDDA HTTP/1.1" 200 879 - "nearby-iphone/1.4 CFNetwork/485.2 Darwin/10.3.1,gzip(gfe),gzip(gfe)"
0.1.0.2 - - [17/Sep/2010:03:02:07 -0700] "POST /m/track/i HTTP/1.1" 200 124 "http://www.mopub-inc.com/m/ad?v=1&f=320x50&udid=d91947a2203d27be25a36c434e90de64a6eb2c8e&ll=52.966132,-2.062461&q=Banks/ATMs:%20Britannia%20Building%20Society%20&id=agltb3B1Yi1pbmNyDAsSBFNpdGUY6ckDDA" "AppEngine-Google; (+http://code.google.com/appengine)"
66.249.71.183 - - [17/Sep/2010:03:02:09 -0700] "GET /m/ad?v=1&f=320x50&udid=d91947a2203d27be25a36c434e90de64a6eb2c8e&ll=52.966132,-2.062461&q=Banks/ATMs:%20Britannia%20Building%20Society%20&id=agltb3B1Yi1pbmNyDAsSBFNpdGUY6ckDDA HTTP/1.1" 200 661 - "Mediapartners-Google,gzip(gfe),gzip(gfe)"
87.50.39.5 - - [17/Sep/2010:03:11:20 -0700] "GET /m/ad?v=1&f=320x50&udid=b6c439fe2ff6dbd48571722c56b1e61a3193e212&ll=55.671150,12.501408&q=Restaurants&id=agltb3B1Yi1pbmNyDAsSBFNpdGUYsbIDDA HTTP/1.1" 200 875 - "nearby-iphone/1.4 CFNetwork/485.10.2 Darwin/10.3.1,gzip(gfe),gzip(gfe)"
0.1.0.2 - - [17/Sep/2010:03:11:20 -0700] "POST /m/track/i HTTP/1.1" 200 124 "http://www.mopub-inc.com/m/ad?v=1&f=320x50&udid=b6c439fe2ff6dbd48571722c56b1e61a3193e212&ll=55.671150,12.501408&q=Restaurants&id=agltb3B1Yi1pbmNyDAsSBFNpdGUYsbIDDA" "AppEngine-Google; (+http://code.google.com/appengine)"
66.249.71.197 - - [17/Sep/2010:03:11:22 -0700] "GET /m/ad?v=1&f=320x50&udid=b6c439fe2ff6dbd48571722c56b1e61a3193e212&ll=55.671150,12.501408&q=Restaurants&id=agltb3B1Yi1pbmNyDAsSBFNpdGUYsbIDDA HTTP/1.1" 200 656 - "Mediapartners-Google,gzip(gfe),gzip(gfe)"
87.50.39.5 - - [17/Sep/2010:03:11:47 -0700] "GET /m/ad?v=1&f=320x50&udid=b6c439fe2ff6dbd48571722c56b1e61a3193e212&ll=55.671150,12.501408&q=Bars&id=agltb3B1Yi1pbmNyDAsSBFNpdGUYsbIDDA HTTP/1.1" 200 868 - "nearby-iphone/1.4 CFNetwork/485.10.2 Darwin/10.3.1,gzip(gfe),gzip(gfe)"
0.1.0.2 - - [17/Sep/2010:03:11:47 -0700] "POST /m/track/i HTTP/1.1" 200 124 "http://www.mopub-inc.com/m/ad?v=1&f=320x50&udid=b6c439fe2ff6dbd48571722c56b1e61a3193e212&ll=55.671150,12.501408&q=Bars&id=agltb3B1Yi1pbmNyDAsSBFNpdGUYsbIDDA" "AppEngine-Google; (+http://code.google.com/appengine)"
66.249.71.174 - - [17/Sep/2010:03:11:48 -0700] "GET /m/ad?v=1&f=320x50&udid=b6c439fe2ff6dbd48571722c56b1e61a3193e212&ll=55.671150,12.501408&q=Bars&id=agltb3B1Yi1pbmNyDAsSBFNpdGUYsbIDDA HTTP/1.1" 200 651 - "Mediapartners-Google,gzip(gfe),gzip(gfe)"
166.205.139.233 - - [17/Sep/2010:03:11:49 -0700] "GET /m/ad?v=1&f=320x50&udid=b181db208c119863f4099228260930f81a084091&q=(null)&id=agltb3B1Yi1pbmNyDAsSBFNpdGUY2fgDDA HTTP/1.1" 200 267 - "RadioNinja/1.1 CFNetwork/485.2 Darwin/10.3.1,gzip(gfe),gzip(gfe)"
0.1.0.2 - - [17/Sep/2010:03:11:49 -0700] "POST /m/track/i HTTP/1.1" 200 124 "http://www.mopub-inc.com/m/ad?v=1&f=320x50&udid=b181db208c119863f4099228260930f81a084091&q=(null)&id=agltb3B1Yi1pbmNyDAsSBFNpdGUY2fgDDA" "AppEngine-Google; (+http://code.google.com/appengine)"
213.233.144.77 - - [17/Sep/2010:03:12:13 -0700] "GET /m/ad?v=1&f=320x50&udid=00b51cdeb13ab5d88766f061179fe199ae1ff1c0&ll=53.717543,-6.351566&q=Coffee&id=agltb3B1Yi1pbmNyDAsSBFNpdGUYsbIDDA HTTP/1.1" 200 842 - "nearby-iphone/1.4 CFNetwork/485.10.2 Darwin/10.3.1,gzip(gfe),gzip(gfe)"
0.1.0.2 - - [17/Sep/2010:03:12:13 -0700] "POST /m/track/i HTTP/1.1" 200 124 "http://www.mopub-inc.com/m/ad?v=1&f=320x50&udid=00b51cdeb13ab5d88766f061179fe199ae1ff1c0&ll=53.717543,-6.351566&q=Coffee&id=agltb3B1Yi1pbmNyDAsSBFNpdGUYsbIDDA" "AppEngine-Google; (+http://code.google.com/appengine)"
66.249.71.143 - - [17/Sep/2010:03:12:16 -0700] "GET /m/ad?v=1&f=320x50&udid=00b51cdeb13ab5d88766f061179fe199ae1ff1c0&ll=53.717543,-6.351566&q=Coffee&id=agltb3B1Yi1pbmNyDAsSBFNpdGUYsbIDDA HTTP/1.1" 200 630 - "Mediapartners-Google,gzip(gfe),gzip(gfe)"
213.233.144.75 - - [17/Sep/2010:03:12:23 -0700] "GET /m/ad?v=1&f=320x50&udid=00b51cdeb13ab5d88766f061179fe199ae1ff1c0&ll=53.717543,-6.351566&q=Hotels&id=agltb3B1Yi1pbmNyDAsSBFNpdGUYsbIDDA HTTP/1.1" 200 842 - "nearby-iphone/1.4 CFNetwork/485.10.2 Darwin/10.3.1,gzip(gfe),gzip(gfe)"
0.1.0.2 - - [17/Sep/2010:03:12:23 -0700] "POST /m/track/i HTTP/1.1" 200 124 "http://www.mopub-inc.com/m/ad?v=1&f=320x50&udid=00b51cdeb13ab5d88766f061179fe199ae1ff1c0&ll=53.717543,-6.351566&q=Hotels&id=agltb3B1Yi1pbmNyDAsSBFNpdGUYsbIDDA" "AppEngine-Google; (+http://code.google.com/appengine)"
66.249.71.182 - - [17/Sep/2010:03:12:25 -0700] "GET /m/ad?v=1&f=320x50&udid=00b51cdeb13ab5d88766f061179fe199ae1ff1c0&ll=53.717543,-6.351566&q=Hotels&id=agltb3B1Yi1pbmNyDAsSBFNpdGUYsbIDDA HTTP/1.1" 200 629 - "Mediapartners-Google,gzip(gfe),gzip(gfe)"
87.50.39.5 - - [17/Sep/2010:03:12:26 -0700] "GET /m/ad?v=1&f=320x50&udid=b6c439fe2ff6dbd48571722c56b1e61a3193e212&ll=55.671150,12.501408&q=Hotels&id=agltb3B1Yi1pbmNyDAsSBFNpdGUYsbIDDA HTTP/1.1" 200 870 - "nearby-iphone/1.4 CFNetwork/485.10.2 Darwin/10.3.1,gzip(gfe),gzip(gfe)"
0.1.0.2 - - [17/Sep/2010:03:12:26 -0700] "POST /m/track/i HTTP/1.1" 200 124 "http://www.mopub-inc.com/m/ad?v=1&f=320x50&udid=b6c439fe2ff6dbd48571722c56b1e61a3193e212&ll=55.671150,12.501408&q=Hotels&id=agltb3B1Yi1pbmNyDAsSBFNpdGUYsbIDDA" "AppEngine-Google; (+http://code.google.com/appengine)"
66.249.71.173 - - [17/Sep/2010:03:12:27 -0700] "GET /m/ad?v=1&f=320x50&udid=b6c439fe2ff6dbd48571722c56b1e61a3193e212&ll=55.671150,12.501408&q=Hotels&id=agltb3B1Yi1pbmNyDAsSBFNpdGUYsbIDDA HTTP/1.1" 200 652 - "Mediapartners-Google,gzip(gfe),gzip(gfe)"
87.50.39.5 - - [17/Sep/2010:03:12:42 -0700] "GET /m/ad?v=1&f=320x50&udid=b6c439fe2ff6dbd48571722c56b1e61a3193e212&ll=55.671150,12.501408&q=Pharmacies&id=agltb3B1Yi1pbmNyDAsSBFNpdGUYsbIDDA HTTP/1.1" 200 874 - "nearby-iphone/1.4 CFNetwork/485.10.2 Darwin/10.3.1,gzip(gfe),gzip(gfe)"
0.1.0.2 - - [17/Sep/2010:03:12:42 -0700] "POST /m/track/i HTTP/1.1" 200 124 "http://www.mopub-inc.com/m/ad?v=1&f=320x50&udid=b6c439fe2ff6dbd48571722c56b1e61a3193e212&ll=55.671150,12.501408&q=Pharmacies&id=agltb3B1Yi1pbmNyDAsSBFNpdGUYsbIDDA" "AppEngine-Google; (+http://code.google.com/appengine)"
66.249.71.140 - - [17/Sep/2010:03:12:43 -0700] "GET /robots.txt HTTP/1.1" 404 124 - "Mediapartners-Google,gzip(gfe),gzip(gfe)"
66.249.71.174 - - [17/Sep/2010:03:12:44 -0700] "GET /m/ad?v=1&f=320x50&udid=b6c439fe2ff6dbd48571722c56b1e61a3193e212&ll=55.671150,12.501408&q=Pharmacies&id=agltb3B1Yi1pbmNyDAsSBFNpdGUYsbIDDA HTTP/1.1" 200 657 - "Mediapartners-Google,gzip(gfe),gzip(gfe)"
86.45.84.175 - - [17/Sep/2010:03:15:02 -0700] "GET /m/ad?v=1&f=320x50&udid=da35c61f4ad78442f575a88edf057b0cf9da5065&ll=53.478818,-6.115443&q=church&id=agltb3B1Yi1pbmNyDAsSBFNpdGUYsbIDDA HTTP/1.1" 200 842 - "nearby-iphone/1.4 CFNetwork/485.10.2 Darwin/10.3.1,gzip(gfe),gzip(gfe)"
0.1.0.2 - - [17/Sep/2010:03:15:02 -0700] "POST /m/track/i HTTP/1.1" 200 124 "http://www.mopub-inc.com/m/ad?v=1&f=320x50&udid=da35c61f4ad78442f575a88edf057b0cf9da5065&ll=53.478818,-6.115443&q=church&id=agltb3B1Yi1pbmNyDAsSBFNpdGUYsbIDDA" "AppEngine-Google; (+http://code.google.com/appengine)"
66.249.71.149 - - [17/Sep/2010:03:15:04 -0700] "GET /m/ad?v=1&f=320x50&udid=da35c61f4ad78442f575a88edf057b0cf9da5065&ll=53.478818,-6.115443&q=church&id=agltb3B1Yi1pbmNyDAsSBFNpdGUYsbIDDA HTTP/1.1" 200 628 - "Mediapartners-Google,gzip(gfe),gzip(gfe)"
86.45.84.175 - - [17/Sep/2010:03:15:43 -0700] "GET /m/ad?v=1&f=320x50&udid=da35c61f4ad78442f575a88edf057b0cf9da5065&ll=53.478818,-6.115443&q=church&id=agltb3B1Yi1pbmNyDAsSBFNpdGUYsbIDDA HTTP/1.1" 200 842 - "nearby-iphone/1.4 CFNetwork/485.10.2 Darwin/10.3.1,gzip(gfe),gzip(gfe)"
0.1.0.2 - - [17/Sep/2010:03:15:44 -0700] "POST /m/track/i HTTP/1.1" 200 124 "http://www.mopub-inc.com/m/ad?v=1&f=320x50&udid=da35c61f4ad78442f575a88edf057b0cf9da5065&ll=53.478818,-6.115443&q=church&id=agltb3B1Yi1pbmNyDAsSBFNpdGUYsbIDDA" "AppEngine-Google; (+http://code.google.com/appengine)"
86.45.84.175 - - [17/Sep/2010:03:17:11 -0700] "GET /m/ad?v=1&f=320x50&udid=da35c61f4ad78442f575a88edf057b0cf9da5065&ll=53.479013,-6.115467&q=Banks/ATMs&id=agltb3B1Yi1pbmNyDAsSBFNpdGUYsbIDDA HTTP/1.1" 200 846 - "nearby-iphone/1.4 CFNetwork/485.10.2 Darwin/10.3.1,gzip(gfe),gzip(gfe)"
0.1.0.2 - - [17/Sep/2010:03:17:11 -0700] "POST /m/track/i HTTP/1.1" 200 124 "http://www.mopub-inc.com/m/ad?v=1&f=320x50&udid=da35c61f4ad78442f575a88edf057b0cf9da5065&ll=53.479013,-6.115467&q=Banks/ATMs&id=agltb3B1Yi1pbmNyDAsSBFNpdGUYsbIDDA" "AppEngine-Google; (+http://code.google.com/appengine)"
66.249.71.182 - - [17/Sep/2010:03:17:13 -0700] "GET /m/ad?v=1&f=320x50&udid=da35c61f4ad78442f575a88edf057b0cf9da5065&ll=53.479013,-6.115467&q=Banks/ATMs&id=agltb3B1Yi1pbmNyDAsSBFNpdGUYsbIDDA HTTP/1.1" 200 634 - "Mediapartners-Google,gzip(gfe),gzip(gfe)"
86.45.84.175 - - [17/Sep/2010:03:17:24 -0700] "GET /m/ad?v=1&f=320x50&udid=da35c61f4ad78442f575a88edf057b0cf9da5065&ll=53.479013,-6.115467&q=Banks/ATMs:%20The%20Tower%20Bar%20&%20Bistro%20&id=agltb3B1Yi1pbmNyDAsSBFNpdGUY6ckDDA HTTP/1.1" 200 862 - "nearby-iphone/1.4 CFNetwork/485.10.2 Darwin/10.3.1,gzip(gfe),gzip(gfe)"
0.1.0.2 - - [17/Sep/2010:03:17:25 -0700] "POST /m/track/i HTTP/1.1" 200 124 "http://www.mopub-inc.com/m/ad?v=1&f=320x50&udid=da35c61f4ad78442f575a88edf057b0cf9da5065&ll=53.479013,-6.115467&q=Banks/ATMs:%20The%20Tower%20Bar%20&%20Bistro%20&id=agltb3B1Yi1pbmNyDAsSBFNpdGUY6ckDDA" "AppEngine-Google; (+http://code.google.com/appengine)"
66.249.71.197 - - [17/Sep/2010:03:17:26 -0700] "GET /m/ad?v=1&f=320x50&udid=da35c61f4ad78442f575a88edf057b0cf9da5065&ll=53.479013,-6.115467&q=Banks/ATMs:%20The%20Tower%20Bar%20&%20Bistro%20&id=agltb3B1Yi1pbmNyDAsSBFNpdGUY6ckDDA HTTP/1.1" 200 646 - "Mediapartners-Google,gzip(gfe),gzip(gfe)"
86.45.84.175 - - [17/Sep/2010:03:17:39 -0700] "GET /m/ad?v=1&f=320x50&udid=da35c61f4ad78442f575a88edf057b0cf9da5065&ll=53.479143,-6.115418&q=Bars&id=agltb3B1Yi1pbmNyDAsSBFNpdGUYsbIDDA HTTP/1.1" 200 840 - "nearby-iphone/1.4 CFNetwork/485.10.2 Darwin/10.3.1,gzip(gfe),gzip(gfe)"
0.1.0.2 - - [17/Sep/2010:03:17:39 -0700] "POST /m/track/i HTTP/1.1" 200 124 "http://www.mopub-inc.com/m/ad?v=1&f=320x50&udid=da35c61f4ad78442f575a88edf057b0cf9da5065&ll=53.479143,-6.115418&q=Bars&id=agltb3B1Yi1pbmNyDAsSBFNpdGUYsbIDDA" "AppEngine-Google; (+http://code.google.com/appengine)"
66.249.71.196 - - [17/Sep/2010:03:17:40 -0700] "GET /m/ad?v=1&f=320x50&udid=da35c61f4ad78442f575a88edf057b0cf9da5065&ll=53.479143,-6.115418&q=Bars&id=agltb3B1Yi1pbmNyDAsSBFNpdGUYsbIDDA HTTP/1.1" 200 628 - "Mediapartners-Google,gzip(gfe),gzip(gfe)"
193.35.132.34 - - [17/Sep/2010:03:18:29 -0700] "GET /m/ad?v=1&f=320x50&udid=e537546379c2c40a86523763c70f66608a4e92bd&ll=51.869489,0.167052&q=Banks/ATMs&id=agltb3B1Yi1pbmNyDAsSBFNpdGUYsbIDDA HTTP/1.1" 200 846 - "nearby-iphone/1.4 CFNetwork/485.2 Darwin/10.3.1,gzip(gfe),gzip(gfe)"
0.1.0.2 - - [17/Sep/2010:03:18:30 -0700] "POST /m/track/i HTTP/1.1" 200 124 "http://www.mopub-inc.com/m/ad?v=1&f=320x50&udid=e537546379c2c40a86523763c70f66608a4e92bd&ll=51.869489,0.167052&q=Banks/ATMs&id=agltb3B1Yi1pbmNyDAsSBFNpdGUYsbIDDA" "AppEngine-Google; (+http://code.google.com/appengine)"
66.249.71.153 - - [17/Sep/2010:03:18:32 -0700] "GET /m/ad?v=1&f=320x50&udid=e537546379c2c40a86523763c70f66608a4e92bd&ll=51.869489,0.167052&q=Banks/ATMs&id=agltb3B1Yi1pbmNyDAsSBFNpdGUYsbIDDA HTTP/1.1" 200 634 - "Mediapartners-Google,gzip(gfe),gzip(gfe)"
193.35.132.52 - - [17/Sep/2010:03:18:35 -0700] "GET /m/ad?v=1&f=320x50&udid=e537546379c2c40a86523763c70f66608a4e92bd&ll=51.869489,0.167052&q=Banks/ATMs:%20Lloyds%20TSB%20Bank%20PLC%20&id=agltb3B1Yi1pbmNyDAsSBFNpdGUY6ckDDA HTTP/1.1" 200 868 - "nearby-iphone/1.4 CFNetwork/485.2 Darwin/10.3.1,gzip(gfe),gzip(gfe)"
0.1.0.2 - - [17/Sep/2010:03:18:35 -0700] "POST /m/track/i HTTP/1.1" 200 124 "http://www.mopub-inc.com/m/ad?v=1&f=320x50&udid=e537546379c2c40a86523763c70f66608a4e92bd&ll=51.869489,0.167052&q=Banks/ATMs:%20Lloyds%20TSB%20Bank%20PLC%20&id=agltb3B1Yi1pbmNyDAsSBFNpdGUY6ckDDA" "AppEngine-Google; (+http://code.google.com/appengine)"
66.249.71.175 - - [17/Sep/2010:03:18:36 -0700] "GET /m/ad?v=1&f=320x50&udid=e537546379c2c40a86523763c70f66608a4e92bd&ll=51.869489,0.167052&q=Banks/ATMs:%20Lloyds%20TSB%20Bank%20PLC%20&id=agltb3B1Yi1pbmNyDAsSBFNpdGUY6ckDDA HTTP/1.1" 200 653 - "Mediapartners-Google,gzip(gfe),gzip(gfe)"
193.35.132.4 - - [17/Sep/2010:03:18:58 -0700] "GET /m/ad?v=1&f=320x50&udid=e537546379c2c40a86523763c70f66608a4e92bd&ll=51.869489,0.167052&q=Banks/ATMs:%20Abbey%20National%20Plc%20&id=agltb3B1Yi1pbmNyDAsSBFNpdGUY6ckDDA HTTP/1.1" 200 867 - "nearby-iphone/1.4 CFNetwork/485.2 Darwin/10.3.1,gzip(gfe),gzip(gfe)"
0.1.0.2 - - [17/Sep/2010:03:18:58 -0700] "POST /m/track/i HTTP/1.1" 200 124 "http://www.mopub-inc.com/m/ad?v=1&f=320x50&udid=e537546379c2c40a86523763c70f66608a4e92bd&ll=51.869489,0.167052&q=Banks/ATMs:%20Abbey%20National%20Plc%20&id=agltb3B1Yi1pbmNyDAsSBFNpdGUY6ckDDA" "AppEngine-Google; (+http://code.google.com/appengine)"
66.249.71.183 - - [17/Sep/2010:03:19:00 -0700] "GET /m/ad?v=1&f=320x50&udid=e537546379c2c40a86523763c70f66608a4e92bd&ll=51.869489,0.167052&q=Banks/ATMs:%20Abbey%20National%20Plc%20&id=agltb3B1Yi1pbmNyDAsSBFNpdGUY6ckDDA HTTP/1.1" 200 650 - "Mediapartners-Google,gzip(gfe),gzip(gfe)"
193.35.132.37 - - [17/Sep/2010:03:19:07 -0700] "GET /m/ad?v=1&f=320x50&udid=e537546379c2c40a86523763c70f66608a4e92bd&ll=51.869489,0.167052&q=Banks/ATMs:%20Lloyds%20TSB%20Bank%20PLC%20&id=agltb3B1Yi1pbmNyDAsSBFNpdGUY6ckDDA HTTP/1.1" 200 868 - "nearby-iphone/1.4 CFNetwork/485.2 Darwin/10.3.1,gzip(gfe),gzip(gfe)"
0.1.0.2 - - [17/Sep/2010:03:19:07 -0700] "POST /m/track/i HTTP/1.1" 200 124 "http://www.mopub-inc.com/m/ad?v=1&f=320x50&udid=e537546379c2c40a86523763c70f66608a4e92bd&ll=51.869489,0.167052&q=Banks/ATMs:%20Lloyds%20TSB%20Bank%20PLC%20&id=agltb3B1Yi1pbmNyDAsSBFNpdGUY6ckDDA" "AppEngine-Google; (+http://code.google.com/appengine)"
178.31.2.44 - - [17/Sep/2010:03:20:07 -0700] "GET /m/ad?v=1&f=320x50&udid=06513f2a34e5ae5132f1bd9fdba8e76ca5108caf&q=(null)&id=agltb3B1Yi1pbmNyDAsSBFNpdGUY2fgDDA HTTP/1.1" 200 267 - "RadioNinja/1.1 CFNetwork/485.10.2 Darwin/10.3.1,gzip(gfe),gzip(gfe)"
0.1.0.2 - - [17/Sep/2010:03:20:07 -0700] "POST /m/track/i HTTP/1.1" 200 124 "http://www.mopub-inc.com/m/ad?v=1&f=320x50&udid=06513f2a34e5ae5132f1bd9fdba8e76ca5108caf&q=(null)&id=agltb3B1Yi1pbmNyDAsSBFNpdGUY2fgDDA" "AppEngine-Google; (+http://code.google.com/appengine)"
211.14.200.50 - - [17/Sep/2010:03:20:11 -0700] "GET /m/ad?v=1&f=320x50&udid=ae4eb305e4e5c2371fa698bae137c6fde4a7cbc3&q=(null)&id=agltb3B1Yi1pbmNyDAsSBFNpdGUY2fgDDA HTTP/1.1" 200 267 - "RadioNinja/1.1 CFNetwork/485.10.2 Darwin/10.3.1,gzip(gfe),gzip(gfe)"
0.1.0.2 - - [17/Sep/2010:03:20:11 -0700] "POST /m/track/i HTTP/1.1" 200 124 "http://www.mopub-inc.com/m/ad?v=1&f=320x50&udid=ae4eb305e4e5c2371fa698bae137c6fde4a7cbc3&q=(null)&id=agltb3B1Yi1pbmNyDAsSBFNpdGUY2fgDDA" "AppEngine-Google; (+http://code.google.com/appengine)"
178.31.2.44 - - [17/Sep/2010:03:20:14 -0700] "GET /m/ad?v=1&f=320x50&udid=06513f2a34e5ae5132f1bd9fdba8e76ca5108caf&q=Madonna%20Madonna%20Borderline&id=agltb3B1Yi1pbmNyDAsSBFNpdGUY2fgDDA HTTP/1.1" 200 267 - "RadioNinja/1.1 CFNetwork/485.10.2 Darwin/10.3.1,gzip(gfe),gzip(gfe)"
0.1.0.2 - - [17/Sep/2010:03:20:14 -0700] "POST /m/track/i HTTP/1.1" 200 124 "http://www.mopub-inc.com/m/ad?v=1&f=320x50&udid=06513f2a34e5ae5132f1bd9fdba8e76ca5108caf&q=Madonna%20Madonna%20Borderline&id=agltb3B1Yi1pbmNyDAsSBFNpdGUY2fgDDA" "AppEngine-Google; (+http://code.google.com/appengine)"
211.14.200.50 - - [17/Sep/2010:03:20:15 -0700] "GET /m/ad?v=1&f=320x50&udid=ae4eb305e4e5c2371fa698bae137c6fde4a7cbc3&q=Darude%20Before%20the%20Storm%20Sandstorm&id=agltb3B1Yi1pbmNyDAsSBFNpdGUY2fgDDA HTTP/1.1" 200 267 - "RadioNinja/1.1 CFNetwork/485.10.2 Darwin/10.3.1,gzip(gfe),gzip(gfe)"
