202.81.69.153 - - [17/Sep/2010:04:00:48 -0700] "GET /m/ad?v=1&udid=401b04734e33825356ac54bf0fbf4d7dffe8691a&ll=-37.804438,144.962840&q=adult%20shop&id=agltb3B1Yi1pbmNyDAsSBFNpdGUYsbIDDA HTTP/1.1" 200 646 - "Mozilla/5.0 (iPhone; U; CPU iPhone OS 4_0 like Mac OS X; en-us) AppleWebKit/532.9 (KHTML, like Gecko) Mobile/8A293,gzip(gfe),gzip(gfe)"
0.1.0.2 - - [17/Sep/2010:04:00:48 -0700] "POST /m/track/i HTTP/1.1" 200 124 "http://www.mopub-inc.com/m/ad?v=1&udid=401b04734e33825356ac54bf0fbf4d7dffe8691a&ll=-37.804438,144.962840&q=adult%20shop&id=agltb3B1Yi1pbmNyDAsSBFNpdGUYsbIDDA" "AppEngine-Google; (+http://code.google.com/appengine)"
66.249.71.139 - - [17/Sep/2010:04:00:51 -0700] "GET /m/ad?v=1&f=320x50&udid=ab6943c841085a035645551b3c0a78d4994d3759&ll=1.396709,103.898988&q=Pubs&id=agltb3B1Yi1pbmNyDAsSBFNpdGUYsbIDDA HTTP/1.1" 200 632 - "Mediapartners-Google,gzip(gfe),gzip(gfe)"
66.249.71.201 - - [17/Sep/2010:04:00:51 -0700] "GET /m/ad?v=1&udid=401b04734e33825356ac54bf0fbf4d7dffe8691a&ll=-37.804438,144.962840&q=adult%20shop&id=agltb3B1Yi1pbmNyDAsSBFNpdGUYsbIDDA HTTP/1.1" 200 646 - "Mediapartners-Google,gzip(gfe),gzip(gfe)"
94.195.86.203 - - [17/Sep/2010:04:00:52 -0700] "GET /m/ad?v=1&f=320x50&udid=1ec9e13a7a61cc5163b9b9c97f90be2b081746f0&q=(null)&id=agltb3B1Yi1pbmNyDAsSBFNpdGUY2fgDDA HTTP/1.1" 200 267 - "RadioNinja/1.1 CFNetwork/485.10.2 Darwin/10.3.1,gzip(gfe),gzip(gfe)"
0.1.0.2 - - [17/Sep/2010:04:00:52 -0700] "POST /m/track/i HTTP/1.1" 200 124 "http://www.mopub-inc.com/m/ad?v=1&f=320x50&udid=1ec9e13a7a61cc5163b9b9c97f90be2b081746f0&q=(null)&id=agltb3B1Yi1pbmNyDAsSBFNpdGUY2fgDDA" "AppEngine-Google; (+http://code.google.com/appengine)"
202.81.69.153 - - [17/Sep/2010:04:00:57 -0700] "GET /m/ad?v=1&udid=401b04734e33825356ac54bf0fbf4d7dffe8691a&q=Franklin\'s%20Book%20Shop&id=agltb3B1Yi1pbmNyDAsSBFNpdGUY6ckDDA HTTP/1.1" 200 641 - "Mozilla/5.0 (iPhone; U; CPU iPhone OS 4_0 like Mac OS X; en-us) AppleWebKit/532.9 (KHTML, like Gecko) Mobile/8A293,gzip(gfe),gzip(gfe)"
0.1.0.2 - - [17/Sep/2010:04:00:58 -0700] "POST /m/track/i HTTP/1.1" 200 124 "http://www.mopub-inc.com/m/ad?v=1&udid=401b04734e33825356ac54bf0fbf4d7dffe8691a&q=Franklin\'s%20Book%20Shop&id=agltb3B1Yi1pbmNyDAsSBFNpdGUY6ckDDA" "AppEngine-Google; (+http://code.google.com/appengine)"
66.249.71.184 - - [17/Sep/2010:04:00:59 -0700] "GET /m/ad?v=1&udid=401b04734e33825356ac54bf0fbf4d7dffe8691a&q=Franklin\'s%20Book%20Shop&id=agltb3B1Yi1pbmNyDAsSBFNpdGUY6ckDDA HTTP/1.1" 200 641 - "Mediapartners-Google,gzip(gfe),gzip(gfe)"
94.195.86.203 - - [17/Sep/2010:04:01:00 -0700] "GET /m/ad?v=1&f=320x50&udid=1ec9e13a7a61cc5163b9b9c97f90be2b081746f0&q=(null)&id=agltb3B1Yi1pbmNyDAsSBFNpdGUY2fgDDA HTTP/1.1" 200 267 - "RadioNinja/1.1 CFNetwork/485.10.2 Darwin/10.3.1,gzip(gfe),gzip(gfe)"
0.1.0.2 - - [17/Sep/2010:04:01:00 -0700] "POST /m/track/i HTTP/1.1" 200 124 "http://www.mopub-inc.com/m/ad?v=1&f=320x50&udid=1ec9e13a7a61cc5163b9b9c97f90be2b081746f0&q=(null)&id=agltb3B1Yi1pbmNyDAsSBFNpdGUY2fgDDA" "AppEngine-Google; (+http://code.google.com/appengine)"
94.195.86.203 - - [17/Sep/2010:04:01:04 -0700] "GET /m/ad?v=1&f=320x50&udid=1ec9e13a7a61cc5163b9b9c97f90be2b081746f0&q=Big%20&%20Rich%20Lost%20In%20This%20Moment%20-%20Single%20Lost%20In%20This%20Moment&id=agltb3B1Yi1pbmNyDAsSBFNpdGUY2fgDDA HTTP/1.1" 200 267 - "RadioNinja/1.1 CFNetwork/485.10.2 Darwin/10.3.1,gzip(gfe),gzip(gfe)"
0.1.0.2 - - [17/Sep/2010:04:01:04 -0700] "POST /m/track/i HTTP/1.1" 200 124 "http://www.mopub-inc.com/m/ad?v=1&f=320x50&udid=1ec9e13a7a61cc5163b9b9c97f90be2b081746f0&q=Big%20&%20Rich%20Lost%20In%20This%20Moment%20-%20Single%20Lost%20In%20This%20Moment&id=agltb3B1Yi1pbmNyDAsSBFNpdGUY2fgDDA" "AppEngine-Google; (+http://code.google.com/appengine)"
202.81.69.153 - - [17/Sep/2010:04:01:17 -0700] "GET /m/ad?v=1&udid=401b04734e33825356ac54bf0fbf4d7dffe8691a&q=Twisted%20Toys&id=agltb3B1Yi1pbmNyDAsSBFNpdGUY6ckDDA HTTP/1.1" 200 633 - "Mozilla/5.0 (iPhone; U; CPU iPhone OS 4_0 like Mac OS X; en-us) AppleWebKit/532.9 (KHTML, like Gecko) Mobile/8A293,gzip(gfe),gzip(gfe)"
0.1.0.2 - - [17/Sep/2010:04:01:18 -0700] "POST /m/track/i HTTP/1.1" 200 124 "http://www.mopub-inc.com/m/ad?v=1&udid=401b04734e33825356ac54bf0fbf4d7dffe8691a&q=Twisted%20Toys&id=agltb3B1Yi1pbmNyDAsSBFNpdGUY6ckDDA" "AppEngine-Google; (+http://code.google.com/appengine)"
66.249.71.196 - - [17/Sep/2010:04:01:20 -0700] "GET /m/ad?v=1&udid=401b04734e33825356ac54bf0fbf4d7dffe8691a&q=Twisted%20Toys&id=agltb3B1Yi1pbmNyDAsSBFNpdGUY6ckDDA HTTP/1.1" 200 633 - "Mediapartners-Google,gzip(gfe),gzip(gfe)"
88.6.169.218 - - [17/Sep/2010:04:01:30 -0700] "GET /m/ad?v=1&f=320x50&udid=86d31c6c6e85fd5c61a82a22719fa4e84f91d242&q=Oscar%20Peterson%20Oscar%20Peterson%20Plays%20the%20George%20Gershwin%20Song%20Book%20I\'ve%20Got%20a%20Crush%20On%20You&id=agltb3B1Yi1pbmNyDAsSBFNpdGUY2fgDDA HTTP/1.1" 200 267 - "RadioNinja/1.1 CFNetwork/485.10.2 Darwin/10.3.1,gzip(gfe),gzip(gfe)"
0.1.0.2 - - [17/Sep/2010:04:01:30 -0700] "POST /m/track/i HTTP/1.1" 200 124 "http://www.mopub-inc.com/m/ad?v=1&f=320x50&udid=86d31c6c6e85fd5c61a82a22719fa4e84f91d242&q=Oscar%20Peterson%20Oscar%20Peterson%20Plays%20the%20George%20Gershwin%20Song%20Book%20I\'ve%20Got%20a%20Crush%20On%20You&id=agltb3B1Yi1pbmNyDAsSBFNpdGUY2fgDDA" "AppEngine-Google; (+http://code.google.com/appengine)"
88.6.169.218 - - [17/Sep/2010:04:01:33 -0700] "GET /m/ad?v=1&f=320x50&udid=86d31c6c6e85fd5c61a82a22719fa4e84f91d242&q=Oscar%20Peterson%20Oscar%20Peterson%20Plays%20the%20George%20Gershwin%20Song%20Book%20I\'ve%20Got%20a%20Crush%20On%20You&id=agltb3B1Yi1pbmNyDAsSBFNpdGUY2fgDDA HTTP/1.1" 200 267 - "RadioNinja/1.1 CFNetwork/485.10.2 Darwin/10.3.1,gzip(gfe),gzip(gfe)"
0.1.0.2 - - [17/Sep/2010:04:01:33 -0700] "POST /m/track/i HTTP/1.1" 200 124 "http://www.mopub-inc.com/m/ad?v=1&f=320x50&udid=86d31c6c6e85fd5c61a82a22719fa4e84f91d242&q=Oscar%20Peterson%20Oscar%20Peterson%20Plays%20the%20George%20Gershwin%20Song%20Book%20I\'ve%20Got%20a%20Crush%20On%20You&id=agltb3B1Yi1pbmNyDAsSBFNpdGUY2fgDDA" "AppEngine-Google; (+http://code.google.com/appengine)"
202.81.69.153 - - [17/Sep/2010:04:01:48 -0700] "GET /m/ad?v=1&udid=401b04734e33825356ac54bf0fbf4d7dffe8691a&q=Club%20X&id=agltb3B1Yi1pbmNyDAsSBFNpdGUY6ckDDA HTTP/1.1" 200 631 - "Mozilla/5.0 (iPhone; U; CPU iPhone OS 4_0 like Mac OS X; en-us) AppleWebKit/532.9 (KHTML, like Gecko) Mobile/8A293,gzip(gfe),gzip(gfe)"
0.1.0.2 - - [17/Sep/2010:04:01:48 -0700] "POST /m/track/i HTTP/1.1" 200 124 "http://www.mopub-inc.com/m/ad?v=1&udid=401b04734e33825356ac54bf0fbf4d7dffe8691a&q=Club%20X&id=agltb3B1Yi1pbmNyDAsSBFNpdGUY6ckDDA" "AppEngine-Google; (+http://code.google.com/appengine)"
202.81.69.153 - - [17/Sep/2010:04:02:08 -0700] "GET /m/ad?v=1&udid=401b04734e33825356ac54bf0fbf4d7dffe8691a&q=Twisted%20Toys&id=agltb3B1Yi1pbmNyDAsSBFNpdGUY6ckDDA HTTP/1.1" 200 633 - "Mozilla/5.0 (iPhone; U; CPU iPhone OS 4_0 like Mac OS X; en-us) AppleWebKit/532.9 (KHTML, like Gecko) Mobile/8A293,gzip(gfe),gzip(gfe)"
0.1.0.2 - - [17/Sep/2010:04:02:08 -0700] "POST /m/track/i HTTP/1.1" 200 124 "http://www.mopub-inc.com/m/ad?v=1&udid=401b04734e33825356ac54bf0fbf4d7dffe8691a&q=Twisted%20Toys&id=agltb3B1Yi1pbmNyDAsSBFNpdGUY6ckDDA" "AppEngine-Google; (+http://code.google.com/appengine)"
212.215.235.15 - - [17/Sep/2010:04:02:35 -0700] "GET /m/ad?v=1&f=320x50&udid=6e3e96f8f89fa1726504445103ec5423fd8520cb&ll=24.730302,46.760079&q=Restaurants&id=agltb3B1Yi1pbmNyDAsSBFNpdGUYsbIDDA HTTP/1.1" 200 851 - "nearby-iphone/1.4 CFNetwork/485.2 Darwin/10.3.1,gzip(gfe),gzip(gfe)"
0.1.0.2 - - [17/Sep/2010:04:02:36 -0700] "POST /m/track/i HTTP/1.1" 200 124 "http://www.mopub-inc.com/m/ad?v=1&f=320x50&udid=6e3e96f8f89fa1726504445103ec5423fd8520cb&ll=24.730302,46.760079&q=Restaurants&id=agltb3B1Yi1pbmNyDAsSBFNpdGUYsbIDDA" "AppEngine-Google; (+http://code.google.com/appengine)"
66.249.71.138 - - [17/Sep/2010:04:02:40 -0700] "GET /m/ad?v=1&f=320x50&udid=6e3e96f8f89fa1726504445103ec5423fd8520cb&ll=24.730302,46.760079&q=Restaurants&id=agltb3B1Yi1pbmNyDAsSBFNpdGUYsbIDDA HTTP/1.1" 200 636 - "Mediapartners-Google,gzip(gfe),gzip(gfe)"
178.31.2.44 - - [17/Sep/2010:04:02:53 -0700] "GET /m/ad?v=1&f=320x50&udid=06513f2a34e5ae5132f1bd9fdba8e76ca5108caf&q=High%20Definition%20Video%20HD%20-%20NASA\'s%20Jet%20Propulsion%20Laboratory%20HD%20-%20NASA\'s%20Jet%20Propulsion%20Laboratory&id=agltb3B1Yi1pbmNyDAsSBFNpdGUY2fgDDA HTTP/1.1" 200 267 - "RadioNinja/1.1 CFNetwork/485.10.2 Darwin/10.3.1,gzip(gfe),gzip(gfe)"
0.1.0.2 - - [17/Sep/2010:04:02:54 -0700] "POST /m/track/i HTTP/1.1" 200 124 "http://www.mopub-inc.com/m/ad?v=1&f=320x50&udid=06513f2a34e5ae5132f1bd9fdba8e76ca5108caf&q=High%20Definition%20Video%20HD%20-%20NASA\'s%20Jet%20Propulsion%20Laboratory%20HD%20-%20NASA\'s%20Jet%20Propulsion%20Laboratory&id=agltb3B1Yi1pbmNyDAsSBFNpdGUY2fgDDA" "AppEngine-Google; (+http://code.google.com/appengine)"
166.205.140.237 - - [17/Sep/2010:04:03:09 -0700] "GET /m/ad?v=1&f=320x50&udid=4ee81d258f98ac41484b1cf64476c0ad0b795df2&q=(null)&id=agltb3B1Yi1pbmNyDAsSBFNpdGUY2fgDDA HTTP/1.1" 200 267 - "RadioNinja/1.1 CFNetwork/485.2 Darwin/10.3.1,gzip(gfe),gzip(gfe)"
0.1.0.2 - - [17/Sep/2010:04:03:10 -0700] "POST /m/track/i HTTP/1.1" 200 124 "http://www.mopub-inc.com/m/ad?v=1&f=320x50&udid=4ee81d258f98ac41484b1cf64476c0ad0b795df2&q=(null)&id=agltb3B1Yi1pbmNyDAsSBFNpdGUY2fgDDA" "AppEngine-Google; (+http://code.google.com/appengine)"
178.31.2.44 - - [17/Sep/2010:04:03:10 -0700] "GET /m/ad?v=1&f=320x50&udid=06513f2a34e5ae5132f1bd9fdba8e76ca5108caf&q=Billy%20Joel%20The%20Essential%20Billy%20Joel%20Uptown%20Girl&id=agltb3B1Yi1pbmNyDAsSBFNpdGUY2fgDDA HTTP/1.1" 200 267 - "RadioNinja/1.1 CFNetwork/485.10.2 Darwin/10.3.1,gzip(gfe),gzip(gfe)"
0.1.0.2 - - [17/Sep/2010:04:03:10 -0700] "POST /m/track/i HTTP/1.1" 200 124 "http://www.mopub-inc.com/m/ad?v=1&f=320x50&udid=06513f2a34e5ae5132f1bd9fdba8e76ca5108caf&q=Billy%20Joel%20The%20Essential%20Billy%20Joel%20Uptown%20Girl&id=agltb3B1Yi1pbmNyDAsSBFNpdGUY2fgDDA" "AppEngine-Google; (+http://code.google.com/appengine)"
212.215.235.15 - - [17/Sep/2010:04:03:10 -0700] "GET /m/ad?v=1&f=320x50&udid=6e3e96f8f89fa1726504445103ec5423fd8520cb&ll=24.730302,46.760079&q=Restaurants:%20Pizza%20Amore%20The%20Globe%20Forchetta%20Herfty%20Tao%20Shogun%20at%20SAS%20Radison%20Al%20Bustan%20Restaurant%20L\'Entrecote%20Cafe%20de%20Paris%20&id=agltb3B1Yi1pbmNyDAsSBFNpdGUY6ckDDA HTTP/1.1" 200 965 - "nearby-iphone/1.4 CFNetwork/485.2 Darwin/10.3.1,gzip(gfe),gzip(gfe)"
0.1.0.2 - - [17/Sep/2010:04:03:11 -0700] "POST /m/track/i HTTP/1.1" 200 124 "http://www.mopub-inc.com/m/ad?v=1&f=320x50&udid=6e3e96f8f89fa1726504445103ec5423fd8520cb&ll=24.730302,46.760079&q=Restaurants:%20Pizza%20Amore%20The%20Globe%20Forchetta%20Herfty%20Tao%20Shogun%20at%20SAS%20Radison%20Al%20Bustan%20Restaurant%20L\'Entrecote%20Cafe%20de%20Paris%20&id=agltb3B1Yi1pbmNyDAsSBFNpdGUY6ckDDA" "AppEngine-Google; (+http://code.google.com/appengine)"
66.249.71.139 - - [17/Sep/2010:04:03:12 -0700] "GET /m/ad?v=1&f=320x50&udid=6e3e96f8f89fa1726504445103ec5423fd8520cb&ll=24.730302,46.760079&q=Restaurants:%20Pizza%20Amore%20The%20Globe%20Forchetta%20Herfty%20Tao%20Shogun%20at%20SAS%20Radison%20Al%20Bustan%20Restaurant%20L\'Entrecote%20Cafe%20de%20Paris%20&id=agltb3B1Yi1pbmNyDAsSBFNpdGUY6ckDDA HTTP/1.1" 200 718 - "Mediapartners-Google,gzip(gfe),gzip(gfe)"
212.215.235.15 - - [17/Sep/2010:04:03:39 -0700] "GET /m/ad?v=1&f=320x50&udid=6e3e96f8f89fa1726504445103ec5423fd8520cb&ll=24.725574,46.755568&q=Restaurants&id=agltb3B1Yi1pbmNyDAsSBFNpdGUYsbIDDA HTTP/1.1" 200 847 - "nearby-iphone/1.4 CFNetwork/485.2 Darwin/10.3.1,gzip(gfe),gzip(gfe)"
0.1.0.2 - - [17/Sep/2010:04:03:39 -0700] "POST /m/track/i HTTP/1.1" 200 124 "http://www.mopub-inc.com/m/ad?v=1&f=320x50&udid=6e3e96f8f89fa1726504445103ec5423fd8520cb&ll=24.725574,46.755568&q=Restaurants&id=agltb3B1Yi1pbmNyDAsSBFNpdGUYsbIDDA" "AppEngine-Google; (+http://code.google.com/appengine)"
66.249.71.182 - - [17/Sep/2010:04:03:41 -0700] "GET /m/ad?v=1&f=320x50&udid=6e3e96f8f89fa1726504445103ec5423fd8520cb&ll=24.725574,46.755568&q=Restaurants&id=agltb3B1Yi1pbmNyDAsSBFNpdGUYsbIDDA HTTP/1.1" 200 632 - "Mediapartners-Google,gzip(gfe),gzip(gfe)"
212.215.235.15 - - [17/Sep/2010:04:03:43 -0700] "GET /m/ad?v=1&f=320x50&udid=6e3e96f8f89fa1726504445103ec5423fd8520cb&ll=24.725574,46.755568&q=Restaurants:%20The%20Globe%20&id=agltb3B1Yi1pbmNyDAsSBFNpdGUY6ckDDA HTTP/1.1" 200 859 - "nearby-iphone/1.4 CFNetwork/485.2 Darwin/10.3.1,gzip(gfe),gzip(gfe)"
0.1.0.2 - - [17/Sep/2010:04:03:44 -0700] "POST /m/track/i HTTP/1.1" 200 124 "http://www.mopub-inc.com/m/ad?v=1&f=320x50&udid=6e3e96f8f89fa1726504445103ec5423fd8520cb&ll=24.725574,46.755568&q=Restaurants:%20The%20Globe%20&id=agltb3B1Yi1pbmNyDAsSBFNpdGUY6ckDDA" "AppEngine-Google; (+http://code.google.com/appengine)"
66.249.71.182 - - [17/Sep/2010:04:03:45 -0700] "GET /m/ad?v=1&f=320x50&udid=6e3e96f8f89fa1726504445103ec5423fd8520cb&ll=24.725574,46.755568&q=Restaurants:%20The%20Globe%20&id=agltb3B1Yi1pbmNyDAsSBFNpdGUY6ckDDA HTTP/1.1" 200 642 - "Mediapartners-Google,gzip(gfe),gzip(gfe)"
94.195.86.203 - - [17/Sep/2010:04:04:08 -0700] "GET /m/ad?v=1&f=320x50&udid=1ec9e13a7a61cc5163b9b9c97f90be2b081746f0&q=Joe%20Nichols%20Old%20Things%20New%20Gimmie%20That%20Girl&id=agltb3B1Yi1pbmNyDAsSBFNpdGUY2fgDDA HTTP/1.1" 200 267 - "RadioNinja/1.1 CFNetwork/485.10.2 Darwin/10.3.1,gzip(gfe),gzip(gfe)"
0.1.0.2 - - [17/Sep/2010:04:04:09 -0700] "POST /m/track/i HTTP/1.1" 200 124 "http://www.mopub-inc.com/m/ad?v=1&f=320x50&udid=1ec9e13a7a61cc5163b9b9c97f90be2b081746f0&q=Joe%20Nichols%20Old%20Things%20New%20Gimmie%20That%20Girl&id=agltb3B1Yi1pbmNyDAsSBFNpdGUY2fgDDA" "AppEngine-Google; (+http://code.google.com/appengine)"
88.6.169.218 - - [17/Sep/2010:04:04:50 -0700] "GET /m/ad?v=1&f=320x50&udid=86d31c6c6e85fd5c61a82a22719fa4e84f91d242&q=Thelonious%20Monk%20The%20Best%20of%20Thelonious%20Monk%20\'Round%20Midnight&id=agltb3B1Yi1pbmNyDAsSBFNpdGUY2fgDDA HTTP/1.1" 200 267 - "RadioNinja/1.1 CFNetwork/485.10.2 Darwin/10.3.1,gzip(gfe),gzip(gfe)"
0.1.0.2 - - [17/Sep/2010:04:04:50 -0700] "POST /m/track/i HTTP/1.1" 200 124 "http://www.mopub-inc.com/m/ad?v=1&f=320x50&udid=86d31c6c6e85fd5c61a82a22719fa4e84f91d242&q=Thelonious%20Monk%20The%20Best%20of%20Thelonious%20Monk%20\'Round%20Midnight&id=agltb3B1Yi1pbmNyDAsSBFNpdGUY2fgDDA" "AppEngine-Google; (+http://code.google.com/appengine)"
94.195.86.203 - - [17/Sep/2010:04:06:58 -0700] "GET /m/ad?v=1&f=320x50&udid=1ec9e13a7a61cc5163b9b9c97f90be2b081746f0&q=Dierks%20Bentley%20Dierks%20Bentley:%20Greatest%20Hits%20-%20Every%20Mile%20a%20Memory%20Come%20a%20Little%20Closer&id=agltb3B1Yi1pbmNyDAsSBFNpdGUY2fgDDA HTTP/1.1" 200 267 - "RadioNinja/1.1 CFNetwork/485.10.2 Darwin/10.3.1,gzip(gfe),gzip(gfe)"
0.1.0.2 - - [17/Sep/2010:04:06:58 -0700] "POST /m/track/i HTTP/1.1" 200 124 "http://www.mopub-inc.com/m/ad?v=1&f=320x50&udid=1ec9e13a7a61cc5163b9b9c97f90be2b081746f0&q=Dierks%20Bentley%20Dierks%20Bentley:%20Greatest%20Hits%20-%20Every%20Mile%20a%20Memory%20Come%20a%20Little%20Closer&id=agltb3B1Yi1pbmNyDAsSBFNpdGUY2fgDDA" "AppEngine-Google; (+http://code.google.com/appengine)"
178.31.2.44 - - [17/Sep/2010:04:07:22 -0700] "GET /m/ad?v=1&f=320x50&udid=06513f2a34e5ae5132f1bd9fdba8e76ca5108caf&q=(null)&id=agltb3B1Yi1pbmNyDAsSBFNpdGUY2fgDDA HTTP/1.1" 200 267 - "RadioNinja/1.1 CFNetwork/485.10.2 Darwin/10.3.1,gzip(gfe),gzip(gfe)"
0.1.0.2 - - [17/Sep/2010:04:07:23 -0700] "POST /m/track/i HTTP/1.1" 200 124 "http://www.mopub-inc.com/m/ad?v=1&f=320x50&udid=06513f2a34e5ae5132f1bd9fdba8e76ca5108caf&q=(null)&id=agltb3B1Yi1pbmNyDAsSBFNpdGUY2fgDDA" "AppEngine-Google; (+http://code.google.com/appengine)"
178.31.2.44 - - [17/Sep/2010:04:07:28 -0700] "GET /m/ad?v=1&f=320x50&udid=06513f2a34e5ae5132f1bd9fdba8e76ca5108caf&q=1980\'s%20Karaoke%20Band%201985%20Karaoke%20Classics%20Volume%202%20Say%20You,%20Say%20Me%20(Karaoke%20in%20the%20style%20of%20Lionel%20Ritchie)&id=agltb3B1Yi1pbmNyDAsSBFNpdGUY2fgDDA HTTP/1.1" 200 267 - "RadioNinja/1.1 CFNetwork/485.10.2 Darwin/10.3.1,gzip(gfe),gzip(gfe)"
0.1.0.2 - - [17/Sep/2010:04:07:29 -0700] "POST /m/track/i HTTP/1.1" 200 124 "http://www.mopub-inc.com/m/ad?v=1&f=320x50&udid=06513f2a34e5ae5132f1bd9fdba8e76ca5108caf&q=1980\'s%20Karaoke%20Band%201985%20Karaoke%20Classics%20Volume%202%20Say%20You,%20Say%20Me%20(Karaoke%20in%20the%20style%20of%20Lionel%20Ritchie)&id=agltb3B1Yi1pbmNyDAsSBFNpdGUY2fgDDA" "AppEngine-Google; (+http://code.google.com/appengine)"
108.18.115.19 - - [17/Sep/2010:04:07:30 -0700] "GET /m/ad?v=1&f=320x50&udid=05a96ed8014bf7449b41c49f088906b2d93a312b&ll=38.901568,-76.827313&q=Restaurants&id=agltb3B1Yi1pbmNyDAsSBFNpdGUYsbIDDA HTTP/1.1" 200 858 - "nearby-iphone/1.4 CFNetwork/485.2 Darwin/10.3.1,gzip(gfe),gzip(gfe)"
0.1.0.2 - - [17/Sep/2010:04:07:30 -0700] "POST /m/track/i HTTP/1.1" 200 124 "http://www.mopub-inc.com/m/ad?v=1&f=320x50&udid=05a96ed8014bf7449b41c49f088906b2d93a312b&ll=38.901568,-76.827313&q=Restaurants&id=agltb3B1Yi1pbmNyDAsSBFNpdGUYsbIDDA" "AppEngine-Google; (+http://code.google.com/appengine)"
66.249.71.155 - - [17/Sep/2010:04:07:33 -0700] "GET /m/ad?v=1&f=320x50&udid=05a96ed8014bf7449b41c49f088906b2d93a312b&ll=38.901568,-76.827313&q=Restaurants&id=agltb3B1Yi1pbmNyDAsSBFNpdGUYsbIDDA HTTP/1.1" 200 644 - "Mediapartners-Google,gzip(gfe),gzip(gfe)"
88.6.169.218 - - [17/Sep/2010:04:07:56 -0700] "GET /m/ad?v=1&f=320x50&udid=86d31c6c6e85fd5c61a82a22719fa4e84f91d242&q=Coleman%20Hawkins%20&%20Milt%20Jackson%20Bean%20Bags%20Get%20Happy&id=agltb3B1Yi1pbmNyDAsSBFNpdGUY2fgDDA HTTP/1.1" 200 267 - "RadioNinja/1.1 CFNetwork/485.10.2 Darwin/10.3.1,gzip(gfe),gzip(gfe)"
0.1.0.2 - - [17/Sep/2010:04:07:59 -0700] "POST /m/track/i HTTP/1.1" 200 124 "http://www.mopub-inc.com/m/ad?v=1&f=320x50&udid=86d31c6c6e85fd5c61a82a22719fa4e84f91d242&q=Coleman%20Hawkins%20&%20Milt%20Jackson%20Bean%20Bags%20Get%20Happy&id=agltb3B1Yi1pbmNyDAsSBFNpdGUY2fgDDA" "AppEngine-Google; (+http://code.google.com/appengine)"
108.18.115.19 - - [17/Sep/2010:04:07:59 -0700] "GET /m/aclk?v=1&udid=05a96ed8014bf7449b41c49f088906b2d93a312b&q=Restaurants&id=agltb3B1Yi1pbmNyDAsSBFNpdGUYsbIDDA&r=http%3A%2F%2Fgoogleads.g.doubleclick.net%2Faclk%3Fsa%3Dl%26ai%3DB9OL980uTTNLYM-ftlQe5r7h75O7Bf8S0xr8TwI23AcDubRABGAEg4K-CHTgAUKOXgOv6_____wFgydaIiYikgBCgAcDvu_8DsgEYd3d3LmhpZ2hub3RlbmV0d29ya3MuY29tugEJMzIweDUwX21iyAEB2gG1AWh0dHA6Ly93d3cuaGlnaG5vdGVuZXR3b3Jrcy5jb20vbS9hZD92PTEmZj0zMjB4NTAmdWRpZD0wNWE5NmVkODAxNGJmNzQ0OWI0MWM0OWYwODg5MDZiMmQ5M2EzMTJiJmxsPTM4LjkwMTU2OCwtNzYuODI3MzEzJnE9UmVzdGF1cmFudHMmaWQ9YWhGb2FXZG9ibTkwWlMxdVpYUjNiM0pyYzNJTUN4SUVVMmwwWlJpeHNnTU2AAgGoAwH1AwAAAMQ%26num%3D1%26sig%3DAGiWqtyiDdL3PSpv7oe6qOip1TXMjDoMFA%26client%3Dca-mb-pub-5592664190023354%26adurl%3Dhttp%3A%2F%2Fwww.confio.com%2Fppc%2FFreeTrial-SQLServer.php%3Fsource%3DGoogSqlC HTTP/1.1" 302 751 - "Mozilla/5.0 (iPhone; U; CPU iPhone OS 4_0_2 like Mac OS X; en-us) AppleWebKit/532.9 (KHTML, like Gecko) Mobile/8A400,gzip(gfe),gzip(gfe)"
0.1.0.2 - - [17/Sep/2010:04:08:00 -0700] "POST /m/track/c HTTP/1.1" 200 124 - "AppEngine-Google; (+http://code.google.com/appengine)"
108.18.115.19 - - [17/Sep/2010:04:08:30 -0700] "GET /m/ad?v=1&f=320x50&udid=05a96ed8014bf7449b41c49f088906b2d93a312b&ll=38.901711,-76.827164&q=Retail%20Stores&id=agltb3B1Yi1pbmNyDAsSBFNpdGUYsbIDDA HTTP/1.1" 200 860 - "nearby-iphone/1.4 CFNetwork/485.2 Darwin/10.3.1,gzip(gfe),gzip(gfe)"
0.1.0.2 - - [17/Sep/2010:04:08:31 -0700] "POST /m/track/i HTTP/1.1" 200 124 "http://www.mopub-inc.com/m/ad?v=1&f=320x50&udid=05a96ed8014bf7449b41c49f088906b2d93a312b&ll=38.901711,-76.827164&q=Retail%20Stores&id=agltb3B1Yi1pbmNyDAsSBFNpdGUYsbIDDA" "AppEngine-Google; (+http://code.google.com/appengine)"
66.249.71.197 - - [17/Sep/2010:04:08:32 -0700] "GET /m/ad?v=1&f=320x50&udid=05a96ed8014bf7449b41c49f088906b2d93a312b&ll=38.901711,-76.827164&q=Retail%20Stores&id=agltb3B1Yi1pbmNyDAsSBFNpdGUYsbIDDA HTTP/1.1" 200 645 - "Mediapartners-Google,gzip(gfe),gzip(gfe)"
108.18.115.19 - - [17/Sep/2010:04:08:49 -0700] "GET /m/ad?v=1&f=320x50&udid=05a96ed8014bf7449b41c49f088906b2d93a312b&ll=38.901711,-76.827164&q=Hotels&id=agltb3B1Yi1pbmNyDAsSBFNpdGUYsbIDDA HTTP/1.1" 200 853 - "nearby-iphone/1.4 CFNetwork/485.2 Darwin/10.3.1,gzip(gfe),gzip(gfe)"
0.1.0.2 - - [17/Sep/2010:04:08:49 -0700] "POST /m/track/i HTTP/1.1" 200 124 "http://www.mopub-inc.com/m/ad?v=1&f=320x50&udid=05a96ed8014bf7449b41c49f088906b2d93a312b&ll=38.901711,-76.827164&q=Hotels&id=agltb3B1Yi1pbmNyDAsSBFNpdGUYsbIDDA" "AppEngine-Google; (+http://code.google.com/appengine)"
66.249.71.139 - - [17/Sep/2010:04:08:50 -0700] "GET /m/ad?v=1&f=320x50&udid=05a96ed8014bf7449b41c49f088906b2d93a312b&ll=38.901711,-76.827164&q=Hotels&id=agltb3B1Yi1pbmNyDAsSBFNpdGUYsbIDDA HTTP/1.1" 200 641 - "Mediapartners-Google,gzip(gfe),gzip(gfe)"
108.18.115.19 - - [17/Sep/2010:04:09:14 -0700] "GET /m/ad?v=1&f=320x50&udid=05a96ed8014bf7449b41c49f088906b2d93a312b&ll=38.901711,-76.827164&q=Coffee&id=agltb3B1Yi1pbmNyDAsSBFNpdGUYsbIDDA HTTP/1.1" 200 853 - "nearby-iphone/1.4 CFNetwork/485.2 Darwin/10.3.1,gzip(gfe),gzip(gfe)"
0.1.0.2 - - [17/Sep/2010:04:09:14 -0700] "POST /m/track/i HTTP/1.1" 200 124 "http://www.mopub-inc.com/m/ad?v=1&f=320x50&udid=05a96ed8014bf7449b41c49f088906b2d93a312b&ll=38.901711,-76.827164&q=Coffee&id=agltb3B1Yi1pbmNyDAsSBFNpdGUYsbIDDA" "AppEngine-Google; (+http://code.google.com/appengine)"
66.249.71.140 - - [17/Sep/2010:04:09:15 -0700] "GET /m/ad?v=1&f=320x50&udid=05a96ed8014bf7449b41c49f088906b2d93a312b&ll=38.901711,-76.827164&q=Coffee&id=agltb3B1Yi1pbmNyDAsSBFNpdGUYsbIDDA HTTP/1.1" 200 641 - "Mediapartners-Google,gzip(gfe),gzip(gfe)"
180.129.127.198 - - [17/Sep/2010:04:09:31 -0700] "GET /m/ad?v=1&f=320x50&udid=b3496ff205c43a72ecf07e24a962c018406b7106&ll=1.291133,103.843312&q=Hotels&id=agltb3B1Yi1pbmNyDAsSBFNpdGUYsbIDDA HTTP/1.1" 200 842 - "nearby-iphone/1.3.3 CFNetwork/485.2 Darwin/10.3.1,gzip(gfe),gzip(gfe)"
0.1.0.2 - - [17/Sep/2010:04:09:32 -0700] "POST /m/track/i HTTP/1.1" 200 124 "http://www.mopub-inc.com/m/ad?v=1&f=320x50&udid=b3496ff205c43a72ecf07e24a962c018406b7106&ll=1.291133,103.843312&q=Hotels&id=agltb3B1Yi1pbmNyDAsSBFNpdGUYsbIDDA" "AppEngine-Google; (+http://code.google.com/appengine)"
66.249.71.175 - - [17/Sep/2010:04:09:35 -0700] "GET /m/ad?v=1&f=320x50&udid=b3496ff205c43a72ecf07e24a962c018406b7106&ll=1.291133,103.843312&q=Hotels&id=agltb3B1Yi1pbmNyDAsSBFNpdGUYsbIDDA HTTP/1.1" 200 629 - "Mediapartners-Google,gzip(gfe),gzip(gfe)"
116.89.120.232 - - [17/Sep/2010:04:09:43 -0700] "GET /m/ad?v=1&f=320x50&udid=a3a76d3f71eeee805ecf742294926e7519103ae3&ll=1.378437,103.756001&q=Banks/ATMs&id=agltb3B1Yi1pbmNyDAsSBFNpdGUYsbIDDA HTTP/1.1" 200 846 - "nearby-iphone/1.4 CFNetwork/485.2 Darwin/10.3.1,gzip(gfe),gzip(gfe)"
0.1.0.2 - - [17/Sep/2010:04:09:43 -0700] "POST /m/track/i HTTP/1.1" 200 124 "http://www.mopub-inc.com/m/ad?v=1&f=320x50&udid=a3a76d3f71eeee805ecf742294926e7519103ae3&ll=1.378437,103.756001&q=Banks/ATMs&id=agltb3B1Yi1pbmNyDAsSBFNpdGUYsbIDDA" "AppEngine-Google; (+http://code.google.com/appengine)"
66.249.71.183 - - [17/Sep/2010:04:09:43 -0700] "GET /m/ad?v=1&f=320x50&udid=a3a76d3f71eeee805ecf742294926e7519103ae3&ll=1.378437,103.756001&q=Banks/ATMs&id=agltb3B1Yi1pbmNyDAsSBFNpdGUYsbIDDA HTTP/1.1" 200 634 - "Mediapartners-Google,gzip(gfe),gzip(gfe)"
108.18.115.19 - - [17/Sep/2010:04:09:46 -0700] "GET /m/ad?v=1&f=320x50&udid=05a96ed8014bf7449b41c49f088906b2d93a312b&ll=38.907667,-76.773657&q=Movie%20Theaters&id=agltb3B1Yi1pbmNyDAsSBFNpdGUYsbIDDA HTTP/1.1" 200 850 - "nearby-iphone/1.4 CFNetwork/485.2 Darwin/10.3.1,gzip(gfe),gzip(gfe)"
0.1.0.2 - - [17/Sep/2010:04:09:46 -0700] "POST /m/track/i HTTP/1.1" 200 124 "http://www.mopub-inc.com/m/ad?v=1&f=320x50&udid=05a96ed8014bf7449b41c49f088906b2d93a312b&ll=38.907667,-76.773657&q=Movie%20Theaters&id=agltb3B1Yi1pbmNyDAsSBFNpdGUYsbIDDA" "AppEngine-Google; (+http://code.google.com/appengine)"
66.249.71.201 - - [17/Sep/2010:04:09:46 -0700] "GET /m/ad?v=1&f=320x50&udid=05a96ed8014bf7449b41c49f088906b2d93a312b&ll=38.907667,-76.773657&q=Movie%20Theaters&id=agltb3B1Yi1pbmNyDAsSBFNpdGUYsbIDDA HTTP/1.1" 200 635 - "Mediapartners-Google,gzip(gfe),gzip(gfe)"
116.89.120.232 - - [17/Sep/2010:04:10:12 -0700] "GET /m/ad?v=1&f=320x50&udid=a3a76d3f71eeee805ecf742294926e7519103ae3&ll=1.378561,103.756103&q=Parking&id=agltb3B1Yi1pbmNyDAsSBFNpdGUYsbIDDA HTTP/1.1" 200 843 - "nearby-iphone/1.4 CFNetwork/485.2 Darwin/10.3.1,gzip(gfe),gzip(gfe)"
0.1.0.2 - - [17/Sep/2010:04:10:12 -0700] "POST /m/track/i HTTP/1.1" 200 124 "http://www.mopub-inc.com/m/ad?v=1&f=320x50&udid=a3a76d3f71eeee805ecf742294926e7519103ae3&ll=1.378561,103.756103&q=Parking&id=agltb3B1Yi1pbmNyDAsSBFNpdGUYsbIDDA" "AppEngine-Google; (+http://code.google.com/appengine)"
66.249.71.147 - - [17/Sep/2010:04:10:13 -0700] "GET /m/ad?v=1&f=320x50&udid=a3a76d3f71eeee805ecf742294926e7519103ae3&ll=1.378561,103.756103&q=Parking&id=agltb3B1Yi1pbmNyDAsSBFNpdGUYsbIDDA HTTP/1.1" 200 630 - "Mediapartners-Google,gzip(gfe),gzip(gfe)"
94.195.86.203 - - [17/Sep/2010:04:11:02 -0700] "GET /m/ad?v=1&f=320x50&udid=1ec9e13a7a61cc5163b9b9c97f90be2b081746f0&q=Taylor%20Swift%20Mine%20-%20Single%20Mine&id=agltb3B1Yi1pbmNyDAsSBFNpdGUY2fgDDA HTTP/1.1" 200 267 - "RadioNinja/1.1 CFNetwork/485.10.2 Darwin/10.3.1,gzip(gfe),gzip(gfe)"
0.1.0.2 - - [17/Sep/2010:04:11:02 -0700] "POST /m/track/i HTTP/1.1" 200 124 "http://www.mopub-inc.com/m/ad?v=1&f=320x50&udid=1ec9e13a7a61cc5163b9b9c97f90be2b081746f0&q=Taylor%20Swift%20Mine%20-%20Single%20Mine&id=agltb3B1Yi1pbmNyDAsSBFNpdGUY2fgDDA" "AppEngine-Google; (+http://code.google.com/appengine)"
69.165.136.33 - - [17/Sep/2010:04:13:01 -0700] "GET /m/ad?v=1&f=320x50&udid=511fe954680aa040bba693ecd4d025088d4c688e&q=(null)&id=agltb3B1Yi1pbmNyDAsSBFNpdGUY2fgDDA HTTP/1.1" 200 267 - "RadioNinja/1.1 CFNetwork/485.2 Darwin/10.3.1,gzip(gfe),gzip(gfe)"
0.1.0.2 - - [17/Sep/2010:04:13:01 -0700] "POST /m/track/i HTTP/1.1" 200 124 "http://www.mopub-inc.com/m/ad?v=1&f=320x50&udid=511fe954680aa040bba693ecd4d025088d4c688e&q=(null)&id=agltb3B1Yi1pbmNyDAsSBFNpdGUY2fgDDA" "AppEngine-Google; (+http://code.google.com/appengine)"
69.165.136.33 - - [17/Sep/2010:04:13:09 -0700] "GET /m/ad?v=1&f=320x50&udid=511fe954680aa040bba693ecd4d025088d4c688e&q=Katy%20Perry%20California%20Gurls%20(feat.%20Snoop%20Dogg)%20-%20Single%20California%20Gurls%20(feat.%20Snoop%20Dogg)&id=agltb3B1Yi1pbmNyDAsSBFNpdGUY2fgDDA HTTP/1.1" 200 267 - "RadioNinja/1.1 CFNetwork/485.2 Darwin/10.3.1,gzip(gfe),gzip(gfe)"
0.1.0.2 - - [17/Sep/2010:04:13:09 -0700] "POST /m/track/i HTTP/1.1" 200 124 "http://www.mopub-inc.com/m/ad?v=1&f=320x50&udid=511fe954680aa040bba693ecd4d025088d4c688e&q=Katy%20Perry%20California%20Gurls%20(feat.%20Snoop%20Dogg)%20-%20Single%20California%20Gurls%20(feat.%20Snoop%20Dogg)&id=agltb3B1Yi1pbmNyDAsSBFNpdGUY2fgDDA" "AppEngine-Google; (+http://code.google.com/appengine)"
88.6.169.218 - - [17/Sep/2010:04:13:31 -0700] "GET /m/ad?v=1&f=320x50&udid=86d31c6c6e85fd5c61a82a22719fa4e84f91d242&q=Charlie%20%22Bird%22%20Parker%20The%20Genius%20of%20Charlie%20Parker%20Now\'s%20the%20Time&id=agltb3B1Yi1pbmNyDAsSBFNpdGUY2fgDDA HTTP/1.1" 200 267 - "RadioNinja/1.1 CFNetwork/485.10.2 Darwin/10.3.1,gzip(gfe),gzip(gfe)"
0.1.0.2 - - [17/Sep/2010:04:13:31 -0700] "POST /m/track/i HTTP/1.1" 200 124 "http://www.mopub-inc.com/m/ad?v=1&f=320x50&udid=86d31c6c6e85fd5c61a82a22719fa4e84f91d242&q=Charlie%20%22Bird%22%20Parker%20The%20Genius%20of%20Charlie%20Parker%20Now\'s%20the%20Time&id=agltb3B1Yi1pbmNyDAsSBFNpdGUY2fgDDA" "AppEngine-Google; (+http://code.google.com/appengine)"
69.165.136.33 - - [17/Sep/2010:04:13:51 -0700] "GET /m/ad?v=1&f=320x50&udid=511fe954680aa040bba693ecd4d025088d4c688e&q=Katy%20Perry%20California%20Gurls%20(feat.%20Snoop%20Dogg)%20-%20Single%20California%20Gurls%20(feat.%20Snoop%20Dogg)&id=agltb3B1Yi1pbmNyDAsSBFNpdGUY2fgDDA HTTP/1.1" 200 267 - "RadioNinja/1.1 CFNetwork/485.2 Darwin/10.3.1,gzip(gfe),gzip(gfe)"
0.1.0.2 - - [17/Sep/2010:04:13:51 -0700] "POST /m/track/i HTTP/1.1" 200 124 "http://www.mopub-inc.com/m/ad?v=1&f=320x50&udid=511fe954680aa040bba693ecd4d025088d4c688e&q=Katy%20Perry%20California%20Gurls%20(feat.%20Snoop%20Dogg)%20-%20Single%20California%20Gurls%20(feat.%20Snoop%20Dogg)&id=agltb3B1Yi1pbmNyDAsSBFNpdGUY2fgDDA" "AppEngine-Google; (+http://code.google.com/appengine)"
88.6.169.218 - - [17/Sep/2010:04:13:54 -0700] "GET /m/ad?v=1&f=320x50&udid=86d31c6c6e85fd5c61a82a22719fa4e84f91d242&q=Charlie%20%22Bird%22%20Parker%20The%20Genius%20of%20Charlie%20Parker%20Now\'s%20the%20Time&id=agltb3B1Yi1pbmNyDAsSBFNpdGUY2fgDDA HTTP/1.1" 200 267 - "RadioNinja/1.1 CFNetwork/485.10.2 Darwin/10.3.1,gzip(gfe),gzip(gfe)"
0.1.0.2 - - [17/Sep/2010:04:13:54 -0700] "POST /m/track/i HTTP/1.1" 200 124 "http://www.mopub-inc.com/m/ad?v=1&f=320x50&udid=86d31c6c6e85fd5c61a82a22719fa4e84f91d242&q=Charlie%20%22Bird%22%20Parker%20The%20Genius%20of%20Charlie%20Parker%20Now\'s%20the%20Time&id=agltb3B1Yi1pbmNyDAsSBFNpdGUY2fgDDA" "AppEngine-Google; (+http://code.google.com/appengine)"
124.155.195.7 - - [17/Sep/2010:04:14:52 -0700] "GET /m/ad?v=1&f=320x50&udid=df7b5cd46792b3a116c26ed5c04aba10e0011338&ll=1.372698,103.932074&q=Banks/ATMs&id=agltb3B1Yi1pbmNyDAsSBFNpdGUYsbIDDA HTTP/1.1" 200 846 - "nearby-iphone/1.4 CFNetwork/485.10.2 Darwin/10.3.1,gzip(gfe),gzip(gfe)"
0.1.0.2 - - [17/Sep/2010:04:14:53 -0700] "POST /m/track/i HTTP/1.1" 200 124 "http://www.mopub-inc.com/m/ad?v=1&f=320x50&udid=df7b5cd46792b3a116c26ed5c04aba10e0011338&ll=1.372698,103.932074&q=Banks/ATMs&id=agltb3B1Yi1pbmNyDAsSBFNpdGUYsbIDDA" "AppEngine-Google; (+http://code.google.com/appengine)"
124.155.195.7 - - [17/Sep/2010:04:14:53 -0700] "GET /m/ad?v=1&f=320x50&udid=df7b5cd46792b3a116c26ed5c04aba10e0011338&ll=1.372698,103.932074&q=Banks/ATMs&id=agltb3B1Yi1pbmNyDAsSBFNpdGUYsbIDDA HTTP/1.1" 200 846 - "nearby-iphone/1.4 CFNetwork/485.10.2 Darwin/10.3.1,gzip(gfe),gzip(gfe)"
0.1.0.2 - - [17/Sep/2010:04:14:54 -0700] "POST /m/track/i HTTP/1.1" 200 124 "http://www.mopub-inc.com/m/ad?v=1&f=320x50&udid=df7b5cd46792b3a116c26ed5c04aba10e0011338&ll=1.372698,103.932074&q=Banks/ATMs&id=agltb3B1Yi1pbmNyDAsSBFNpdGUYsbIDDA" "AppEngine-Google; (+http://code.google.com/appengine)"
124.155.195.7 - - [17/Sep/2010:04:14:54 -0700] "GET /m/ad?v=1&f=320x50&udid=df7b5cd46792b3a116c26ed5c04aba10e0011338&ll=1.372698,103.932074&q=Banks/ATMs:%20UOB%20-%20Ikea%20Tampines%20&id=agltb3B1Yi1pbmNyDAsSBFNpdGUY6ckDDA HTTP/1.1" 200 868 - "nearby-iphone/1.4 CFNetwork/485.10.2 Darwin/10.3.1,gzip(gfe),gzip(gfe)"
0.1.0.2 - - [17/Sep/2010:04:14:54 -0700] "POST /m/track/i HTTP/1.1" 200 124 "http://www.mopub-inc.com/m/ad?v=1&f=320x50&udid=df7b5cd46792b3a116c26ed5c04aba10e0011338&ll=1.372698,103.932074&q=Banks/ATMs:%20UOB%20-%20Ikea%20Tampines%20&id=agltb3B1Yi1pbmNyDAsSBFNpdGUY6ckDDA" "AppEngine-Google; (+http://code.google.com/appengine)"
94.195.86.203 - - [17/Sep/2010:04:14:55 -0700] "GET /m/ad?v=1&f=320x50&udid=1ec9e13a7a61cc5163b9b9c97f90be2b081746f0&q=Tim%20McGraw%20&%20Faith%20Hill%20Everywhere%20It\'s%20Your%20Love&id=agltb3B1Yi1pbmNyDAsSBFNpdGUY2fgDDA HTTP/1.1" 200 267 - "RadioNinja/1.1 CFNetwork/485.10.2 Darwin/10.3.1,gzip(gfe),gzip(gfe)"
0.1.0.2 - - [17/Sep/2010:04:14:55 -0700] "POST /m/track/i HTTP/1.1" 200 124 "http://www.mopub-inc.com/m/ad?v=1&f=320x50&udid=1ec9e13a7a61cc5163b9b9c97f90be2b081746f0&q=Tim%20McGraw%20&%20Faith%20Hill%20Everywhere%20It\'s%20Your%20Love&id=agltb3B1Yi1pbmNyDAsSBFNpdGUY2fgDDA" "AppEngine-Google; (+http://code.google.com/appengine)"
178.31.2.44 - - [17/Sep/2010:04:14:56 -0700] "GET /m/ad?v=1&f=320x50&udid=06513f2a34e5ae5132f1bd9fdba8e76ca5108caf&q=(null)&id=agltb3B1Yi1pbmNyDAsSBFNpdGUY2fgDDA HTTP/1.1" 200 267 - "RadioNinja/1.1 CFNetwork/485.10.2 Darwin/10.3.1,gzip(gfe),gzip(gfe)"
0.1.0.2 - - [17/Sep/2010:04:14:56 -0700] "POST /m/track/i HTTP/1.1" 200 124 "http://www.mopub-inc.com/m/ad?v=1&f=320x50&udid=06513f2a34e5ae5132f1bd9fdba8e76ca5108caf&q=(null)&id=agltb3B1Yi1pbmNyDAsSBFNpdGUY2fgDDA" "AppEngine-Google; (+http://code.google.com/appengine)"
178.31.2.44 - - [17/Sep/2010:04:15:03 -0700] "GET /m/ad?v=1&f=320x50&udid=06513f2a34e5ae5132f1bd9fdba8e76ca5108caf&q=Nuspirit%20Helsinki%20Nuspirit%20Helsinki%20Orson%20(Album%20Mix)&id=agltb3B1Yi1pbmNyDAsSBFNpdGUY2fgDDA HTTP/1.1" 200 267 - "RadioNinja/1.1 CFNetwork/485.10.2 Darwin/10.3.1,gzip(gfe),gzip(gfe)"
0.1.0.2 - - [17/Sep/2010:04:15:03 -0700] "POST /m/track/i HTTP/1.1" 200 124 "http://www.mopub-inc.com/m/ad?v=1&f=320x50&udid=06513f2a34e5ae5132f1bd9fdba8e76ca5108caf&q=Nuspirit%20Helsinki%20Nuspirit%20Helsinki%20Orson%20(Album%20Mix)&id=agltb3B1Yi1pbmNyDAsSBFNpdGUY2fgDDA" "AppEngine-Google; (+http://code.google.com/appengine)"
66.249.71.139 - - [17/Sep/2010:04:15:05 -0700] "GET /m/ad?v=1&f=320x50&udid=df7b5cd46792b3a116c26ed5c04aba10e0011338&ll=1.372698,103.932074&q=Banks/ATMs&id=agltb3B1Yi1pbmNyDAsSBFNpdGUYsbIDDA HTTP/1.1" 200 634 - "Mediapartners-Google,gzip(gfe),gzip(gfe)"
66.249.71.143 - - [17/Sep/2010:04:15:10 -0700] "GET /m/ad?v=1&f=320x50&udid=df7b5cd46792b3a116c26ed5c04aba10e0011338&ll=1.372698,103.932074&q=Banks/ATMs:%20UOB%20-%20Ikea%20Tampines%20&id=agltb3B1Yi1pbmNyDAsSBFNpdGUY6ckDDA HTTP/1.1" 200 654 - "Mediapartners-Google,gzip(gfe),gzip(gfe)"
124.155.195.7 - - [17/Sep/2010:04:15:14 -0700] "GET /m/ad?v=1&f=320x50&udid=df7b5cd46792b3a116c26ed5c04aba10e0011338&ll=1.372698,103.932074&q=Banks/ATMs&id=agltb3B1Yi1pbmNyDAsSBFNpdGUYsbIDDA HTTP/1.1" 200 846 - "nearby-iphone/1.4 CFNetwork/485.10.2 Darwin/10.3.1,gzip(gfe),gzip(gfe)"
0.1.0.2 - - [17/Sep/2010:04:15:14 -0700] "POST /m/track/i HTTP/1.1" 200 124 "http://www.mopub-inc.com/m/ad?v=1&f=320x50&udid=df7b5cd46792b3a116c26ed5c04aba10e0011338&ll=1.372698,103.932074&q=Banks/ATMs&id=agltb3B1Yi1pbmNyDAsSBFNpdGUYsbIDDA" "AppEngine-Google; (+http://code.google.com/appengine)"
84.235.73.20 - - [17/Sep/2010:04:15:53 -0700] "GET /m/ad?v=1&f=320x50&udid=c04f18bf51f32859ae4324a1d5efadd375663baa&ll=21.593736,39.173672&q=Gas%20Stations&id=agltb3B1Yi1pbmNyDAsSBFNpdGUYsbIDDA HTTP/1.1" 200 848 - "nearby-iphone/1.4 CFNetwork/485.10.2 Darwin/10.3.1,gzip(gfe),gzip(gfe)"
0.1.0.2 - - [17/Sep/2010:04:15:54 -0700] "POST /m/track/i HTTP/1.1" 200 124 "http://www.mopub-inc.com/m/ad?v=1&f=320x50&udid=c04f18bf51f32859ae4324a1d5efadd375663baa&ll=21.593736,39.173672&q=Gas%20Stations&id=agltb3B1Yi1pbmNyDAsSBFNpdGUYsbIDDA" "AppEngine-Google; (+http://code.google.com/appengine)"
66.249.71.197 - - [17/Sep/2010:04:16:03 -0700] "GET /m/ad?v=1&f=320x50&udid=c04f18bf51f32859ae4324a1d5efadd375663baa&ll=21.593736,39.173672&q=Gas%20Stations&id=agltb3B1Yi1pbmNyDAsSBFNpdGUYsbIDDA HTTP/1.1" 200 632 - "Mediapartners-Google,gzip(gfe),gzip(gfe)"
69.165.136.33 - - [17/Sep/2010:04:16:08 -0700] "GET /m/ad?v=1&f=320x50&udid=511fe954680aa040bba693ecd4d025088d4c688e&q=No%20Doubt%20The%20Singles%201992-2003%20It\'s%20My%20Life&id=agltb3B1Yi1pbmNyDAsSBFNpdGUY2fgDDA HTTP/1.1" 200 267 - "RadioNinja/1.1 CFNetwork/485.2 Darwin/10.3.1,gzip(gfe),gzip(gfe)"
0.1.0.2 - - [17/Sep/2010:04:16:08 -0700] "POST /m/track/i HTTP/1.1" 200 124 "http://www.mopub-inc.com/m/ad?v=1&f=320x50&udid=511fe954680aa040bba693ecd4d025088d4c688e&q=No%20Doubt%20The%20Singles%201992-2003%20It\'s%20My%20Life&id=agltb3B1Yi1pbmNyDAsSBFNpdGUY2fgDDA" "AppEngine-Google; (+http://code.google.com/appengine)"
84.235.73.19 - - [17/Sep/2010:04:16:12 -0700] "GET /m/ad?v=1&f=320x50&udid=c04f18bf51f32859ae4324a1d5efadd375663baa&ll=21.593736,39.173672&q=Hotels&id=agltb3B1Yi1pbmNyDAsSBFNpdGUYsbIDDA HTTP/1.1" 200 842 - "nearby-iphone/1.4 CFNetwork/485.10.2 Darwin/10.3.1,gzip(gfe),gzip(gfe)"
0.1.0.2 - - [17/Sep/2010:04:16:12 -0700] "POST /m/track/i HTTP/1.1" 200 124 "http://www.mopub-inc.com/m/ad?v=1&f=320x50&udid=c04f18bf51f32859ae4324a1d5efadd375663baa&ll=21.593736,39.173672&q=Hotels&id=agltb3B1Yi1pbmNyDAsSBFNpdGUYsbIDDA" "AppEngine-Google; (+http://code.google.com/appengine)"
66.249.71.142 - - [17/Sep/2010:04:16:22 -0700] "GET /m/ad?v=1&f=320x50&udid=c04f18bf51f32859ae4324a1d5efadd375663baa&ll=21.593736,39.173672&q=Hotels&id=agltb3B1Yi1pbmNyDAsSBFNpdGUYsbIDDA HTTP/1.1" 200 629 - "Mediapartners-Google,gzip(gfe),gzip(gfe)"
184.193.222.85 - - [17/Sep/2010:04:16:53 -0700] "GET /m/aclk?v=1&id=agltb3B1Yi1pbmNyDAsSBFNpdGUYmboDDA&udid=22a10000123629e6&q=fast%20food&ll=34.057222,-118.423472&r=http%3A%2F%2Fwww.mopub-inc.com%2Fm%2Fad%3Fv%3D1%26id%3Dagltb3B1Yi1pbmNyDAsSBFNpdGUYmboDDA%26udid%3D22a10000123629e6%26q%3Dfast%2520food%26ll%3D34.057222%2C-118.423472 HTTP/1.1" 302 268 - "Mozilla/5.0 (Linux; U; Android 1.5; en-us; A6277 Build/CUPCAKE) AppleWebKit/528.5+ (KHTML, like Gecko) Version/3.1.2 Mobile Safari/525.20.1,gzip(gfe),gzip(gfe)"
0.1.0.2 - - [17/Sep/2010:04:16:54 -0700] "POST /m/track/c HTTP/1.1" 200 124 "http://www.mopub-inc.com/m/aclk?v=1&id=agltb3B1Yi1pbmNyDAsSBFNpdGUYmboDDA&udid=22a10000123629e6&q=fast%20food&ll=34.057222,-118.423472&r=http%3A%2F%2Fwww.mopub-inc.com%2Fm%2Fad%3Fv%3D1%26id%3Dagltb3B1Yi1pbmNyDAsSBFNpdGUYmboDDA%26udid%3D22a10000123629e6%26q%3Dfast%2520food%26ll%3D34.057222%2C-118.423472" "AppEngine-Google; (+http://code.google.com/appengine)"
184.193.222.85 - - [17/Sep/2010:04:16:54 -0700] "GET /m/ad?v=1&id=agltb3B1Yi1pbmNyDAsSBFNpdGUYmboDDA&udid=22a10000123629e6&q=fast%20food&ll=34.057222,-118.423472 HTTP/1.1" 200 647 - "Mozilla/5.0 (Linux; U; Android 1.5; en-us; A6277 Build/CUPCAKE) AppleWebKit/528.5+ (KHTML, like Gecko) Version/3.1.2 Mobile Safari/525.20.1,gzip(gfe),gzip(gfe)"
0.1.0.2 - - [17/Sep/2010:04:16:54 -0700] "POST /m/track/i HTTP/1.1" 200 124 "http://www.mopub-inc.com/m/ad?v=1&id=agltb3B1Yi1pbmNyDAsSBFNpdGUYmboDDA&udid=22a10000123629e6&q=fast%20food&ll=34.057222,-118.423472" "AppEngine-Google; (+http://code.google.com/appengine)"
66.249.71.138 - - [17/Sep/2010:04:16:57 -0700] "GET /m/ad?v=1&id=agltb3B1Yi1pbmNyDAsSBFNpdGUYmboDDA&udid=22a10000123629e6&q=fast%20food&ll=34.057222,-118.423472 HTTP/1.1" 200 647 - "Mediapartners-Google,gzip(gfe),gzip(gfe)"
184.193.222.85 - - [17/Sep/2010:04:16:59 -0700] "GET /favicon.ico HTTP/1.1" 404 124 "http://www.mopub-inc.com/m/ad?v=1&id=agltb3B1Yi1pbmNyDAsSBFNpdGUYmboDDA&udid=22a10000123629e6&q=fast%20food&ll=34.057222,-118.423472" "Mozilla/5.0 (Linux; U; Android 1.5; en-us; A6277 Build/CUPCAKE) AppleWebKit/528.5+ (KHTML, like Gecko) Version/3.1.2 Mobile Safari/525.20.1,gzip(gfe),gzip(gfe)"
203.116.22.139 - - [17/Sep/2010:04:17:17 -0700] "GET /m/ad?v=1&f=320x50&udid=195277d68707fc2fb885e64af61a37d71705433b&ll=1.339914,103.853536&q=Local%20Favorites&id=agltb3B1Yi1pbmNyDAsSBFNpdGUYsbIDDA HTTP/1.1" 200 855 - "nearby-iphone/1.4 CFNetwork/485.2 Darwin/10.3.1,gzip(gfe),gzip(gfe)"
0.1.0.2 - - [17/Sep/2010:04:17:17 -0700] "POST /m/track/i HTTP/1.1" 200 124 "http://www.mopub-inc.com/m/ad?v=1&f=320x50&udid=195277d68707fc2fb885e64af61a37d71705433b&ll=1.339914,103.853536&q=Local%20Favorites&id=agltb3B1Yi1pbmNyDAsSBFNpdGUYsbIDDA" "AppEngine-Google; (+http://code.google.com/appengine)"
80.213.205.172 - - [17/Sep/2010:04:17:17 -0700] "GET /m/ad?v=1&f=320x50&udid=56f897b5fa64a00b886fd11c08a8b0cf06132e8f&ll=59.947783,10.764984&q=Coffee&id=agltb3B1Yi1pbmNyDAsSBFNpdGUYsbIDDA HTTP/1.1" 200 854 - "nearby-iphone/1.4 CFNetwork/485.10.2 Darwin/10.3.1,gzip(gfe),gzip(gfe)"
0.1.0.2 - - [17/Sep/2010:04:17:17 -0700] "POST /m/track/i HTTP/1.1" 200 124 "http://www.mopub-inc.com/m/ad?v=1&f=320x50&udid=56f897b5fa64a00b886fd11c08a8b0cf06132e8f&ll=59.947783,10.764984&q=Coffee&id=agltb3B1Yi1pbmNyDAsSBFNpdGUYsbIDDA" "AppEngine-Google; (+http://code.google.com/appengine)"
66.249.71.197 - - [17/Sep/2010:04:17:19 -0700] "GET /m/ad?v=1&f=320x50&udid=195277d68707fc2fb885e64af61a37d71705433b&ll=1.339914,103.853536&q=Local%20Favorites&id=agltb3B1Yi1pbmNyDAsSBFNpdGUYsbIDDA HTTP/1.1" 200 641 - "Mediapartners-Google,gzip(gfe),gzip(gfe)"
66.249.71.184 - - [17/Sep/2010:04:17:21 -0700] "GET /m/ad?v=1&f=320x50&udid=56f897b5fa64a00b886fd11c08a8b0cf06132e8f&ll=59.947783,10.764984&q=Coffee&id=agltb3B1Yi1pbmNyDAsSBFNpdGUYsbIDDA HTTP/1.1" 200 639 - "Mediapartners-Google,gzip(gfe),gzip(gfe)"
80.213.205.172 - - [17/Sep/2010:04:17:27 -0700] "GET /m/ad?v=1&f=320x50&udid=56f897b5fa64a00b886fd11c08a8b0cf06132e8f&ll=59.947783,10.764984&q=Coffee:%20Kaffebrenneriet%20AS%20&id=agltb3B1Yi1pbmNyDAsSBFNpdGUY6ckDDA HTTP/1.1" 200 875 - "nearby-iphone/1.4 CFNetwork/485.10.2 Darwin/10.3.1,gzip(gfe),gzip(gfe)"
0.1.0.2 - - [17/Sep/2010:04:17:27 -0700] "POST /m/track/i HTTP/1.1" 200 124 "http://www.mopub-inc.com/m/ad?v=1&f=320x50&udid=56f897b5fa64a00b886fd11c08a8b0cf06132e8f&ll=59.947783,10.764984&q=Coffee:%20Kaffebrenneriet%20AS%20&id=agltb3B1Yi1pbmNyDAsSBFNpdGUY6ckDDA" "AppEngine-Google; (+http://code.google.com/appengine)"
66.249.71.199 - - [17/Sep/2010:04:17:28 -0700] "GET /m/ad?v=1&f=320x50&udid=56f897b5fa64a00b886fd11c08a8b0cf06132e8f&ll=59.947783,10.764984&q=Coffee:%20Kaffebrenneriet%20AS%20&id=agltb3B1Yi1pbmNyDAsSBFNpdGUY6ckDDA HTTP/1.1" 200 656 - "Mediapartners-Google,gzip(gfe),gzip(gfe)"
119.234.0.10 - - [17/Sep/2010:04:17:30 -0700] "GET /m/ad?v=1&f=320x50&udid=1e53d3c8c8811868335129631ed72274a08b1970&ll=1.293433,103.856588&q=Bars&id=agltb3B1Yi1pbmNyDAsSBFNpdGUYsbIDDA HTTP/1.1" 200 840 - "nearby-iphone/1.4 CFNetwork/485.2 Darwin/10.3.1,gzip(gfe),gzip(gfe)"
0.1.0.2 - - [17/Sep/2010:04:17:30 -0700] "POST /m/track/i HTTP/1.1" 200 124 "http://www.mopub-inc.com/m/ad?v=1&f=320x50&udid=1e53d3c8c8811868335129631ed72274a08b1970&ll=1.293433,103.856588&q=Bars&id=agltb3B1Yi1pbmNyDAsSBFNpdGUYsbIDDA" "AppEngine-Google; (+http://code.google.com/appengine)"
66.249.71.201 - - [17/Sep/2010:04:17:35 -0700] "GET /m/ad?v=1&f=320x50&udid=1e53d3c8c8811868335129631ed72274a08b1970&ll=1.293433,103.856588&q=Bars&id=agltb3B1Yi1pbmNyDAsSBFNpdGUYsbIDDA HTTP/1.1" 200 628 - "Mediapartners-Google,gzip(gfe),gzip(gfe)"
80.213.205.172 - - [17/Sep/2010:04:17:36 -0700] "GET /m/ad?v=1&f=320x50&udid=56f897b5fa64a00b886fd11c08a8b0cf06132e8f&ll=59.947783,10.764984&q=Coffee:%20Kaffepikene%20&id=agltb3B1Yi1pbmNyDAsSBFNpdGUY6ckDDA HTTP/1.1" 200 868 - "nearby-iphone/1.4 CFNetwork/485.10.2 Darwin/10.3.1,gzip(gfe),gzip(gfe)"
0.1.0.2 - - [17/Sep/2010:04:17:36 -0700] "POST /m/track/i HTTP/1.1" 200 124 "http://www.mopub-inc.com/m/ad?v=1&f=320x50&udid=56f897b5fa64a00b886fd11c08a8b0cf06132e8f&ll=59.947783,10.764984&q=Coffee:%20Kaffepikene%20&id=agltb3B1Yi1pbmNyDAsSBFNpdGUY6ckDDA" "AppEngine-Google; (+http://code.google.com/appengine)"
66.249.71.139 - - [17/Sep/2010:04:17:37 -0700] "GET /m/ad?v=1&f=320x50&udid=56f897b5fa64a00b886fd11c08a8b0cf06132e8f&ll=59.947783,10.764984&q=Coffee:%20Kaffepikene%20&id=agltb3B1Yi1pbmNyDAsSBFNpdGUY6ckDDA HTTP/1.1" 200 650 - "Mediapartners-Google,gzip(gfe),gzip(gfe)"
80.213.205.172 - - [17/Sep/2010:04:17:50 -0700] "GET /m/ad?v=1&f=320x50&udid=56f897b5fa64a00b886fd11c08a8b0cf06132e8f&ll=59.947783,10.764984&q=Hotels&id=agltb3B1Yi1pbmNyDAsSBFNpdGUYsbIDDA HTTP/1.1" 200 854 - "nearby-iphone/1.4 CFNetwork/485.10.2 Darwin/10.3.1,gzip(gfe),gzip(gfe)"
0.1.0.2 - - [17/Sep/2010:04:17:50 -0700] "POST /m/track/i HTTP/1.1" 200 124 "http://www.mopub-inc.com/m/ad?v=1&f=320x50&udid=56f897b5fa64a00b886fd11c08a8b0cf06132e8f&ll=59.947783,10.764984&q=Hotels&id=agltb3B1Yi1pbmNyDAsSBFNpdGUYsbIDDA" "AppEngine-Google; (+http://code.google.com/appengine)"
116.14.113.176 - - [17/Sep/2010:04:17:52 -0700] "GET /m/ad?v=1&f=320x50&udid=748b27a5dd329ba9bee39b63d7d8f3eb08f73cb0&ll=1.338538,103.700819&q=Restaurants&id=agltb3B1Yi1pbmNyDAsSBFNpdGUYsbIDDA HTTP/1.1" 200 851 - "nearby-iphone/1.4 CFNetwork/485.10.2 Darwin/10.3.1,gzip(gfe),gzip(gfe)"
0.1.0.2 - - [17/Sep/2010:04:17:52 -0700] "POST /m/track/i HTTP/1.1" 200 124 "http://www.mopub-inc.com/m/ad?v=1&f=320x50&udid=748b27a5dd329ba9bee39b63d7d8f3eb08f73cb0&ll=1.338538,103.700819&q=Restaurants&id=agltb3B1Yi1pbmNyDAsSBFNpdGUYsbIDDA" "AppEngine-Google; (+http://code.google.com/appengine)"
66.249.71.198 - - [17/Sep/2010:04:17:53 -0700] "GET /m/ad?v=1&f=320x50&udid=748b27a5dd329ba9bee39b63d7d8f3eb08f73cb0&ll=1.338538,103.700819&q=Restaurants&id=agltb3B1Yi1pbmNyDAsSBFNpdGUYsbIDDA HTTP/1.1" 200 636 - "Mediapartners-Google,gzip(gfe),gzip(gfe)"
66.249.71.147 - - [17/Sep/2010:04:17:54 -0700] "GET /m/ad?v=1&f=320x50&udid=56f897b5fa64a00b886fd11c08a8b0cf06132e8f&ll=59.947783,10.764984&q=Hotels&id=agltb3B1Yi1pbmNyDAsSBFNpdGUYsbIDDA HTTP/1.1" 200 638 - "Mediapartners-Google,gzip(gfe),gzip(gfe)"
80.213.205.172 - - [17/Sep/2010:04:18:01 -0700] "GET /m/ad?v=1&f=320x50&udid=56f897b5fa64a00b886fd11c08a8b0cf06132e8f&ll=59.947783,10.764984&q=Hotels:%20Rica%20Victoria%20hotel%20&id=agltb3B1Yi1pbmNyDAsSBFNpdGUY6ckDDA HTTP/1.1" 200 876 - "nearby-iphone/1.4 CFNetwork/485.10.2 Darwin/10.3.1,gzip(gfe),gzip(gfe)"
0.1.0.2 - - [17/Sep/2010:04:18:01 -0700] "POST /m/track/i HTTP/1.1" 200 124 "http://www.mopub-inc.com/m/ad?v=1&f=320x50&udid=56f897b5fa64a00b886fd11c08a8b0cf06132e8f&ll=59.947783,10.764984&q=Hotels:%20Rica%20Victoria%20hotel%20&id=agltb3B1Yi1pbmNyDAsSBFNpdGUY6ckDDA" "AppEngine-Google; (+http://code.google.com/appengine)"
66.249.71.138 - - [17/Sep/2010:04:18:02 -0700] "GET /m/ad?v=1&f=320x50&udid=56f897b5fa64a00b886fd11c08a8b0cf06132e8f&ll=59.947783,10.764984&q=Hotels:%20Rica%20Victoria%20hotel%20&id=agltb3B1Yi1pbmNyDAsSBFNpdGUY6ckDDA HTTP/1.1" 200 654 - "Mediapartners-Google,gzip(gfe),gzip(gfe)"
116.14.113.176 - - [17/Sep/2010:04:18:04 -0700] "GET /m/ad?v=1&f=320x50&udid=748b27a5dd329ba9bee39b63d7d8f3eb08f73cb0&ll=1.338538,103.700819&q=Restaurants:%20Pioneer%20Wharf%20&id=agltb3B1Yi1pbmNyDAsSBFNpdGUY6ckDDA HTTP/1.1" 200 867 - "nearby-iphone/1.4 CFNetwork/485.10.2 Darwin/10.3.1,gzip(gfe),gzip(gfe)"
0.1.0.2 - - [17/Sep/2010:04:18:04 -0700] "POST /m/track/i HTTP/1.1" 200 124 "http://www.mopub-inc.com/m/ad?v=1&f=320x50&udid=748b27a5dd329ba9bee39b63d7d8f3eb08f73cb0&ll=1.338538,103.700819&q=Restaurants:%20Pioneer%20Wharf%20&id=agltb3B1Yi1pbmNyDAsSBFNpdGUY6ckDDA" "AppEngine-Google; (+http://code.google.com/appengine)"
66.249.71.154 - - [17/Sep/2010:04:18:05 -0700] "GET /m/ad?v=1&f=320x50&udid=748b27a5dd329ba9bee39b63d7d8f3eb08f73cb0&ll=1.338538,103.700819&q=Restaurants:%20Pioneer%20Wharf%20&id=agltb3B1Yi1pbmNyDAsSBFNpdGUY6ckDDA HTTP/1.1" 200 650 - "Mediapartners-Google,gzip(gfe),gzip(gfe)"
80.213.205.172 - - [17/Sep/2010:04:18:11 -0700] "GET /m/ad?v=1&f=320x50&udid=56f897b5fa64a00b886fd11c08a8b0cf06132e8f&ll=59.947783,10.764984&q=Hotels:%20Grand%20Hotel%20Karl%20Johans%20gate%20&id=agltb3B1Yi1pbmNyDAsSBFNpdGUY6ckDDA HTTP/1.1" 200 885 - "nearby-iphone/1.4 CFNetwork/485.10.2 Darwin/10.3.1,gzip(gfe),gzip(gfe)"
0.1.0.2 - - [17/Sep/2010:04:18:12 -0700] "POST /m/track/i HTTP/1.1" 200 124 "http://www.mopub-inc.com/m/ad?v=1&f=320x50&udid=56f897b5fa64a00b886fd11c08a8b0cf06132e8f&ll=59.947783,10.764984&q=Hotels:%20Grand%20Hotel%20Karl%20Johans%20gate%20&id=agltb3B1Yi1pbmNyDAsSBFNpdGUY6ckDDA" "AppEngine-Google; (+http://code.google.com/appengine)"
66.249.71.141 - - [17/Sep/2010:04:18:12 -0700] "GET /m/ad?v=1&f=320x50&udid=56f897b5fa64a00b886fd11c08a8b0cf06132e8f&ll=59.947783,10.764984&q=Hotels:%20Grand%20Hotel%20Karl%20Johans%20gate%20&id=agltb3B1Yi1pbmNyDAsSBFNpdGUY6ckDDA HTTP/1.1" 200 660 - "Mediapartners-Google,gzip(gfe),gzip(gfe)"
80.213.205.172 - - [17/Sep/2010:04:18:24 -0700] "GET /m/ad?v=1&f=320x50&udid=56f897b5fa64a00b886fd11c08a8b0cf06132e8f&ll=59.947783,10.764984&q=Supermarkets&id=agltb3B1Yi1pbmNyDAsSBFNpdGUYsbIDDA HTTP/1.1" 200 860 - "nearby-iphone/1.4 CFNetwork/485.10.2 Darwin/10.3.1,gzip(gfe),gzip(gfe)"
0.1.0.2 - - [17/Sep/2010:04:18:25 -0700] "POST /m/track/i HTTP/1.1" 200 124 "http://www.mopub-inc.com/m/ad?v=1&f=320x50&udid=56f897b5fa64a00b886fd11c08a8b0cf06132e8f&ll=59.947783,10.764984&q=Supermarkets&id=agltb3B1Yi1pbmNyDAsSBFNpdGUYsbIDDA" "AppEngine-Google; (+http://code.google.com/appengine)"
66.249.71.139 - - [17/Sep/2010:04:18:26 -0700] "GET /m/ad?v=1&f=320x50&udid=56f897b5fa64a00b886fd11c08a8b0cf06132e8f&ll=59.947783,10.764984&q=Supermarkets&id=agltb3B1Yi1pbmNyDAsSBFNpdGUYsbIDDA HTTP/1.1" 200 642 - "Mediapartners-Google,gzip(gfe),gzip(gfe)"
178.31.2.44 - - [17/Sep/2010:04:18:30 -0700] "GET /m/ad?v=1&f=320x50&udid=06513f2a34e5ae5132f1bd9fdba8e76ca5108caf&q=Propellerheads%20Decksandrumsandrockandroll%20On%20Her%20Majesty\'s%20Secret%20Service&id=agltb3B1Yi1pbmNyDAsSBFNpdGUY2fgDDA HTTP/1.1" 200 267 - "RadioNinja/1.1 CFNetwork/485.10.2 Darwin/10.3.1,gzip(gfe),gzip(gfe)"
0.1.0.2 - - [17/Sep/2010:04:18:30 -0700] "POST /m/track/i HTTP/1.1" 200 124 "http://www.mopub-inc.com/m/ad?v=1&f=320x50&udid=06513f2a34e5ae5132f1bd9fdba8e76ca5108caf&q=Propellerheads%20Decksandrumsandrockandroll%20On%20Her%20Majesty\'s%20Secret%20Service&id=agltb3B1Yi1pbmNyDAsSBFNpdGUY2fgDDA" "AppEngine-Google; (+http://code.google.com/appengine)"
94.195.86.203 - - [17/Sep/2010:04:18:34 -0700] "GET /m/ad?v=1&f=320x50&udid=1ec9e13a7a61cc5163b9b9c97f90be2b081746f0&q=Martina%20McBride%20Greatest%20Hits%20I%20Love%20You&id=agltb3B1Yi1pbmNyDAsSBFNpdGUY2fgDDA HTTP/1.1" 200 267 - "RadioNinja/1.1 CFNetwork/485.10.2 Darwin/10.3.1,gzip(gfe),gzip(gfe)"
0.1.0.2 - - [17/Sep/2010:04:18:35 -0700] "POST /m/track/i HTTP/1.1" 200 124 "http://www.mopub-inc.com/m/ad?v=1&f=320x50&udid=1ec9e13a7a61cc5163b9b9c97f90be2b081746f0&q=Martina%20McBride%20Greatest%20Hits%20I%20Love%20You&id=agltb3B1Yi1pbmNyDAsSBFNpdGUY2fgDDA" "AppEngine-Google; (+http://code.google.com/appengine)"
80.213.205.172 - - [17/Sep/2010:04:18:44 -0700] "GET /m/ad?v=1&f=320x50&udid=56f897b5fa64a00b886fd11c08a8b0cf06132e8f&ll=59.947783,10.764984&q=Retail%20Stores&id=agltb3B1Yi1pbmNyDAsSBFNpdGUYsbIDDA HTTP/1.1" 200 861 - "nearby-iphone/1.4 CFNetwork/485.10.2 Darwin/10.3.1,gzip(gfe),gzip(gfe)"
0.1.0.2 - - [17/Sep/2010:04:18:44 -0700] "POST /m/track/i HTTP/1.1" 200 124 "http://www.mopub-inc.com/m/ad?v=1&f=320x50&udid=56f897b5fa64a00b886fd11c08a8b0cf06132e8f&ll=59.947783,10.764984&q=Retail%20Stores&id=agltb3B1Yi1pbmNyDAsSBFNpdGUYsbIDDA" "AppEngine-Google; (+http://code.google.com/appengine)"
66.249.71.183 - - [17/Sep/2010:04:18:45 -0700] "GET /m/ad?v=1&f=320x50&udid=56f897b5fa64a00b886fd11c08a8b0cf06132e8f&ll=59.947783,10.764984&q=Retail%20Stores&id=agltb3B1Yi1pbmNyDAsSBFNpdGUYsbIDDA HTTP/1.1" 200 643 - "Mediapartners-Google,gzip(gfe),gzip(gfe)"
80.213.205.172 - - [17/Sep/2010:04:18:57 -0700] "GET /m/ad?v=1&f=320x50&udid=56f897b5fa64a00b886fd11c08a8b0cf06132e8f&ll=59.947783,10.764984&q=Local%20Favorites&id=agltb3B1Yi1pbmNyDAsSBFNpdGUYsbIDDA HTTP/1.1" 200 863 - "nearby-iphone/1.4 CFNetwork/485.10.2 Darwin/10.3.1,gzip(gfe),gzip(gfe)"
