0.1.0.2 - - [17/Sep/2010:03:20:15 -0700] "POST /m/track/i HTTP/1.1" 200 124 "http://www.mopub-inc.com/m/ad?v=1&f=320x50&udid=ae4eb305e4e5c2371fa698bae137c6fde4a7cbc3&q=Darude%20Before%20the%20Storm%20Sandstorm&id=agltb3B1Yi1pbmNyDAsSBFNpdGUY2fgDDA" "AppEngine-Google; (+http://code.google.com/appengine)"
211.14.200.50 - - [17/Sep/2010:03:20:21 -0700] "GET /m/ad?v=1&f=320x50&udid=ae4eb305e4e5c2371fa698bae137c6fde4a7cbc3&q=Darude%20Before%20the%20Storm%20Sandstorm&id=agltb3B1Yi1pbmNyDAsSBFNpdGUY2fgDDA HTTP/1.1" 200 267 - "RadioNinja/1.1 CFNetwork/485.10.2 Darwin/10.3.1,gzip(gfe),gzip(gfe)"
0.1.0.2 - - [17/Sep/2010:03:20:22 -0700] "POST /m/track/i HTTP/1.1" 200 124 "http://www.mopub-inc.com/m/ad?v=1&f=320x50&udid=ae4eb305e4e5c2371fa698bae137c6fde4a7cbc3&q=Darude%20Before%20the%20Storm%20Sandstorm&id=agltb3B1Yi1pbmNyDAsSBFNpdGUY2fgDDA" "AppEngine-Google; (+http://code.google.com/appengine)"
211.14.200.50 - - [17/Sep/2010:03:20:51 -0700] "GET /m/ad?v=1&f=320x50&udid=ae4eb305e4e5c2371fa698bae137c6fde4a7cbc3&q=(null)&id=agltb3B1Yi1pbmNyDAsSBFNpdGUY2fgDDA HTTP/1.1" 200 267 - "RadioNinja/1.1 CFNetwork/485.10.2 Darwin/10.3.1,gzip(gfe),gzip(gfe)"
0.1.0.2 - - [17/Sep/2010:03:20:52 -0700] "POST /m/track/i HTTP/1.1" 200 124 "http://www.mopub-inc.com/m/ad?v=1&f=320x50&udid=ae4eb305e4e5c2371fa698bae137c6fde4a7cbc3&q=(null)&id=agltb3B1Yi1pbmNyDAsSBFNpdGUY2fgDDA" "AppEngine-Google; (+http://code.google.com/appengine)"
211.14.200.50 - - [17/Sep/2010:03:20:59 -0700] "GET /m/ad?v=1&f=320x50&udid=ae4eb305e4e5c2371fa698bae137c6fde4a7cbc3&q=Groove%20Armada%20The%20Best%20of:%20Groove%20Armada%20Superstylin\'&id=agltb3B1Yi1pbmNyDAsSBFNpdGUY2fgDDA HTTP/1.1" 200 267 - "RadioNinja/1.1 CFNetwork/485.10.2 Darwin/10.3.1,gzip(gfe),gzip(gfe)"
0.1.0.2 - - [17/Sep/2010:03:20:59 -0700] "POST /m/track/i HTTP/1.1" 200 124 "http://www.mopub-inc.com/m/ad?v=1&f=320x50&udid=ae4eb305e4e5c2371fa698bae137c6fde4a7cbc3&q=Groove%20Armada%20The%20Best%20of:%20Groove%20Armada%20Superstylin\'&id=agltb3B1Yi1pbmNyDAsSBFNpdGUY2fgDDA" "AppEngine-Google; (+http://code.google.com/appengine)"
27.104.59.85 - - [17/Sep/2010:03:21:02 -0700] "GET /m/ad?v=1&f=320x50&udid=744a553020a1b9d932f25213c12f484eac45fc23&q=(null)&id=agltb3B1Yi1pbmNyDAsSBFNpdGUY2fgDDA HTTP/1.1" 200 267 - "RadioNinja/1.1 CFNetwork/485.2 Darwin/10.3.1,gzip(gfe),gzip(gfe)"
27.104.59.85 - - [17/Sep/2010:03:21:02 -0700] "GET /m/ad?v=1&f=320x50&udid=744a553020a1b9d932f25213c12f484eac45fc23&q=(null)&id=agltb3B1Yi1pbmNyDAsSBFNpdGUY2fgDDA HTTP/1.1" 200 267 - "RadioNinja/1.1 CFNetwork/485.2 Darwin/10.3.1,gzip(gfe),gzip(gfe)"
0.1.0.2 - - [17/Sep/2010:03:21:03 -0700] "POST /m/track/i HTTP/1.1" 200 124 "http://www.mopub-inc.com/m/ad?v=1&f=320x50&udid=744a553020a1b9d932f25213c12f484eac45fc23&q=(null)&id=agltb3B1Yi1pbmNyDAsSBFNpdGUY2fgDDA" "AppEngine-Google; (+http://code.google.com/appengine)"
0.1.0.2 - - [17/Sep/2010:03:21:03 -0700] "POST /m/track/i HTTP/1.1" 200 124 "http://www.mopub-inc.com/m/ad?v=1&f=320x50&udid=744a553020a1b9d932f25213c12f484eac45fc23&q=(null)&id=agltb3B1Yi1pbmNyDAsSBFNpdGUY2fgDDA" "AppEngine-Google; (+http://code.google.com/appengine)"
27.104.59.85 - - [17/Sep/2010:03:21:09 -0700] "GET /m/ad?v=1&f=320x50&udid=744a553020a1b9d932f25213c12f484eac45fc23&q=Alicia%20Keys%20The%20Diary%20of%20Alicia%20Keys%20You%20Don\'t%20Know%20My%20Name&id=agltb3B1Yi1pbmNyDAsSBFNpdGUY2fgDDA HTTP/1.1" 200 267 - "RadioNinja/1.1 CFNetwork/485.2 Darwin/10.3.1,gzip(gfe),gzip(gfe)"
0.1.0.2 - - [17/Sep/2010:03:21:10 -0700] "POST /m/track/i HTTP/1.1" 200 124 "http://www.mopub-inc.com/m/ad?v=1&f=320x50&udid=744a553020a1b9d932f25213c12f484eac45fc23&q=Alicia%20Keys%20The%20Diary%20of%20Alicia%20Keys%20You%20Don\'t%20Know%20My%20Name&id=agltb3B1Yi1pbmNyDAsSBFNpdGUY2fgDDA" "AppEngine-Google; (+http://code.google.com/appengine)"
211.14.200.50 - - [17/Sep/2010:03:21:11 -0700] "GET /m/ad?v=1&f=320x50&udid=ae4eb305e4e5c2371fa698bae137c6fde4a7cbc3&q=(null)&id=agltb3B1Yi1pbmNyDAsSBFNpdGUY2fgDDA HTTP/1.1" 200 267 - "RadioNinja/1.1 CFNetwork/485.10.2 Darwin/10.3.1,gzip(gfe),gzip(gfe)"
0.1.0.2 - - [17/Sep/2010:03:21:11 -0700] "POST /m/track/i HTTP/1.1" 200 124 "http://www.mopub-inc.com/m/ad?v=1&f=320x50&udid=ae4eb305e4e5c2371fa698bae137c6fde4a7cbc3&q=(null)&id=agltb3B1Yi1pbmNyDAsSBFNpdGUY2fgDDA" "AppEngine-Google; (+http://code.google.com/appengine)"
178.53.138.158 - - [17/Sep/2010:03:21:14 -0700] "GET /m/ad?v=1&f=320x50&udid=5c0277b2324483c9a692a7bbb3cc0a2f4bcf5d38&ll=29.336687,48.008039&q=Movie%20Theaters&id=agltb3B1Yi1pbmNyDAsSBFNpdGUYsbIDDA HTTP/1.1" 200 850 - "nearby-iphone/1.4 CFNetwork/485.2 Darwin/10.3.1,gzip(gfe),gzip(gfe)"
178.53.138.158 - - [17/Sep/2010:03:21:15 -0700] "GET /m/ad?v=1&f=320x50&udid=5c0277b2324483c9a692a7bbb3cc0a2f4bcf5d38&ll=29.336681,48.008294&q=Coffee&id=agltb3B1Yi1pbmNyDAsSBFNpdGUYsbIDDA HTTP/1.1" 200 842 - "nearby-iphone/1.4 CFNetwork/485.2 Darwin/10.3.1,gzip(gfe),gzip(gfe)"
0.1.0.2 - - [17/Sep/2010:03:21:15 -0700] "POST /m/track/i HTTP/1.1" 200 124 "http://www.mopub-inc.com/m/ad?v=1&f=320x50&udid=5c0277b2324483c9a692a7bbb3cc0a2f4bcf5d38&ll=29.336687,48.008039&q=Movie%20Theaters&id=agltb3B1Yi1pbmNyDAsSBFNpdGUYsbIDDA" "AppEngine-Google; (+http://code.google.com/appengine)"
0.1.0.2 - - [17/Sep/2010:03:21:15 -0700] "POST /m/track/i HTTP/1.1" 200 124 "http://www.mopub-inc.com/m/ad?v=1&f=320x50&udid=5c0277b2324483c9a692a7bbb3cc0a2f4bcf5d38&ll=29.336681,48.008294&q=Coffee&id=agltb3B1Yi1pbmNyDAsSBFNpdGUYsbIDDA" "AppEngine-Google; (+http://code.google.com/appengine)"
211.14.200.50 - - [17/Sep/2010:03:21:16 -0700] "GET /m/ad?v=1&f=320x50&udid=ae4eb305e4e5c2371fa698bae137c6fde4a7cbc3&q=Midnite%20Ras%20Mek%20Peace%20Love%20Right%20(Live%20Right)&id=agltb3B1Yi1pbmNyDAsSBFNpdGUY2fgDDA HTTP/1.1" 200 267 - "RadioNinja/1.1 CFNetwork/485.10.2 Darwin/10.3.1,gzip(gfe),gzip(gfe)"
0.1.0.2 - - [17/Sep/2010:03:21:16 -0700] "POST /m/track/i HTTP/1.1" 200 124 "http://www.mopub-inc.com/m/ad?v=1&f=320x50&udid=ae4eb305e4e5c2371fa698bae137c6fde4a7cbc3&q=Midnite%20Ras%20Mek%20Peace%20Love%20Right%20(Live%20Right)&id=agltb3B1Yi1pbmNyDAsSBFNpdGUY2fgDDA" "AppEngine-Google; (+http://code.google.com/appengine)"
66.249.71.89 - - [17/Sep/2010:03:21:18 -0700] "GET /m/ad?v=1&f=320x50&udid=5c0277b2324483c9a692a7bbb3cc0a2f4bcf5d38&ll=29.336687,48.008039&q=Movie%20Theaters&id=agltb3B1Yi1pbmNyDAsSBFNpdGUYsbIDDA HTTP/1.1" 200 635 - "Mediapartners-Google,gzip(gfe),gzip(gfe)"
178.53.138.158 - - [17/Sep/2010:03:21:18 -0700] "GET /m/ad?v=1&f=320x50&udid=5c0277b2324483c9a692a7bbb3cc0a2f4bcf5d38&ll=29.336687,48.008039&q=Movie%20Theaters:%20Hawalli%20Theatre%20&id=agltb3B1Yi1pbmNyDAsSBFNpdGUY6ckDDA HTTP/1.1" 200 868 - "nearby-iphone/1.4 CFNetwork/485.2 Darwin/10.3.1,gzip(gfe),gzip(gfe)"
66.249.71.111 - - [17/Sep/2010:03:21:18 -0700] "GET /m/ad?v=1&f=320x50&udid=5c0277b2324483c9a692a7bbb3cc0a2f4bcf5d38&ll=29.336681,48.008294&q=Coffee&id=agltb3B1Yi1pbmNyDAsSBFNpdGUYsbIDDA HTTP/1.1" 200 630 - "Mediapartners-Google,gzip(gfe),gzip(gfe)"
0.1.0.2 - - [17/Sep/2010:03:21:18 -0700] "POST /m/track/i HTTP/1.1" 200 124 "http://www.mopub-inc.com/m/ad?v=1&f=320x50&udid=5c0277b2324483c9a692a7bbb3cc0a2f4bcf5d38&ll=29.336687,48.008039&q=Movie%20Theaters:%20Hawalli%20Theatre%20&id=agltb3B1Yi1pbmNyDAsSBFNpdGUY6ckDDA" "AppEngine-Google; (+http://code.google.com/appengine)"
66.249.71.90 - - [17/Sep/2010:03:21:20 -0700] "GET /m/ad?v=1&f=320x50&udid=5c0277b2324483c9a692a7bbb3cc0a2f4bcf5d38&ll=29.336687,48.008039&q=Movie%20Theaters:%20Hawalli%20Theatre%20&id=agltb3B1Yi1pbmNyDAsSBFNpdGUY6ckDDA HTTP/1.1" 200 646 - "Mediapartners-Google,gzip(gfe),gzip(gfe)"
193.35.132.46 - - [17/Sep/2010:03:21:44 -0700] "GET /m/ad?v=1&f=320x50&udid=e537546379c2c40a86523763c70f66608a4e92bd&ll=51.869489,0.167052&q=Banks/ATMs:%20Barclays%20Bank%20&id=agltb3B1Yi1pbmNyDAsSBFNpdGUY6ckDDA HTTP/1.1" 200 862 - "nearby-iphone/1.4 CFNetwork/485.2 Darwin/10.3.1,gzip(gfe),gzip(gfe)"
0.1.0.2 - - [17/Sep/2010:03:21:44 -0700] "POST /m/track/i HTTP/1.1" 200 124 "http://www.mopub-inc.com/m/ad?v=1&f=320x50&udid=e537546379c2c40a86523763c70f66608a4e92bd&ll=51.869489,0.167052&q=Banks/ATMs:%20Barclays%20Bank%20&id=agltb3B1Yi1pbmNyDAsSBFNpdGUY6ckDDA" "AppEngine-Google; (+http://code.google.com/appengine)"
66.249.71.90 - - [17/Sep/2010:03:21:51 -0700] "GET /m/ad?v=1&f=320x50&udid=e537546379c2c40a86523763c70f66608a4e92bd&ll=51.869489,0.167052&q=Banks/ATMs:%20Barclays%20Bank%20&id=agltb3B1Yi1pbmNyDAsSBFNpdGUY6ckDDA HTTP/1.1" 200 644 - "Mediapartners-Google,gzip(gfe),gzip(gfe)"
211.14.200.50 - - [17/Sep/2010:03:21:52 -0700] "GET /m/ad?v=1&f=320x50&udid=ae4eb305e4e5c2371fa698bae137c6fde4a7cbc3&q=(null)&id=agltb3B1Yi1pbmNyDAsSBFNpdGUY2fgDDA HTTP/1.1" 200 267 - "RadioNinja/1.1 CFNetwork/485.10.2 Darwin/10.3.1,gzip(gfe),gzip(gfe)"
0.1.0.2 - - [17/Sep/2010:03:21:53 -0700] "POST /m/track/i HTTP/1.1" 200 124 "http://www.mopub-inc.com/m/ad?v=1&f=320x50&udid=ae4eb305e4e5c2371fa698bae137c6fde4a7cbc3&q=(null)&id=agltb3B1Yi1pbmNyDAsSBFNpdGUY2fgDDA" "AppEngine-Google; (+http://code.google.com/appengine)"
88.6.169.218 - - [17/Sep/2010:03:21:54 -0700] "GET /m/ad?v=1&f=320x50&udid=86d31c6c6e85fd5c61a82a22719fa4e84f91d242&q=Oscar%20Pettiford%20Vienna%20Blues%20Cohn\'s%20Limit&id=agltb3B1Yi1pbmNyDAsSBFNpdGUY2fgDDA HTTP/1.1" 200 267 - "RadioNinja/1.1 CFNetwork/485.10.2 Darwin/10.3.1,gzip(gfe),gzip(gfe)"
0.1.0.2 - - [17/Sep/2010:03:21:54 -0700] "POST /m/track/i HTTP/1.1" 200 124 "http://www.mopub-inc.com/m/ad?v=1&f=320x50&udid=86d31c6c6e85fd5c61a82a22719fa4e84f91d242&q=Oscar%20Pettiford%20Vienna%20Blues%20Cohn\'s%20Limit&id=agltb3B1Yi1pbmNyDAsSBFNpdGUY2fgDDA" "AppEngine-Google; (+http://code.google.com/appengine)"
211.14.200.50 - - [17/Sep/2010:03:21:56 -0700] "GET /m/ad?v=1&f=320x50&udid=ae4eb305e4e5c2371fa698bae137c6fde4a7cbc3&q=Darude%20Before%20the%20Storm%20Sandstorm&id=agltb3B1Yi1pbmNyDAsSBFNpdGUY2fgDDA HTTP/1.1" 200 267 - "RadioNinja/1.1 CFNetwork/485.10.2 Darwin/10.3.1,gzip(gfe),gzip(gfe)"
0.1.0.2 - - [17/Sep/2010:03:21:56 -0700] "POST /m/track/i HTTP/1.1" 200 124 "http://www.mopub-inc.com/m/ad?v=1&f=320x50&udid=ae4eb305e4e5c2371fa698bae137c6fde4a7cbc3&q=Darude%20Before%20the%20Storm%20Sandstorm&id=agltb3B1Yi1pbmNyDAsSBFNpdGUY2fgDDA" "AppEngine-Google; (+http://code.google.com/appengine)"
88.6.169.218 - - [17/Sep/2010:03:22:20 -0700] "GET /m/ad?v=1&f=320x50&udid=86d31c6c6e85fd5c61a82a22719fa4e84f91d242&q=Oscar%20Pettiford%20Vienna%20Blues%20Cohn\'s%20Limit&id=agltb3B1Yi1pbmNyDAsSBFNpdGUY2fgDDA HTTP/1.1" 200 267 - "RadioNinja/1.1 CFNetwork/485.10.2 Darwin/10.3.1,gzip(gfe),gzip(gfe)"
0.1.0.2 - - [17/Sep/2010:03:22:20 -0700] "POST /m/track/i HTTP/1.1" 200 124 "http://www.mopub-inc.com/m/ad?v=1&f=320x50&udid=86d31c6c6e85fd5c61a82a22719fa4e84f91d242&q=Oscar%20Pettiford%20Vienna%20Blues%20Cohn\'s%20Limit&id=agltb3B1Yi1pbmNyDAsSBFNpdGUY2fgDDA" "AppEngine-Google; (+http://code.google.com/appengine)"
193.35.132.46 - - [17/Sep/2010:03:22:31 -0700] "GET /m/ad?v=1&f=320x50&udid=e537546379c2c40a86523763c70f66608a4e92bd&ll=51.872232,0.158521&q=Hotels&id=agltb3B1Yi1pbmNyDAsSBFNpdGUYsbIDDA HTTP/1.1" 200 876 - "nearby-iphone/1.4 CFNetwork/485.2 Darwin/10.3.1,gzip(gfe),gzip(gfe)"
0.1.0.2 - - [17/Sep/2010:03:22:31 -0700] "POST /m/track/i HTTP/1.1" 200 124 "http://www.mopub-inc.com/m/ad?v=1&f=320x50&udid=e537546379c2c40a86523763c70f66608a4e92bd&ll=51.872232,0.158521&q=Hotels&id=agltb3B1Yi1pbmNyDAsSBFNpdGUYsbIDDA" "AppEngine-Google; (+http://code.google.com/appengine)"
66.249.71.17 - - [17/Sep/2010:03:22:32 -0700] "GET /m/ad?v=1&f=320x50&udid=e537546379c2c40a86523763c70f66608a4e92bd&ll=51.872232,0.158521&q=Hotels&id=agltb3B1Yi1pbmNyDAsSBFNpdGUYsbIDDA HTTP/1.1" 200 653 - "Mediapartners-Google,gzip(gfe),gzip(gfe)"
193.35.132.37 - - [17/Sep/2010:03:22:36 -0700] "GET /m/ad?v=1&f=320x50&udid=e537546379c2c40a86523763c70f66608a4e92bd&ll=51.872232,0.158521&q=Hotels:%20The%20George%20Hotel%20&id=agltb3B1Yi1pbmNyDAsSBFNpdGUY6ckDDA HTTP/1.1" 200 895 - "nearby-iphone/1.4 CFNetwork/485.2 Darwin/10.3.1,gzip(gfe),gzip(gfe)"
0.1.0.2 - - [17/Sep/2010:03:22:36 -0700] "POST /m/track/i HTTP/1.1" 200 124 "http://www.mopub-inc.com/m/ad?v=1&f=320x50&udid=e537546379c2c40a86523763c70f66608a4e92bd&ll=51.872232,0.158521&q=Hotels:%20The%20George%20Hotel%20&id=agltb3B1Yi1pbmNyDAsSBFNpdGUY6ckDDA" "AppEngine-Google; (+http://code.google.com/appengine)"
66.249.71.43 - - [17/Sep/2010:03:22:38 -0700] "GET /m/ad?v=1&f=320x50&udid=e537546379c2c40a86523763c70f66608a4e92bd&ll=51.872232,0.158521&q=Hotels:%20The%20George%20Hotel%20&id=agltb3B1Yi1pbmNyDAsSBFNpdGUY6ckDDA HTTP/1.1" 200 665 - "Mediapartners-Google,gzip(gfe),gzip(gfe)"
193.35.132.7 - - [17/Sep/2010:03:23:14 -0700] "GET /m/aclk?v=1&id=agltb3B1Yi1pbmNyDAsSBFNpdGUYmboDDA&udid=200145745bc11c88&q=fast%20food&ll=52.410375,-1.507906&r=http%3A%2F%2Fwww.mopub-inc.com%2Fm%2Fad%3Fv%3D1%26id%3Dagltb3B1Yi1pbmNyDAsSBFNpdGUYmboDDA%26udid%3D200145745bc11c88%26q%3Dfast%2520food%26ll%3D52.410375%2C-1.507906 HTTP/1.1" 302 266 - "Mozilla/5.0 (Linux; U; Android 2.2; en-gb; Desire_A8181 Build/FRF91) AppleWebKit/533.1 (KHTML, like Gecko) Version/4.0 Mobile Safari/533.1,gzip(gfe),gzip(gfe)"
0.1.0.2 - - [17/Sep/2010:03:23:14 -0700] "POST /m/track/c HTTP/1.1" 200 124 "http://www.mopub-inc.com/m/aclk?v=1&id=agltb3B1Yi1pbmNyDAsSBFNpdGUYmboDDA&udid=200145745bc11c88&q=fast%20food&ll=52.410375,-1.507906&r=http%3A%2F%2Fwww.mopub-inc.com%2Fm%2Fad%3Fv%3D1%26id%3Dagltb3B1Yi1pbmNyDAsSBFNpdGUYmboDDA%26udid%3D200145745bc11c88%26q%3Dfast%2520food%26ll%3D52.410375%2C-1.507906" "AppEngine-Google; (+http://code.google.com/appengine)"
193.35.132.52 - - [17/Sep/2010:03:23:15 -0700] "GET /m/ad?v=1&id=agltb3B1Yi1pbmNyDAsSBFNpdGUYmboDDA&udid=200145745bc11c88&q=fast%20food&ll=52.410375,-1.507906 HTTP/1.1" 200 630 - "Mozilla/5.0 (Linux; U; Android 2.2; en-gb; Desire_A8181 Build/FRF91) AppleWebKit/533.1 (KHTML, like Gecko) Version/4.0 Mobile Safari/533.1,gzip(gfe),gzip(gfe)"
0.1.0.2 - - [17/Sep/2010:03:23:15 -0700] "POST /m/track/i HTTP/1.1" 200 124 "http://www.mopub-inc.com/m/ad?v=1&id=agltb3B1Yi1pbmNyDAsSBFNpdGUYmboDDA&udid=200145745bc11c88&q=fast%20food&ll=52.410375,-1.507906" "AppEngine-Google; (+http://code.google.com/appengine)"
66.249.71.20 - - [17/Sep/2010:03:23:17 -0700] "GET /m/ad?v=1&id=agltb3B1Yi1pbmNyDAsSBFNpdGUYmboDDA&udid=200145745bc11c88&q=fast%20food&ll=52.410375,-1.507906 HTTP/1.1" 200 630 - "Mediapartners-Google,gzip(gfe),gzip(gfe)"
193.35.132.16 - - [17/Sep/2010:03:23:18 -0700] "GET /favicon.ico HTTP/1.1" 404 124 "http://www.mopub-inc.com/m/ad?v=1&id=agltb3B1Yi1pbmNyDAsSBFNpdGUYmboDDA&udid=200145745bc11c88&q=fast%20food&ll=52.410375,-1.507906" "Mozilla/5.0 (Linux; U; Android 2.2; en-gb; Desire_A8181 Build/FRF91) AppleWebKit/533.1 (KHTML, like Gecko) Version/4.0 Mobile Safari/533.1,gzip(gfe),gzip(gfe)"
193.35.132.4 - - [17/Sep/2010:03:23:27 -0700] "GET /m/ad?v=1&f=320x50&udid=e537546379c2c40a86523763c70f66608a4e92bd&ll=51.872232,0.158521&q=gay%20bar&id=agltb3B1Yi1pbmNyDAsSBFNpdGUYsbIDDA HTTP/1.1" 200 877 - "nearby-iphone/1.4 CFNetwork/485.2 Darwin/10.3.1,gzip(gfe),gzip(gfe)"
0.1.0.2 - - [17/Sep/2010:03:23:27 -0700] "POST /m/track/i HTTP/1.1" 200 124 "http://www.mopub-inc.com/m/ad?v=1&f=320x50&udid=e537546379c2c40a86523763c70f66608a4e92bd&ll=51.872232,0.158521&q=gay%20bar&id=agltb3B1Yi1pbmNyDAsSBFNpdGUYsbIDDA" "AppEngine-Google; (+http://code.google.com/appengine)"
66.249.71.20 - - [17/Sep/2010:03:23:29 -0700] "GET /m/ad?v=1&f=320x50&udid=e537546379c2c40a86523763c70f66608a4e92bd&ll=51.872232,0.158521&q=gay%20bar&id=agltb3B1Yi1pbmNyDAsSBFNpdGUYsbIDDA HTTP/1.1" 200 654 - "Mediapartners-Google,gzip(gfe),gzip(gfe)"
193.35.132.40 - - [17/Sep/2010:03:23:40 -0700] "GET /m/ad?v=1&f=320x50&udid=e537546379c2c40a86523763c70f66608a4e92bd&ll=51.872232,0.158521&q=gay%20pub&id=agltb3B1Yi1pbmNyDAsSBFNpdGUYsbIDDA HTTP/1.1" 200 877 - "nearby-iphone/1.4 CFNetwork/485.2 Darwin/10.3.1,gzip(gfe),gzip(gfe)"
0.1.0.2 - - [17/Sep/2010:03:23:40 -0700] "POST /m/track/i HTTP/1.1" 200 124 "http://www.mopub-inc.com/m/ad?v=1&f=320x50&udid=e537546379c2c40a86523763c70f66608a4e92bd&ll=51.872232,0.158521&q=gay%20pub&id=agltb3B1Yi1pbmNyDAsSBFNpdGUYsbIDDA" "AppEngine-Google; (+http://code.google.com/appengine)"
66.249.71.18 - - [17/Sep/2010:03:23:42 -0700] "GET /m/ad?v=1&f=320x50&udid=e537546379c2c40a86523763c70f66608a4e92bd&ll=51.872232,0.158521&q=gay%20pub&id=agltb3B1Yi1pbmNyDAsSBFNpdGUYsbIDDA HTTP/1.1" 200 656 - "Mediapartners-Google,gzip(gfe),gzip(gfe)"
27.104.59.85 - - [17/Sep/2010:03:25:06 -0700] "GET /m/ad?v=1&f=320x50&udid=744a553020a1b9d932f25213c12f484eac45fc23&q=(null)&id=agltb3B1Yi1pbmNyDAsSBFNpdGUY2fgDDA HTTP/1.1" 200 267 - "RadioNinja/1.1 CFNetwork/485.2 Darwin/10.3.1,gzip(gfe),gzip(gfe)"
0.1.0.2 - - [17/Sep/2010:03:25:06 -0700] "POST /m/track/i HTTP/1.1" 200 124 "http://www.mopub-inc.com/m/ad?v=1&f=320x50&udid=744a553020a1b9d932f25213c12f484eac45fc23&q=(null)&id=agltb3B1Yi1pbmNyDAsSBFNpdGUY2fgDDA" "AppEngine-Google; (+http://code.google.com/appengine)"
27.104.59.85 - - [17/Sep/2010:03:25:16 -0700] "GET /m/ad?v=1&f=320x50&udid=744a553020a1b9d932f25213c12f484eac45fc23&q=(null)&id=agltb3B1Yi1pbmNyDAsSBFNpdGUY2fgDDA HTTP/1.1" 200 267 - "RadioNinja/1.1 CFNetwork/485.2 Darwin/10.3.1,gzip(gfe),gzip(gfe)"
0.1.0.2 - - [17/Sep/2010:03:25:16 -0700] "POST /m/track/i HTTP/1.1" 200 124 "http://www.mopub-inc.com/m/ad?v=1&f=320x50&udid=744a553020a1b9d932f25213c12f484eac45fc23&q=(null)&id=agltb3B1Yi1pbmNyDAsSBFNpdGUY2fgDDA" "AppEngine-Google; (+http://code.google.com/appengine)"
193.35.132.25 - - [17/Sep/2010:03:25:30 -0700] "GET /m/aclk?v=1&id=agltb3B1Yi1pbmNyDAsSBFNpdGUYmboDDA&udid=200145745bc11c88&q=category%3Arestaurant&ll=52.410375,-1.507906&r=http%3A%2F%2Fwww.mopub-inc.com%2Fm%2Fad%3Fv%3D1%26id%3Dagltb3B1Yi1pbmNyDAsSBFNpdGUYmboDDA%26udid%3D200145745bc11c88%26q%3Dcategory%253Arestaurant%26ll%3D52.410375%2C-1.507906 HTTP/1.1" 302 276 - "Mozilla/5.0 (Linux; U; Android 2.2; en-gb; Desire_A8181 Build/FRF91) AppleWebKit/533.1 (KHTML, like Gecko) Version/4.0 Mobile Safari/533.1,gzip(gfe),gzip(gfe)"
0.1.0.2 - - [17/Sep/2010:03:25:31 -0700] "POST /m/track/c HTTP/1.1" 200 124 "http://www.mopub-inc.com/m/aclk?v=1&id=agltb3B1Yi1pbmNyDAsSBFNpdGUYmboDDA&udid=200145745bc11c88&q=category%3Arestaurant&ll=52.410375,-1.507906&r=http%3A%2F%2Fwww.mopub-inc.com%2Fm%2Fad%3Fv%3D1%26id%3Dagltb3B1Yi1pbmNyDAsSBFNpdGUYmboDDA%26udid%3D200145745bc11c88%26q%3Dcategory%253Arestaurant%26ll%3D52.410375%2C-1.507906" "AppEngine-Google; (+http://code.google.com/appengine)"
193.35.132.4 - - [17/Sep/2010:03:25:31 -0700] "GET /m/ad?v=1&id=agltb3B1Yi1pbmNyDAsSBFNpdGUYmboDDA&udid=200145745bc11c88&q=category%3Arestaurant&ll=52.410375,-1.507906 HTTP/1.1" 200 637 - "Mozilla/5.0 (Linux; U; Android 2.2; en-gb; Desire_A8181 Build/FRF91) AppleWebKit/533.1 (KHTML, like Gecko) Version/4.0 Mobile Safari/533.1,gzip(gfe),gzip(gfe)"
0.1.0.2 - - [17/Sep/2010:03:25:31 -0700] "POST /m/track/i HTTP/1.1" 200 124 "http://www.mopub-inc.com/m/ad?v=1&id=agltb3B1Yi1pbmNyDAsSBFNpdGUYmboDDA&udid=200145745bc11c88&q=category%3Arestaurant&ll=52.410375,-1.507906" "AppEngine-Google; (+http://code.google.com/appengine)"
66.249.71.90 - - [17/Sep/2010:03:25:32 -0700] "GET /m/ad?v=1&id=agltb3B1Yi1pbmNyDAsSBFNpdGUYmboDDA&udid=200145745bc11c88&q=category%3Arestaurant&ll=52.410375,-1.507906 HTTP/1.1" 200 637 - "Mediapartners-Google,gzip(gfe),gzip(gfe)"
178.53.138.158 - - [17/Sep/2010:03:25:50 -0700] "GET /m/ad?v=1&f=320x50&udid=5c0277b2324483c9a692a7bbb3cc0a2f4bcf5d38&ll=29.336589,48.010077&q=Supermarkets&id=agltb3B1Yi1pbmNyDAsSBFNpdGUYsbIDDA HTTP/1.1" 200 848 - "nearby-iphone/1.4 CFNetwork/485.2 Darwin/10.3.1,gzip(gfe),gzip(gfe)"
0.1.0.2 - - [17/Sep/2010:03:25:50 -0700] "POST /m/track/i HTTP/1.1" 200 124 "http://www.mopub-inc.com/m/ad?v=1&f=320x50&udid=5c0277b2324483c9a692a7bbb3cc0a2f4bcf5d38&ll=29.336589,48.010077&q=Supermarkets&id=agltb3B1Yi1pbmNyDAsSBFNpdGUYsbIDDA" "AppEngine-Google; (+http://code.google.com/appengine)"
66.249.71.71 - - [17/Sep/2010:03:25:53 -0700] "GET /m/ad?v=1&f=320x50&udid=5c0277b2324483c9a692a7bbb3cc0a2f4bcf5d38&ll=29.336589,48.010077&q=Supermarkets&id=agltb3B1Yi1pbmNyDAsSBFNpdGUYsbIDDA HTTP/1.1" 200 633 - "Mediapartners-Google,gzip(gfe),gzip(gfe)"
178.53.138.158 - - [17/Sep/2010:03:25:58 -0700] "GET /m/ad?v=1&f=320x50&udid=5c0277b2324483c9a692a7bbb3cc0a2f4bcf5d38&ll=29.336639,48.010203&q=Retail%20Stores&id=agltb3B1Yi1pbmNyDAsSBFNpdGUYsbIDDA HTTP/1.1" 200 849 - "nearby-iphone/1.4 CFNetwork/485.2 Darwin/10.3.1,gzip(gfe),gzip(gfe)"
0.1.0.2 - - [17/Sep/2010:03:25:58 -0700] "POST /m/track/i HTTP/1.1" 200 124 "http://www.mopub-inc.com/m/ad?v=1&f=320x50&udid=5c0277b2324483c9a692a7bbb3cc0a2f4bcf5d38&ll=29.336639,48.010203&q=Retail%20Stores&id=agltb3B1Yi1pbmNyDAsSBFNpdGUYsbIDDA" "AppEngine-Google; (+http://code.google.com/appengine)"
66.249.71.20 - - [17/Sep/2010:03:25:59 -0700] "GET /m/ad?v=1&f=320x50&udid=5c0277b2324483c9a692a7bbb3cc0a2f4bcf5d38&ll=29.336639,48.010203&q=Retail%20Stores&id=agltb3B1Yi1pbmNyDAsSBFNpdGUYsbIDDA HTTP/1.1" 200 634 - "Mediapartners-Google,gzip(gfe),gzip(gfe)"
178.53.138.158 - - [17/Sep/2010:03:26:14 -0700] "GET /m/ad?v=1&f=320x50&udid=5c0277b2324483c9a692a7bbb3cc0a2f4bcf5d38&ll=29.336639,48.010203&q=Retail%20Stores:%20Al-Sha\'ab%20Park%20&id=agltb3B1Yi1pbmNyDAsSBFNpdGUY6ckDDA HTTP/1.1" 200 866 - "nearby-iphone/1.4 CFNetwork/485.2 Darwin/10.3.1,gzip(gfe),gzip(gfe)"
0.1.0.2 - - [17/Sep/2010:03:26:14 -0700] "POST /m/track/i HTTP/1.1" 200 124 "http://www.mopub-inc.com/m/ad?v=1&f=320x50&udid=5c0277b2324483c9a692a7bbb3cc0a2f4bcf5d38&ll=29.336639,48.010203&q=Retail%20Stores:%20Al-Sha\'ab%20Park%20&id=agltb3B1Yi1pbmNyDAsSBFNpdGUY6ckDDA" "AppEngine-Google; (+http://code.google.com/appengine)"
66.249.71.90 - - [17/Sep/2010:03:26:17 -0700] "GET /m/ad?v=1&f=320x50&udid=5c0277b2324483c9a692a7bbb3cc0a2f4bcf5d38&ll=29.336639,48.010203&q=Retail%20Stores:%20Al-Sha\'ab%20Park%20&id=agltb3B1Yi1pbmNyDAsSBFNpdGUY6ckDDA HTTP/1.1" 200 650 - "Mediapartners-Google,gzip(gfe),gzip(gfe)"
178.53.138.158 - - [17/Sep/2010:03:26:19 -0700] "GET /m/ad?v=1&f=320x50&udid=5c0277b2324483c9a692a7bbb3cc0a2f4bcf5d38&ll=29.336569,48.008888&q=Coffee&id=agltb3B1Yi1pbmNyDAsSBFNpdGUYsbIDDA HTTP/1.1" 200 842 - "nearby-iphone/1.4 CFNetwork/485.2 Darwin/10.3.1,gzip(gfe),gzip(gfe)"
0.1.0.2 - - [17/Sep/2010:03:26:19 -0700] "POST /m/track/i HTTP/1.1" 200 124 "http://www.mopub-inc.com/m/ad?v=1&f=320x50&udid=5c0277b2324483c9a692a7bbb3cc0a2f4bcf5d38&ll=29.336569,48.008888&q=Coffee&id=agltb3B1Yi1pbmNyDAsSBFNpdGUYsbIDDA" "AppEngine-Google; (+http://code.google.com/appengine)"
66.249.71.18 - - [17/Sep/2010:03:26:21 -0700] "GET /m/ad?v=1&f=320x50&udid=5c0277b2324483c9a692a7bbb3cc0a2f4bcf5d38&ll=29.336569,48.008888&q=Coffee&id=agltb3B1Yi1pbmNyDAsSBFNpdGUYsbIDDA HTTP/1.1" 200 630 - "Mediapartners-Google,gzip(gfe),gzip(gfe)"
178.53.138.158 - - [17/Sep/2010:03:26:24 -0700] "GET /m/ad?v=1&f=320x50&udid=5c0277b2324483c9a692a7bbb3cc0a2f4bcf5d38&ll=29.336569,48.008888&q=Coffee:%20Starbucks%20Coffee%20&id=agltb3B1Yi1pbmNyDAsSBFNpdGUY6ckDDA HTTP/1.1" 200 861 - "nearby-iphone/1.4 CFNetwork/485.2 Darwin/10.3.1,gzip(gfe),gzip(gfe)"
0.1.0.2 - - [17/Sep/2010:03:26:25 -0700] "POST /m/track/i HTTP/1.1" 200 124 "http://www.mopub-inc.com/m/ad?v=1&f=320x50&udid=5c0277b2324483c9a692a7bbb3cc0a2f4bcf5d38&ll=29.336569,48.008888&q=Coffee:%20Starbucks%20Coffee%20&id=agltb3B1Yi1pbmNyDAsSBFNpdGUY6ckDDA" "AppEngine-Google; (+http://code.google.com/appengine)"
66.249.71.98 - - [17/Sep/2010:03:26:26 -0700] "GET /m/ad?v=1&f=320x50&udid=5c0277b2324483c9a692a7bbb3cc0a2f4bcf5d38&ll=29.336569,48.008888&q=Coffee:%20Starbucks%20Coffee%20&id=agltb3B1Yi1pbmNyDAsSBFNpdGUY6ckDDA HTTP/1.1" 200 642 - "Mediapartners-Google,gzip(gfe),gzip(gfe)"
178.31.2.44 - - [17/Sep/2010:03:29:10 -0700] "GET /m/ad?v=1&f=320x50&udid=06513f2a34e5ae5132f1bd9fdba8e76ca5108caf&q=The%20Escape%20Club%20Wild,%20Wild%20West%20Wild,%20Wild%20West&id=agltb3B1Yi1pbmNyDAsSBFNpdGUY2fgDDA HTTP/1.1" 200 267 - "RadioNinja/1.1 CFNetwork/485.10.2 Darwin/10.3.1,gzip(gfe),gzip(gfe)"
0.1.0.2 - - [17/Sep/2010:03:29:10 -0700] "POST /m/track/i HTTP/1.1" 200 124 "http://www.mopub-inc.com/m/ad?v=1&f=320x50&udid=06513f2a34e5ae5132f1bd9fdba8e76ca5108caf&q=The%20Escape%20Club%20Wild,%20Wild%20West%20Wild,%20Wild%20West&id=agltb3B1Yi1pbmNyDAsSBFNpdGUY2fgDDA" "AppEngine-Google; (+http://code.google.com/appengine)"
212.183.140.51 - - [17/Sep/2010:03:29:27 -0700] "GET /m/ad?v=1&f=320x50&udid=1fb1a879e5f7377358bc4803a07bb5b355328b08&ll=50.557014,-4.103973&q=Coffee&id=agltb3B1Yi1pbmNyDAsSBFNpdGUYsbIDDA HTTP/1.1" 200 842 - "nearby-iphone/1.4 CFNetwork/485.10.2 Darwin/10.3.1,gzip(gfe),gzip(gfe)"
0.1.0.2 - - [17/Sep/2010:03:29:27 -0700] "POST /m/track/i HTTP/1.1" 200 124 "http://www.mopub-inc.com/m/ad?v=1&f=320x50&udid=1fb1a879e5f7377358bc4803a07bb5b355328b08&ll=50.557014,-4.103973&q=Coffee&id=agltb3B1Yi1pbmNyDAsSBFNpdGUYsbIDDA" "AppEngine-Google; (+http://code.google.com/appengine)"
66.249.71.44 - - [17/Sep/2010:03:29:37 -0700] "GET /m/ad?v=1&f=320x50&udid=1fb1a879e5f7377358bc4803a07bb5b355328b08&ll=50.557014,-4.103973&q=Coffee&id=agltb3B1Yi1pbmNyDAsSBFNpdGUYsbIDDA HTTP/1.1" 200 630 - "Mediapartners-Google,gzip(gfe),gzip(gfe)"
212.183.140.51 - - [17/Sep/2010:03:29:38 -0700] "GET /m/ad?v=1&f=320x50&udid=1fb1a879e5f7377358bc4803a07bb5b355328b08&ll=50.557014,-4.103973&q=Coffee:%20Dukes%20&id=agltb3B1Yi1pbmNyDAsSBFNpdGUY6ckDDA HTTP/1.1" 200 850 - "nearby-iphone/1.4 CFNetwork/485.10.2 Darwin/10.3.1,gzip(gfe),gzip(gfe)"
0.1.0.2 - - [17/Sep/2010:03:29:38 -0700] "POST /m/track/i HTTP/1.1" 200 124 "http://www.mopub-inc.com/m/ad?v=1&f=320x50&udid=1fb1a879e5f7377358bc4803a07bb5b355328b08&ll=50.557014,-4.103973&q=Coffee:%20Dukes%20&id=agltb3B1Yi1pbmNyDAsSBFNpdGUY6ckDDA" "AppEngine-Google; (+http://code.google.com/appengine)"
66.249.71.17 - - [17/Sep/2010:03:29:40 -0700] "GET /m/ad?v=1&f=320x50&udid=1fb1a879e5f7377358bc4803a07bb5b355328b08&ll=50.557014,-4.103973&q=Coffee:%20Dukes%20&id=agltb3B1Yi1pbmNyDAsSBFNpdGUY6ckDDA HTTP/1.1" 200 636 - "Mediapartners-Google,gzip(gfe),gzip(gfe)"
178.228.54.169 - - [17/Sep/2010:03:29:45 -0700] "GET /m/ad?v=1&f=320x50&udid=7867be3ed34e1b87d4bacab915d1d7648f297bff&ll=51.765412,5.522721&q=Supermarkets&id=agltb3B1Yi1pbmNyDAsSBFNpdGUYsbIDDA HTTP/1.1" 200 848 - "nearby-iphone/1.4 CFNetwork/485.2 Darwin/10.3.1,gzip(gfe),gzip(gfe)"
0.1.0.2 - - [17/Sep/2010:03:29:45 -0700] "POST /m/track/i HTTP/1.1" 200 124 "http://www.mopub-inc.com/m/ad?v=1&f=320x50&udid=7867be3ed34e1b87d4bacab915d1d7648f297bff&ll=51.765412,5.522721&q=Supermarkets&id=agltb3B1Yi1pbmNyDAsSBFNpdGUYsbIDDA" "AppEngine-Google; (+http://code.google.com/appengine)"
66.249.71.72 - - [17/Sep/2010:03:29:47 -0700] "GET /m/ad?v=1&f=320x50&udid=7867be3ed34e1b87d4bacab915d1d7648f297bff&ll=51.765412,5.522721&q=Supermarkets&id=agltb3B1Yi1pbmNyDAsSBFNpdGUYsbIDDA HTTP/1.1" 200 633 - "Mediapartners-Google,gzip(gfe),gzip(gfe)"
212.183.140.51 - - [17/Sep/2010:03:29:51 -0700] "GET /m/ad?v=1&f=320x50&udid=1fb1a879e5f7377358bc4803a07bb5b355328b08&ll=50.411722,-4.126433&q=Banks/ATMs&id=agltb3B1Yi1pbmNyDAsSBFNpdGUYsbIDDA HTTP/1.1" 200 866 - "nearby-iphone/1.4 CFNetwork/485.10.2 Darwin/10.3.1,gzip(gfe),gzip(gfe)"
0.1.0.2 - - [17/Sep/2010:03:29:52 -0700] "POST /m/track/i HTTP/1.1" 200 124 "http://www.mopub-inc.com/m/ad?v=1&f=320x50&udid=1fb1a879e5f7377358bc4803a07bb5b355328b08&ll=50.411722,-4.126433&q=Banks/ATMs&id=agltb3B1Yi1pbmNyDAsSBFNpdGUYsbIDDA" "AppEngine-Google; (+http://code.google.com/appengine)"
178.228.54.169 - - [17/Sep/2010:03:29:53 -0700] "GET /m/ad?v=1&f=320x50&udid=7867be3ed34e1b87d4bacab915d1d7648f297bff&ll=51.765412,5.522721&q=Supermarkets:%20EM-T%C3%89%20Supermarkt/Slijterij%20&id=agltb3B1Yi1pbmNyDAsSBFNpdGUY6ckDDA HTTP/1.1" 200 878 - "nearby-iphone/1.4 CFNetwork/485.2 Darwin/10.3.1,gzip(gfe),gzip(gfe)"
0.1.0.2 - - [17/Sep/2010:03:29:53 -0700] "POST /m/track/i HTTP/1.1" 200 124 "http://www.mopub-inc.com/m/ad?v=1&f=320x50&udid=7867be3ed34e1b87d4bacab915d1d7648f297bff&ll=51.765412,5.522721&q=Supermarkets:%20EM-T%C3%89%20Supermarkt/Slijterij%20&id=agltb3B1Yi1pbmNyDAsSBFNpdGUY6ckDDA" "AppEngine-Google; (+http://code.google.com/appengine)"
66.249.71.110 - - [17/Sep/2010:03:29:53 -0700] "GET /m/ad?v=1&f=320x50&udid=1fb1a879e5f7377358bc4803a07bb5b355328b08&ll=50.411722,-4.126433&q=Banks/ATMs&id=agltb3B1Yi1pbmNyDAsSBFNpdGUYsbIDDA HTTP/1.1" 200 648 - "Mediapartners-Google,gzip(gfe),gzip(gfe)"
66.249.71.109 - - [17/Sep/2010:03:29:54 -0700] "GET /m/ad?v=1&f=320x50&udid=7867be3ed34e1b87d4bacab915d1d7648f297bff&ll=51.765412,5.522721&q=Supermarkets:%20EM-T%C3%89%20Supermarkt/Slijterij%20&id=agltb3B1Yi1pbmNyDAsSBFNpdGUY6ckDDA HTTP/1.1" 200 657 - "Mediapartners-Google,gzip(gfe),gzip(gfe)"
88.6.169.218 - - [17/Sep/2010:03:34:26 -0700] "GET /m/ad?v=1&f=320x50&udid=86d31c6c6e85fd5c61a82a22719fa4e84f91d242&q=Thelonious%20Monk%20The%20Essential%20Thelonious%20Monk%20Misterioso&id=agltb3B1Yi1pbmNyDAsSBFNpdGUY2fgDDA HTTP/1.1" 200 267 - "RadioNinja/1.1 CFNetwork/485.10.2 Darwin/10.3.1,gzip(gfe),gzip(gfe)"
0.1.0.2 - - [17/Sep/2010:03:34:26 -0700] "POST /m/track/i HTTP/1.1" 200 124 "http://www.mopub-inc.com/m/ad?v=1&f=320x50&udid=86d31c6c6e85fd5c61a82a22719fa4e84f91d242&q=Thelonious%20Monk%20The%20Essential%20Thelonious%20Monk%20Misterioso&id=agltb3B1Yi1pbmNyDAsSBFNpdGUY2fgDDA" "AppEngine-Google; (+http://code.google.com/appengine)"
178.31.2.44 - - [17/Sep/2010:03:34:47 -0700] "GET /m/ad?v=1&f=320x50&udid=06513f2a34e5ae5132f1bd9fdba8e76ca5108caf&q=Tom%20Petty%20&%20The%20Heartbreakers%20Anthology%20-%20Through%20the%20Years%20Don\'t%20Come%20Around%20Here%20No%20More&id=agltb3B1Yi1pbmNyDAsSBFNpdGUY2fgDDA HTTP/1.1" 200 267 - "RadioNinja/1.1 CFNetwork/485.10.2 Darwin/10.3.1,gzip(gfe),gzip(gfe)"
0.1.0.2 - - [17/Sep/2010:03:34:48 -0700] "POST /m/track/i HTTP/1.1" 200 124 "http://www.mopub-inc.com/m/ad?v=1&f=320x50&udid=06513f2a34e5ae5132f1bd9fdba8e76ca5108caf&q=Tom%20Petty%20&%20The%20Heartbreakers%20Anthology%20-%20Through%20the%20Years%20Don\'t%20Come%20Around%20Here%20No%20More&id=agltb3B1Yi1pbmNyDAsSBFNpdGUY2fgDDA" "AppEngine-Google; (+http://code.google.com/appengine)"
203.236.22.58 - - [17/Sep/2010:03:35:18 -0700] "GET /m/ad?v=1&id=agltb3B1Yi1pbmNyDAsSBFNpdGUYmboDDA&udid=200140175b7f4cc2&q=pharmacy&ll=37.482308,127.054503 HTTP/1.1" 200 630 - "Mozilla/5.0 (Linux; U; Android 2.1-update1; en-us; SHW-M100S Build/ECLAIR) AppleWebKit/530.17 (KHTML, like Gecko) Version/4.0 Mobile Safari/530.17,gzip(gfe),gzip(gfe)"
0.1.0.2 - - [17/Sep/2010:03:35:18 -0700] "POST /m/track/i HTTP/1.1" 200 124 "http://ads.mopub-inc.com/m/ad?v=1&id=agltb3B1Yi1pbmNyDAsSBFNpdGUYmboDDA&udid=200140175b7f4cc2&q=pharmacy&ll=37.482308,127.054503" "AppEngine-Google; (+http://code.google.com/appengine)"
66.249.71.119 - - [17/Sep/2010:03:35:21 -0700] "GET /robots.txt HTTP/1.1" 404 124 - "Mediapartners-Google,gzip(gfe),gzip(gfe)"
66.249.71.119 - - [17/Sep/2010:03:35:21 -0700] "GET /m/ad?v=1&id=agltb3B1Yi1pbmNyDAsSBFNpdGUYmboDDA&udid=200140175b7f4cc2&q=pharmacy&ll=37.482308,127.054503 HTTP/1.1" 200 630 - "Mediapartners-Google,gzip(gfe),gzip(gfe)"
203.236.22.58 - - [17/Sep/2010:03:36:51 -0700] "GET /m/ad?v=1&id=agltb3B1Yi1pbmNyDAsSBFNpdGUYmboDDA&udid=200140175b7f4cc2&q=category%3Arestaurant&ll=37.482308,127.054503 HTTP/1.1" 200 637 - "Mozilla/5.0 (Linux; U; Android 2.1-update1; en-us; SHW-M100S Build/ECLAIR) AppleWebKit/530.17 (KHTML, like Gecko) Version/4.0 Mobile Safari/530.17,gzip(gfe),gzip(gfe)"
0.1.0.2 - - [17/Sep/2010:03:36:52 -0700] "POST /m/track/i HTTP/1.1" 200 124 "http://ads.mopub-inc.com/m/ad?v=1&id=agltb3B1Yi1pbmNyDAsSBFNpdGUYmboDDA&udid=200140175b7f4cc2&q=category%3Arestaurant&ll=37.482308,127.054503" "AppEngine-Google; (+http://code.google.com/appengine)"
66.249.71.119 - - [17/Sep/2010:03:36:53 -0700] "GET /m/ad?v=1&id=agltb3B1Yi1pbmNyDAsSBFNpdGUYmboDDA&udid=200140175b7f4cc2&q=category%3Arestaurant&ll=37.482308,127.054503 HTTP/1.1" 200 637 - "Mediapartners-Google,gzip(gfe),gzip(gfe)"
203.236.22.58 - - [17/Sep/2010:03:37:07 -0700] "GET /m/ad?v=1&id=agltb3B1Yi1pbmNyDAsSBFNpdGUYmboDDA&udid=200140175b7f4cc2&q=%EB%B4%89%ED%99%94%EC%9E%A5%20%EA%B0%9C%ED%8F%AC1%EB%8F%99%20653%0A%EC%84%9C%EC%9A%B8%2C%20&ll=37.48263,127.054409 HTTP/1.1" 200 674 - "Mozilla/5.0 (Linux; U; Android 2.1-update1; en-us; SHW-M100S Build/ECLAIR) AppleWebKit/530.17 (KHTML, like Gecko) Version/4.0 Mobile Safari/530.17,gzip(gfe),gzip(gfe)"
0.1.0.2 - - [17/Sep/2010:03:37:07 -0700] "POST /m/track/i HTTP/1.1" 200 124 "http://ads.mopub-inc.com/m/ad?v=1&id=agltb3B1Yi1pbmNyDAsSBFNpdGUYmboDDA&udid=200140175b7f4cc2&q=%EB%B4%89%ED%99%94%EC%9E%A5%20%EA%B0%9C%ED%8F%AC1%EB%8F%99%20653%0A%EC%84%9C%EC%9A%B8%2C%20&ll=37.48263,127.054409" "AppEngine-Google; (+http://code.google.com/appengine)"
66.249.71.120 - - [17/Sep/2010:03:37:09 -0700] "GET /m/ad?v=1&id=agltb3B1Yi1pbmNyDAsSBFNpdGUYmboDDA&udid=200140175b7f4cc2&q=%EB%B4%89%ED%99%94%EC%9E%A5%20%EA%B0%9C%ED%8F%AC1%EB%8F%99%20653%0A%EC%84%9C%EC%9A%B8%2C%20&ll=37.48263,127.054409 HTTP/1.1" 200 674 - "Mediapartners-Google,gzip(gfe),gzip(gfe)"
203.236.22.58 - - [17/Sep/2010:03:37:20 -0700] "GET /m/ad?v=1&id=agltb3B1Yi1pbmNyDAsSBFNpdGUYmboDDA&udid=200140175b7f4cc2&q=%EB%B4%89%ED%99%94%EC%9E%A5%20%EA%B0%9C%ED%8F%AC1%EB%8F%99%20653%0A%EC%84%9C%EC%9A%B8%2C%20&ll=37.48263,127.054409 HTTP/1.1" 200 674 - "Mozilla/5.0 (Linux; U; Android 2.1-update1; en-us; SHW-M100S Build/ECLAIR) AppleWebKit/530.17 (KHTML, like Gecko) Version/4.0 Mobile Safari/530.17,gzip(gfe),gzip(gfe)"
0.1.0.2 - - [17/Sep/2010:03:37:20 -0700] "POST /m/track/i HTTP/1.1" 200 124 "http://ads.mopub-inc.com/m/ad?v=1&id=agltb3B1Yi1pbmNyDAsSBFNpdGUYmboDDA&udid=200140175b7f4cc2&q=%EB%B4%89%ED%99%94%EC%9E%A5%20%EA%B0%9C%ED%8F%AC1%EB%8F%99%20653%0A%EC%84%9C%EC%9A%B8%2C%20&ll=37.48263,127.054409" "AppEngine-Google; (+http://code.google.com/appengine)"
203.236.22.58 - - [17/Sep/2010:03:37:21 -0700] "GET /m/ad?v=1&id=agltb3B1Yi1pbmNyDAsSBFNpdGUYmboDDA&udid=200140175b7f4cc2&q=%EB%B4%89%ED%99%94%EC%9E%A5%20%EA%B0%9C%ED%8F%AC1%EB%8F%99%20653%0A%EC%84%9C%EC%9A%B8%2C%20&ll=37.48263,127.054409 HTTP/1.1" 200 674 - "Mozilla/5.0 (Linux; U; Android 2.1-update1; en-us; SHW-M100S Build/ECLAIR) AppleWebKit/530.17 (KHTML, like Gecko) Version/4.0 Mobile Safari/530.17,gzip(gfe),gzip(gfe)"
0.1.0.2 - - [17/Sep/2010:03:37:21 -0700] "POST /m/track/i HTTP/1.1" 200 124 "http://ads.mopub-inc.com/m/ad?v=1&id=agltb3B1Yi1pbmNyDAsSBFNpdGUYmboDDA&udid=200140175b7f4cc2&q=%EB%B4%89%ED%99%94%EC%9E%A5%20%EA%B0%9C%ED%8F%AC1%EB%8F%99%20653%0A%EC%84%9C%EC%9A%B8%2C%20&ll=37.48263,127.054409" "AppEngine-Google; (+http://code.google.com/appengine)"
203.236.22.58 - - [17/Sep/2010:03:37:33 -0700] "GET /m/ad?v=1&id=agltb3B1Yi1pbmNyDAsSBFNpdGUYmboDDA&udid=200140175b7f4cc2&q=%EA%B5%AD%EC%9D%BC%EB%B0%98%EC%A0%90%20%EA%B0%9C%ED%8F%AC1%EB%8F%99%20660-4%0A%EC%84%9C%EC%9A%B8%2C%20&ll=37.481519,127.057353 HTTP/1.1" 200 685 - "Mozilla/5.0 (Linux; U; Android 2.1-update1; en-us; SHW-M100S Build/ECLAIR) AppleWebKit/530.17 (KHTML, like Gecko) Version/4.0 Mobile Safari/530.17,gzip(gfe),gzip(gfe)"
0.1.0.2 - - [17/Sep/2010:03:37:34 -0700] "POST /m/track/i HTTP/1.1" 200 124 "http://ads.mopub-inc.com/m/ad?v=1&id=agltb3B1Yi1pbmNyDAsSBFNpdGUYmboDDA&udid=200140175b7f4cc2&q=%EA%B5%AD%EC%9D%BC%EB%B0%98%EC%A0%90%20%EA%B0%9C%ED%8F%AC1%EB%8F%99%20660-4%0A%EC%84%9C%EC%9A%B8%2C%20&ll=37.481519,127.057353" "AppEngine-Google; (+http://code.google.com/appengine)"
66.249.71.101 - - [17/Sep/2010:03:37:35 -0700] "GET /m/ad?v=1&id=agltb3B1Yi1pbmNyDAsSBFNpdGUYmboDDA&udid=200140175b7f4cc2&q=%EA%B5%AD%EC%9D%BC%EB%B0%98%EC%A0%90%20%EA%B0%9C%ED%8F%AC1%EB%8F%99%20660-4%0A%EC%84%9C%EC%9A%B8%2C%20&ll=37.481519,127.057353 HTTP/1.1" 200 685 - "Mediapartners-Google,gzip(gfe),gzip(gfe)"
0.1.0.2 - - [17/Sep/2010:03:37:51 -0700] "POST /m/track/i HTTP/1.1" 200 124 "http://ads.mopub-inc.com/m/ad?v=1&id=agltb3B1Yi1pbmNyDAsSBFNpdGUYmboDDA&udid=200140175b7f4cc2&q=%EB%AF%BC%ED%8A%B8%20%EB%8F%84%EA%B3%A1%EB%8F%99%20467-24%0A%EC%84%9C%EC%9A%B8%ED%8A%B9%EB%B3%84%EC%8B%9C%2C%20&ll=37.486546,127.051826" "AppEngine-Google; (+http://code.google.com/appengine)"
203.236.22.58 - - [17/Sep/2010:03:37:52 -0700] "GET /m/ad?v=1&id=agltb3B1Yi1pbmNyDAsSBFNpdGUYmboDDA&udid=200140175b7f4cc2&q=%EB%AF%BC%ED%8A%B8%20%EB%8F%84%EA%B3%A1%EB%8F%99%20467-24%0A%EC%84%9C%EC%9A%B8%ED%8A%B9%EB%B3%84%EC%8B%9C%2C%20&ll=37.486546,127.051826 HTTP/1.1" 200 686 - "Mozilla/5.0 (Linux; U; Android 2.1-update1; en-us; SHW-M100S Build/ECLAIR) AppleWebKit/530.17 (KHTML, like Gecko) Version/4.0 Mobile Safari/530.17,gzip(gfe),gzip(gfe)"
66.249.71.42 - - [17/Sep/2010:03:37:53 -0700] "GET /m/ad?v=1&id=agltb3B1Yi1pbmNyDAsSBFNpdGUYmboDDA&udid=200140175b7f4cc2&q=%EB%AF%BC%ED%8A%B8%20%EB%8F%84%EA%B3%A1%EB%8F%99%20467-24%0A%EC%84%9C%EC%9A%B8%ED%8A%B9%EB%B3%84%EC%8B%9C%2C%20&ll=37.486546,127.051826 HTTP/1.1" 200 686 - "Mediapartners-Google,gzip(gfe),gzip(gfe)"
203.236.22.58 - - [17/Sep/2010:03:37:56 -0700] "GET /m/ad?v=1&id=agltb3B1Yi1pbmNyDAsSBFNpdGUYmboDDA&udid=200140175b7f4cc2&q=%EC%B0%A8%EC%9D%B4%EB%82%98%ED%85%8C%EC%9D%B4%EB%B8%94%20%EA%B0%9C%ED%8F%AC%EB%8F%99%201214-1%0A%EC%84%9C%EC%9A%B8%2C%20&ll=37.478325,127.04966 HTTP/1.1" 200 690 - "Mozilla/5.0 (Linux; U; Android 2.1-update1; en-us; SHW-M100S Build/ECLAIR) AppleWebKit/530.17 (KHTML, like Gecko) Version/4.0 Mobile Safari/530.17,gzip(gfe),gzip(gfe)"
0.1.0.2 - - [17/Sep/2010:03:37:57 -0700] "POST /m/track/i HTTP/1.1" 200 124 "http://ads.mopub-inc.com/m/ad?v=1&id=agltb3B1Yi1pbmNyDAsSBFNpdGUYmboDDA&udid=200140175b7f4cc2&q=%EC%B0%A8%EC%9D%B4%EB%82%98%ED%85%8C%EC%9D%B4%EB%B8%94%20%EA%B0%9C%ED%8F%AC%EB%8F%99%201214-1%0A%EC%84%9C%EC%9A%B8%2C%20&ll=37.478325,127.04966" "AppEngine-Google; (+http://code.google.com/appengine)"
66.249.71.43 - - [17/Sep/2010:03:37:58 -0700] "GET /m/ad?v=1&id=agltb3B1Yi1pbmNyDAsSBFNpdGUYmboDDA&udid=200140175b7f4cc2&q=%EC%B0%A8%EC%9D%B4%EB%82%98%ED%85%8C%EC%9D%B4%EB%B8%94%20%EA%B0%9C%ED%8F%AC%EB%8F%99%201214-1%0A%EC%84%9C%EC%9A%B8%2C%20&ll=37.478325,127.04966 HTTP/1.1" 200 690 - "Mediapartners-Google,gzip(gfe),gzip(gfe)"
203.236.22.58 - - [17/Sep/2010:03:38:01 -0700] "GET /m/ad?v=1&id=agltb3B1Yi1pbmNyDAsSBFNpdGUYmboDDA&udid=200140175b7f4cc2&q=(%EC%A3%BC)%EB%B2%BD%EC%A0%9C%ED%83%80%EC%9B%8C%ED%8C%B0%EB%A6%AC%EC%8A%A4%20%EB%8F%84%EA%B3%A1%EB%8F%99%20467-29%0A%EC%84%9C%EC%9A%B8%2C%20&ll=37.485324,127.049215 HTTP/1.1" 200 705 - "Mozilla/5.0 (Linux; U; Android 2.1-update1; en-us; SHW-M100S Build/ECLAIR) AppleWebKit/530.17 (KHTML, like Gecko) Version/4.0 Mobile Safari/530.17,gzip(gfe),gzip(gfe)"
0.1.0.2 - - [17/Sep/2010:03:38:01 -0700] "POST /m/track/i HTTP/1.1" 200 124 "http://ads.mopub-inc.com/m/ad?v=1&id=agltb3B1Yi1pbmNyDAsSBFNpdGUYmboDDA&udid=200140175b7f4cc2&q=(%EC%A3%BC)%EB%B2%BD%EC%A0%9C%ED%83%80%EC%9B%8C%ED%8C%B0%EB%A6%AC%EC%8A%A4%20%EB%8F%84%EA%B3%A1%EB%8F%99%20467-29%0A%EC%84%9C%EC%9A%B8%2C%20&ll=37.485324,127.049215" "AppEngine-Google; (+http://code.google.com/appengine)"
66.249.71.120 - - [17/Sep/2010:03:38:02 -0700] "GET /m/ad?v=1&id=agltb3B1Yi1pbmNyDAsSBFNpdGUYmboDDA&udid=200140175b7f4cc2&q=(%EC%A3%BC)%EB%B2%BD%EC%A0%9C%ED%83%80%EC%9B%8C%ED%8C%B0%EB%A6%AC%EC%8A%A4%20%EB%8F%84%EA%B3%A1%EB%8F%99%20467-29%0A%EC%84%9C%EC%9A%B8%2C%20&ll=37.485324,127.049215 HTTP/1.1" 200 705 - "Mediapartners-Google,gzip(gfe),gzip(gfe)"
27.104.59.85 - - [17/Sep/2010:03:38:05 -0700] "GET /m/ad?v=1&f=320x50&udid=744a553020a1b9d932f25213c12f484eac45fc23&q=(null)&id=agltb3B1Yi1pbmNyDAsSBFNpdGUY2fgDDA HTTP/1.1" 200 267 - "RadioNinja/1.1 CFNetwork/485.2 Darwin/10.3.1,gzip(gfe),gzip(gfe)"
0.1.0.2 - - [17/Sep/2010:03:38:05 -0700] "POST /m/track/i HTTP/1.1" 200 124 "http://www.mopub-inc.com/m/ad?v=1&f=320x50&udid=744a553020a1b9d932f25213c12f484eac45fc23&q=(null)&id=agltb3B1Yi1pbmNyDAsSBFNpdGUY2fgDDA" "AppEngine-Google; (+http://code.google.com/appengine)"
27.104.59.85 - - [17/Sep/2010:03:38:10 -0700] "GET /m/ad?v=1&f=320x50&udid=744a553020a1b9d932f25213c12f484eac45fc23&q=Gorilla%20Zoe%20Welcome%20to%20the%20Zoo%20Hood%20Figga&id=agltb3B1Yi1pbmNyDAsSBFNpdGUY2fgDDA HTTP/1.1" 200 267 - "RadioNinja/1.1 CFNetwork/485.2 Darwin/10.3.1,gzip(gfe),gzip(gfe)"
0.1.0.2 - - [17/Sep/2010:03:38:10 -0700] "POST /m/track/i HTTP/1.1" 200 124 "http://www.mopub-inc.com/m/ad?v=1&f=320x50&udid=744a553020a1b9d932f25213c12f484eac45fc23&q=Gorilla%20Zoe%20Welcome%20to%20the%20Zoo%20Hood%20Figga&id=agltb3B1Yi1pbmNyDAsSBFNpdGUY2fgDDA" "AppEngine-Google; (+http://code.google.com/appengine)"
203.236.22.58 - - [17/Sep/2010:03:38:45 -0700] "GET /m/ad?v=1&id=agltb3B1Yi1pbmNyDAsSBFNpdGUYmboDDA&udid=200140175b7f4cc2&q=category%3Arestaurant&ll=37.482308,127.054503 HTTP/1.1" 200 637 - "Mozilla/5.0 (Linux; U; Android 2.1-update1; en-us; SHW-M100S Build/ECLAIR) AppleWebKit/530.17 (KHTML, like Gecko) Version/4.0 Mobile Safari/530.17,gzip(gfe),gzip(gfe)"
0.1.0.2 - - [17/Sep/2010:03:38:45 -0700] "POST /m/track/i HTTP/1.1" 200 124 "http://ads.mopub-inc.com/m/ad?v=1&id=agltb3B1Yi1pbmNyDAsSBFNpdGUYmboDDA&udid=200140175b7f4cc2&q=category%3Arestaurant&ll=37.482308,127.054503" "AppEngine-Google; (+http://code.google.com/appengine)"
203.236.22.58 - - [17/Sep/2010:03:38:54 -0700] "GET /m/ad?v=1&id=agltb3B1Yi1pbmNyDAsSBFNpdGUYmboDDA&udid=200140175b7f4cc2&q=%EA%B5%AD%EC%9D%BC%EB%B0%98%EC%A0%90%20%EA%B0%9C%ED%8F%AC1%EB%8F%99%20660-4%0A%EC%84%9C%EC%9A%B8%2C%20&ll=37.481519,127.057353 HTTP/1.1" 200 685 - "Mozilla/5.0 (Linux; U; Android 2.1-update1; en-us; SHW-M100S Build/ECLAIR) AppleWebKit/530.17 (KHTML, like Gecko) Version/4.0 Mobile Safari/530.17,gzip(gfe),gzip(gfe)"
0.1.0.2 - - [17/Sep/2010:03:38:54 -0700] "POST /m/track/i HTTP/1.1" 200 124 "http://ads.mopub-inc.com/m/ad?v=1&id=agltb3B1Yi1pbmNyDAsSBFNpdGUYmboDDA&udid=200140175b7f4cc2&q=%EA%B5%AD%EC%9D%BC%EB%B0%98%EC%A0%90%20%EA%B0%9C%ED%8F%AC1%EB%8F%99%20660-4%0A%EC%84%9C%EC%9A%B8%2C%20&ll=37.481519,127.057353" "AppEngine-Google; (+http://code.google.com/appengine)"
2.90.72.85 - - [17/Sep/2010:03:38:56 -0700] "GET /m/ad?v=1&f=320x50&udid=42ec52690ae710906f5b7232509af8c4a826b81b&ll=26.991037,49.657922&q=Taxis&id=agltb3B1Yi1pbmNyDAsSBFNpdGUYsbIDDA HTTP/1.1" 200 845 - "nearby-iphone/1.4 CFNetwork/485.2 Darwin/10.3.1,gzip(gfe),gzip(gfe)"
0.1.0.2 - - [17/Sep/2010:03:38:56 -0700] "POST /m/track/i HTTP/1.1" 200 124 "http://www.mopub-inc.com/m/ad?v=1&f=320x50&udid=42ec52690ae710906f5b7232509af8c4a826b81b&ll=26.991037,49.657922&q=Taxis&id=agltb3B1Yi1pbmNyDAsSBFNpdGUYsbIDDA" "AppEngine-Google; (+http://code.google.com/appengine)"
66.249.71.24 - - [17/Sep/2010:03:38:58 -0700] "GET /m/ad?v=1&f=320x50&udid=42ec52690ae710906f5b7232509af8c4a826b81b&ll=26.991037,49.657922&q=Taxis&id=agltb3B1Yi1pbmNyDAsSBFNpdGUYsbIDDA HTTP/1.1" 200 632 - "Mediapartners-Google,gzip(gfe),gzip(gfe)"
2.90.72.85 - - [17/Sep/2010:03:39:09 -0700] "GET /m/ad?v=1&f=320x50&udid=42ec52690ae710906f5b7232509af8c4a826b81b&ll=26.991037,49.657922&q=Taxis:%20&id=agltb3B1Yi1pbmNyDAsSBFNpdGUY6ckDDA HTTP/1.1" 200 847 - "nearby-iphone/1.4 CFNetwork/485.2 Darwin/10.3.1,gzip(gfe),gzip(gfe)"
0.1.0.2 - - [17/Sep/2010:03:39:09 -0700] "POST /m/track/i HTTP/1.1" 200 124 "http://www.mopub-inc.com/m/ad?v=1&f=320x50&udid=42ec52690ae710906f5b7232509af8c4a826b81b&ll=26.991037,49.657922&q=Taxis:%20&id=agltb3B1Yi1pbmNyDAsSBFNpdGUY6ckDDA" "AppEngine-Google; (+http://code.google.com/appengine)"
66.249.71.23 - - [17/Sep/2010:03:39:11 -0700] "GET /m/ad?v=1&f=320x50&udid=42ec52690ae710906f5b7232509af8c4a826b81b&ll=26.991037,49.657922&q=Taxis:%20&id=agltb3B1Yi1pbmNyDAsSBFNpdGUY6ckDDA HTTP/1.1" 200 633 - "Mediapartners-Google,gzip(gfe),gzip(gfe)"
69.165.136.33 - - [17/Sep/2010:03:40:03 -0700] "GET /m/ad?v=1&f=320x50&udid=511fe954680aa040bba693ecd4d025088d4c688e&q=Alicia%20Keys%20No%20One%20-%20Single%20No%20One&id=agltb3B1Yi1pbmNyDAsSBFNpdGUY2fgDDA HTTP/1.1" 200 267 - "RadioNinja/1.1 CFNetwork/485.2 Darwin/10.3.1,gzip(gfe),gzip(gfe)"
0.1.0.2 - - [17/Sep/2010:03:40:03 -0700] "POST /m/track/i HTTP/1.1" 200 124 "http://www.mopub-inc.com/m/ad?v=1&f=320x50&udid=511fe954680aa040bba693ecd4d025088d4c688e&q=Alicia%20Keys%20No%20One%20-%20Single%20No%20One&id=agltb3B1Yi1pbmNyDAsSBFNpdGUY2fgDDA" "AppEngine-Google; (+http://code.google.com/appengine)"
0.1.0.2 - - [17/Sep/2010:03:40:21 -0700] "POST /m/track/i HTTP/1.1" 200 124 "http://www.mopub-inc.com/m/ad?v=1&f=320x50&udid=e8105d29cd7ec485b3ea93399cb07429d4311cf5&ll=51.516434,-0.394839&q=Supermarkets&id=agltb3B1Yi1pbmNyDAsSBFNpdGUYsbIDDA" "AppEngine-Google; (+http://code.google.com/appengine)"
193.35.132.46 - - [17/Sep/2010:03:40:21 -0700] "GET /m/ad?v=1&f=320x50&udid=e8105d29cd7ec485b3ea93399cb07429d4311cf5&ll=51.516434,-0.394839&q=Supermarkets&id=agltb3B1Yi1pbmNyDAsSBFNpdGUYsbIDDA HTTP/1.1" 200 866 - "nearby-iphone/1.4 CFNetwork/485.2 Darwin/10.3.1,gzip(gfe),gzip(gfe)"
69.165.136.33 - - [17/Sep/2010:03:40:23 -0700] "GET /m/ad?v=1&f=320x50&udid=511fe954680aa040bba693ecd4d025088d4c688e&q=Ke$ha%20Animal%20Take%20It%20Off&id=agltb3B1Yi1pbmNyDAsSBFNpdGUY2fgDDA HTTP/1.1" 200 267 - "RadioNinja/1.1 CFNetwork/485.2 Darwin/10.3.1,gzip(gfe),gzip(gfe)"
0.1.0.2 - - [17/Sep/2010:03:40:23 -0700] "POST /m/track/i HTTP/1.1" 200 124 "http://www.mopub-inc.com/m/ad?v=1&f=320x50&udid=511fe954680aa040bba693ecd4d025088d4c688e&q=Ke$ha%20Animal%20Take%20It%20Off&id=agltb3B1Yi1pbmNyDAsSBFNpdGUY2fgDDA" "AppEngine-Google; (+http://code.google.com/appengine)"
0.1.0.2 - - [17/Sep/2010:03:40:33 -0700] "POST /m/track/i HTTP/1.1" 200 124 "http://www.mopub-inc.com/m/ad?v=1&f=320x50&udid=e8105d29cd7ec485b3ea93399cb07429d4311cf5&ll=51.516434,-0.394839&q=Supermarkets:%20Tesco%20Pahramcies%20&id=agltb3B1Yi1pbmNyDAsSBFNpdGUY6ckDDA" "AppEngine-Google; (+http://code.google.com/appengine)"
193.35.132.4 - - [17/Sep/2010:03:40:33 -0700] "GET /m/ad?v=1&f=320x50&udid=e8105d29cd7ec485b3ea93399cb07429d4311cf5&ll=51.516434,-0.394839&q=Supermarkets:%20Tesco%20Pahramcies%20&id=agltb3B1Yi1pbmNyDAsSBFNpdGUY6ckDDA HTTP/1.1" 200 885 - "nearby-iphone/1.4 CFNetwork/485.2 Darwin/10.3.1,gzip(gfe),gzip(gfe)"
66.249.71.99 - - [17/Sep/2010:03:40:33 -0700] "GET /m/ad?v=1&f=320x50&udid=e8105d29cd7ec485b3ea93399cb07429d4311cf5&ll=51.516434,-0.394839&q=Supermarkets&id=agltb3B1Yi1pbmNyDAsSBFNpdGUYsbIDDA HTTP/1.1" 200 648 - "Mediapartners-Google,gzip(gfe),gzip(gfe)"
66.249.71.17 - - [17/Sep/2010:03:40:45 -0700] "GET /m/ad?v=1&f=320x50&udid=e8105d29cd7ec485b3ea93399cb07429d4311cf5&ll=51.516434,-0.394839&q=Supermarkets:%20Tesco%20Pahramcies%20&id=agltb3B1Yi1pbmNyDAsSBFNpdGUY6ckDDA HTTP/1.1" 200 664 - "Mediapartners-Google,gzip(gfe),gzip(gfe)"
88.6.169.218 - - [17/Sep/2010:03:40:49 -0700] "GET /m/ad?v=1&f=320x50&udid=86d31c6c6e85fd5c61a82a22719fa4e84f91d242&q=Oscar%20Peterson%20Trio%20We%20Get%20Requests%20Quiet%20Nights%20Of%20Quiet%20Stars%20(Corcovado)&id=agltb3B1Yi1pbmNyDAsSBFNpdGUY2fgDDA HTTP/1.1" 200 267 - "RadioNinja/1.1 CFNetwork/485.10.2 Darwin/10.3.1,gzip(gfe),gzip(gfe)"
0.1.0.2 - - [17/Sep/2010:03:40:49 -0700] "POST /m/track/i HTTP/1.1" 200 124 "http://www.mopub-inc.com/m/ad?v=1&f=320x50&udid=86d31c6c6e85fd5c61a82a22719fa4e84f91d242&q=Oscar%20Peterson%20Trio%20We%20Get%20Requests%20Quiet%20Nights%20Of%20Quiet%20Stars%20(Corcovado)&id=agltb3B1Yi1pbmNyDAsSBFNpdGUY2fgDDA" "AppEngine-Google; (+http://code.google.com/appengine)"
2.90.72.85 - - [17/Sep/2010:03:40:50 -0700] "GET /m/ad?v=1&f=320x50&udid=42ec52690ae710906f5b7232509af8c4a826b81b&ll=26.991037,49.657922&q=Taxis:%20&id=agltb3B1Yi1pbmNyDAsSBFNpdGUY6ckDDA HTTP/1.1" 200 847 - "nearby-iphone/1.4 CFNetwork/485.2 Darwin/10.3.1,gzip(gfe),gzip(gfe)"
0.1.0.2 - - [17/Sep/2010:03:40:50 -0700] "POST /m/track/i HTTP/1.1" 200 124 "http://www.mopub-inc.com/m/ad?v=1&f=320x50&udid=42ec52690ae710906f5b7232509af8c4a826b81b&ll=26.991037,49.657922&q=Taxis:%20&id=agltb3B1Yi1pbmNyDAsSBFNpdGUY6ckDDA" "AppEngine-Google; (+http://code.google.com/appengine)"
2.90.72.85 - - [17/Sep/2010:03:40:58 -0700] "GET /m/ad?v=1&f=320x50&udid=42ec52690ae710906f5b7232509af8c4a826b81b&ll=26.989224,49.660544&q=Coffee&id=agltb3B1Yi1pbmNyDAsSBFNpdGUYsbIDDA HTTP/1.1" 200 846 - "nearby-iphone/1.4 CFNetwork/485.2 Darwin/10.3.1,gzip(gfe),gzip(gfe)"
0.1.0.2 - - [17/Sep/2010:03:40:58 -0700] "POST /m/track/i HTTP/1.1" 200 124 "http://www.mopub-inc.com/m/ad?v=1&f=320x50&udid=42ec52690ae710906f5b7232509af8c4a826b81b&ll=26.989224,49.660544&q=Coffee&id=agltb3B1Yi1pbmNyDAsSBFNpdGUYsbIDDA" "AppEngine-Google; (+http://code.google.com/appengine)"
66.249.71.71 - - [17/Sep/2010:03:40:59 -0700] "GET /m/ad?v=1&f=320x50&udid=42ec52690ae710906f5b7232509af8c4a826b81b&ll=26.989224,49.660544&q=Coffee&id=agltb3B1Yi1pbmNyDAsSBFNpdGUYsbIDDA HTTP/1.1" 200 634 - "Mediapartners-Google,gzip(gfe),gzip(gfe)"
2.90.72.85 - - [17/Sep/2010:03:41:09 -0700] "GET /m/ad?v=1&f=320x50&udid=42ec52690ae710906f5b7232509af8c4a826b81b&ll=26.989224,49.660544&q=Coffee:%20InterContinental%20Al%20Jubail%20&id=agltb3B1Yi1pbmNyDAsSBFNpdGUY6ckDDA HTTP/1.1" 200 875 - "nearby-iphone/1.4 CFNetwork/485.2 Darwin/10.3.1,gzip(gfe),gzip(gfe)"
0.1.0.2 - - [17/Sep/2010:03:41:09 -0700] "POST /m/track/i HTTP/1.1" 200 124 "http://www.mopub-inc.com/m/ad?v=1&f=320x50&udid=42ec52690ae710906f5b7232509af8c4a826b81b&ll=26.989224,49.660544&q=Coffee:%20InterContinental%20Al%20Jubail%20&id=agltb3B1Yi1pbmNyDAsSBFNpdGUY6ckDDA" "AppEngine-Google; (+http://code.google.com/appengine)"
66.249.71.97 - - [17/Sep/2010:03:41:10 -0700] "GET /m/ad?v=1&f=320x50&udid=42ec52690ae710906f5b7232509af8c4a826b81b&ll=26.989224,49.660544&q=Coffee:%20InterContinental%20Al%20Jubail%20&id=agltb3B1Yi1pbmNyDAsSBFNpdGUY6ckDDA HTTP/1.1" 200 656 - "Mediapartners-Google,gzip(gfe),gzip(gfe)"
94.195.86.203 - - [17/Sep/2010:03:44:27 -0700] "GET /m/ad?v=1&f=320x50&udid=1ec9e13a7a61cc5163b9b9c97f90be2b081746f0&q=(null)&id=agltb3B1Yi1pbmNyDAsSBFNpdGUY2fgDDA HTTP/1.1" 200 267 - "RadioNinja/1.1 CFNetwork/485.10.2 Darwin/10.3.1,gzip(gfe),gzip(gfe)"
0.1.0.2 - - [17/Sep/2010:03:44:27 -0700] "POST /m/track/i HTTP/1.1" 200 124 "http://www.mopub-inc.com/m/ad?v=1&f=320x50&udid=1ec9e13a7a61cc5163b9b9c97f90be2b081746f0&q=(null)&id=agltb3B1Yi1pbmNyDAsSBFNpdGUY2fgDDA" "AppEngine-Google; (+http://code.google.com/appengine)"
212.183.140.50 - - [17/Sep/2010:03:44:33 -0700] "GET /m/ad?v=1&f=320x50&udid=38be885feb3fb92a6c34b411235e5fe83ddce602&ll=51.474791,-2.504108&q=Retail%20Stores&id=agltb3B1Yi1pbmNyDAsSBFNpdGUYsbIDDA HTTP/1.1" 200 874 - "nearby-iphone/1.4 CFNetwork/459 Darwin/10.0.0d3,gzip(gfe),gzip(gfe)"
